Component: ARM Compiler 5.06 update 6 (build 750) Tool: armlink [4d35ed]

==============================================================================

Section Cross References

    dfu-cc.pb.o(.constdata) refers to dfu-cc.pb.o(.constdata) for dfu_hash_fields
    dfu-cc.pb.o(.constdata) refers to dfu-cc.pb.o(.constdata) for dfu_init_command_is_debug_default
    dfu-cc.pb.o(.constdata) refers to dfu-cc.pb.o(.constdata) for dfu_init_command_fields
    dfu-cc.pb.o(.constdata) refers to dfu-cc.pb.o(.constdata) for dfu_reset_command_fields
    dfu-cc.pb.o(.constdata) refers to dfu-cc.pb.o(.constdata) for dfu_command_fields
    dfu-cc.pb.o(.constdata) refers to dfu-cc.pb.o(.constdata) for dfu_command_fields
    dfu-cc.pb.o(.constdata) refers to dfu-cc.pb.o(.constdata) for dfu_signed_command_fields
    dfu_req_handling.o(i.dfu_data_write_handler) refers to dfu_req_handling.o(.data) for .data
    dfu_req_handling.o(i.dfu_decode_commmand) refers to pb_decode.o(i.pb_istream_from_buffer) for pb_istream_from_buffer
    dfu_req_handling.o(i.dfu_decode_commmand) refers to pb_decode.o(i.pb_decode) for pb_decode
    dfu_req_handling.o(i.dfu_decode_commmand) refers to nrf_dfu_settings.o(.bss) for s_dfu_settings
    dfu_req_handling.o(i.dfu_decode_commmand) refers to dfu_req_handling.o(.bss) for .bss
    dfu_req_handling.o(i.dfu_decode_commmand) refers to dfu_req_handling.o(i.pb_decoding_callback) for pb_decoding_callback
    dfu_req_handling.o(i.dfu_decode_commmand) refers to dfu_req_handling.o(.data) for .data
    dfu_req_handling.o(i.dfu_decode_commmand) refers to dfu-cc.pb.o(.constdata) for dfu_packet_fields
    dfu_req_handling.o(i.dfu_handle_prevalidate) refers to nrf_crypto.o(i.nrf_crypto_hash_compute) for nrf_crypto_hash_compute
    dfu_req_handling.o(i.dfu_handle_prevalidate) refers to memcpya.o(.text) for __aeabi_memcpy
    dfu_req_handling.o(i.dfu_handle_prevalidate) refers to nrf_crypto.o(i.nrf_crypto_verify) for nrf_crypto_verify
    dfu_req_handling.o(i.dfu_handle_prevalidate) refers to nrf_dfu_utils.o(i.nrf_dfu_find_cache) for nrf_dfu_find_cache
    dfu_req_handling.o(i.dfu_handle_prevalidate) refers to nrf_dfu_settings.o(.bss) for s_dfu_settings
    dfu_req_handling.o(i.dfu_handle_prevalidate) refers to dfu_req_handling.o(.bss) for .bss
    dfu_req_handling.o(i.dfu_handle_prevalidate) refers to dfu_req_handling.o(.data) for .data
    dfu_req_handling.o(i.dfu_handle_prevalidate) refers to dfu_req_handling.o(.constdata) for .constdata
    dfu_req_handling.o(i.nrf_dfu_command_req) refers to dfu_req_handling.o(i.__ARM_common_switch8) for __ARM_common_switch8
    dfu_req_handling.o(i.nrf_dfu_command_req) refers to memseta.o(.text) for __aeabi_memclr4
    dfu_req_handling.o(i.nrf_dfu_command_req) refers to memcpya.o(.text) for __aeabi_memcpy
    dfu_req_handling.o(i.nrf_dfu_command_req) refers to crc32.o(i.crc32_compute) for crc32_compute
    dfu_req_handling.o(i.nrf_dfu_command_req) refers to dfu_req_handling.o(i.dfu_decode_commmand) for dfu_decode_commmand
    dfu_req_handling.o(i.nrf_dfu_command_req) refers to dfu_req_handling.o(i.dfu_handle_prevalidate) for dfu_handle_prevalidate
    dfu_req_handling.o(i.nrf_dfu_command_req) refers to nrf_dfu_settings.o(i.nrf_dfu_settings_write) for nrf_dfu_settings_write
    dfu_req_handling.o(i.nrf_dfu_command_req) refers to nrf_dfu_settings.o(.bss) for s_dfu_settings
    dfu_req_handling.o(i.nrf_dfu_command_req) refers to dfu_req_handling.o(.data) for .data
    dfu_req_handling.o(i.nrf_dfu_command_req) refers to dfu_req_handling.o(.bss) for .bss
    dfu_req_handling.o(i.nrf_dfu_data_req) refers to dfu_req_handling.o(i.__ARM_common_switch8) for __ARM_common_switch8
    dfu_req_handling.o(i.nrf_dfu_data_req) refers to nrf_dfu_flash.o(i.nrf_dfu_flash_erase) for nrf_dfu_flash_erase
    dfu_req_handling.o(i.nrf_dfu_data_req) refers to crc32.o(i.crc32_compute) for crc32_compute
    dfu_req_handling.o(i.nrf_dfu_data_req) refers to memcpya.o(.text) for __aeabi_memcpy
    dfu_req_handling.o(i.nrf_dfu_data_req) refers to nrf_dfu_flash.o(i.nrf_dfu_flash_store) for nrf_dfu_flash_store
    dfu_req_handling.o(i.nrf_dfu_data_req) refers to nrf_dfu_settings.o(i.nrf_dfu_settings_write) for nrf_dfu_settings_write
    dfu_req_handling.o(i.nrf_dfu_data_req) refers to nrf_dfu.o(i.nrf_dfu_wait) for nrf_dfu_wait
    dfu_req_handling.o(i.nrf_dfu_data_req) refers to dfu_req_handling.o(i.nrf_dfu_postvalidate) for nrf_dfu_postvalidate
    dfu_req_handling.o(i.nrf_dfu_data_req) refers to dfu_req_handling.o(.data) for .data
    dfu_req_handling.o(i.nrf_dfu_data_req) refers to nrf_dfu_settings.o(.bss) for s_dfu_settings
    dfu_req_handling.o(i.nrf_dfu_data_req) refers to dfu_req_handling.o(i.dfu_data_write_handler) for dfu_data_write_handler
    dfu_req_handling.o(i.nrf_dfu_data_req) refers to dfu_req_handling.o(.bss) for .bss
    dfu_req_handling.o(i.nrf_dfu_postvalidate) refers to nrf_crypto.o(i.nrf_crypto_hash_compute) for nrf_crypto_hash_compute
[...]
    dfu_settings_write_callback              0x0003cae1   Thumb Code    20  nrf_dfu_settings.o(i.dfu_settings_write_callback)
    i.ecc_p256_verify                        0x0003caf8   Section        0  ecc.o(i.ecc_p256_verify)
    i.elapsed_ticks_acquire                  0x0003cb50   Section        0  app_timer.o(i.elapsed_ticks_acquire)
    elapsed_ticks_acquire                    0x0003cb51   Thumb Code    58  app_timer.o(i.elapsed_ticks_acquire)
    i.fs_erase                               0x0003cb90   Section        0  fstorage.o(i.fs_erase)
    i.fs_evt_handler                         0x0003cc0c   Section        0  nrf_dfu_flash.o(i.fs_evt_handler)
    fs_evt_handler                           0x0003cc0d   Thumb Code    40  nrf_dfu_flash.o(i.fs_evt_handler)
    i.fs_fake_init                           0x0003cc38   Section        0  fstorage.o(i.fs_fake_init)
    i.fs_queue_is_full                       0x0003cc4c   Section        0  fstorage.o(i.fs_queue_is_full)
    i.fs_store                               0x0003cc60   Section        0  fstorage.o(i.fs_store)
    i.fs_sys_event_handler                   0x0003cce4   Section        0  fstorage.o(i.fs_sys_event_handler)
    i.gap_params_init                        0x0003cd4c   Section        0  nrf_ble_dfu.o(i.gap_params_init)
    gap_params_init                          0x0003cd4d   Thumb Code    86  nrf_ble_dfu.o(i.gap_params_init)
    i.intern_softdevice_events_execute       0x0003cdac   Section        0  softdevice_handler.o(i.intern_softdevice_events_execute)
    i.is_conn_params_ok                      0x0003ce30   Section        0  ble_conn_params.o(i.is_conn_params_ok)
    is_conn_params_ok                        0x0003ce31   Thumb Code    24  ble_conn_params.o(i.is_conn_params_ok)
    i.is_manual_peripheral_setup_needed      0x0003ce4c   Section        0  system_nrf51.o(i.is_manual_peripheral_setup_needed)
    is_manual_peripheral_setup_needed        0x0003ce4d   Thumb Code    66  system_nrf51.o(i.is_manual_peripheral_setup_needed)
    i.is_word_aligned                        0x0003ce94   Section        0  ecc.o(i.is_word_aligned)
    is_word_aligned                          0x0003ce95   Thumb Code    12  ecc.o(i.is_word_aligned)
    i.iter_from_extension                    0x0003cea0   Section        0  pb_decode.o(i.iter_from_extension)
    iter_from_extension                      0x0003cea1   Thumb Code    44  pb_decode.o(i.iter_from_extension)
    i.list_deletions_handler                 0x0003cecc   Section        0  app_timer.o(i.list_deletions_handler)
    list_deletions_handler                   0x0003cecd   Thumb Code   162  app_timer.o(i.list_deletions_handler)
    i.list_insertions_handler                0x0003cf78   Section        0  app_timer.o(i.list_insertions_handler)
    list_insertions_handler                  0x0003cf79   Thumb Code   178  app_timer.o(i.list_insertions_handler)
    i.main                                   0x0003d034   Section        0  main.o(i.main)
    i.nrf_bootloader_app_start               0x0003d068   Section        0  nrf_bootloader_app_start.o(i.nrf_bootloader_app_start)
    i.nrf_bootloader_init                    0x0003d090   Section        0  nrf_bootloader.o(i.nrf_bootloader_init)
    i.nrf_crypto_hash_compute                0x0003d098   Section        0  nrf_crypto.o(i.nrf_crypto_hash_compute)
    i.nrf_crypto_verify                      0x0003d0e4   Section        0  nrf_crypto.o(i.nrf_crypto_verify)
    i.nrf_delay_us                           0x0003d110   Section        0  app_timer.o(i.nrf_delay_us)
    nrf_delay_us                             0x0003d111   Thumb Code    38  app_timer.o(i.nrf_delay_us)
    i.nrf_dfu_app_continue                   0x0003d140   Section        0  nrf_dfu_utils.o(i.nrf_dfu_app_continue)
    nrf_dfu_app_continue                     0x0003d141   Thumb Code   162  nrf_dfu_utils.o(i.nrf_dfu_app_continue)
    i.nrf_dfu_app_is_valid                   0x0003d1e8   Section        0  nrf_dfu_utils.o(i.nrf_dfu_app_is_valid)
    i.nrf_dfu_bl_continue                    0x0003d218   Section        0  nrf_dfu_utils.o(i.nrf_dfu_bl_continue)
    nrf_dfu_bl_continue                      0x0003d219   Thumb Code    52  nrf_dfu_utils.o(i.nrf_dfu_bl_continue)
    i.nrf_dfu_command_req                    0x0003d254   Section        0  dfu_req_handling.o(i.nrf_dfu_command_req)
    nrf_dfu_command_req                      0x0003d255   Thumb Code   264  dfu_req_handling.o(i.nrf_dfu_command_req)
    i.nrf_dfu_continue                       0x0003d370   Section        0  nrf_dfu_utils.o(i.nrf_dfu_continue)
    i.nrf_dfu_continue_bank                  0x0003d3a8   Section        0  nrf_dfu_utils.o(i.nrf_dfu_continue_bank)
    nrf_dfu_continue_bank                    0x0003d3a9   Thumb Code   106  nrf_dfu_utils.o(i.nrf_dfu_continue_bank)
    i.nrf_dfu_data_req                       0x0003d418   Section        0  dfu_req_handling.o(i.nrf_dfu_data_req)
    nrf_dfu_data_req                         0x0003d419   Thumb Code   612  dfu_req_handling.o(i.nrf_dfu_data_req)
    i.nrf_dfu_enter_check                    0x0003d690   Section        0  nrf_dfu.o(i.nrf_dfu_enter_check)
    i.nrf_dfu_find_cache                     0x0003d6c8   Section        0  nrf_dfu_utils.o(i.nrf_dfu_find_cache)
    i.nrf_dfu_flash_erase                    0x0003d73c   Section        0  nrf_dfu_flash.o(i.nrf_dfu_flash_erase)
    i.nrf_dfu_flash_init                     0x0003d7d0   Section        0  nrf_dfu_flash.o(i.nrf_dfu_flash_init)
    i.nrf_dfu_flash_store                    0x0003d800   Section        0  nrf_dfu_flash.o(i.nrf_dfu_flash_store)
    i.nrf_dfu_init                           0x0003d870   Section        0  nrf_dfu.o(i.nrf_dfu_init)
    i.nrf_dfu_invalidate_bank                0x0003d8fc   Section        0  nrf_dfu_utils.o(i.nrf_dfu_invalidate_bank)
    nrf_dfu_invalidate_bank                  0x0003d8fd   Thumb Code    20  nrf_dfu_utils.o(i.nrf_dfu_invalidate_bank)
    i.nrf_dfu_mbr_compare                    0x0003d914   Section        0  nrf_dfu_mbr.o(i.nrf_dfu_mbr_compare)
    i.nrf_dfu_mbr_copy_bl                    0x0003d930   Section        0  nrf_dfu_mbr.o(i.nrf_dfu_mbr_copy_bl)
    i.nrf_dfu_mbr_copy_sd                    0x0003d944   Section        0  nrf_dfu_mbr.o(i.nrf_dfu_mbr_copy_sd)
    i.nrf_dfu_mbr_init_sd                    0x0003d96c   Section        0  nrf_dfu_mbr.o(i.nrf_dfu_mbr_init_sd)
    i.nrf_dfu_postvalidate                   0x0003d984   Section        0  dfu_req_handling.o(i.nrf_dfu_postvalidate)
    nrf_dfu_postvalidate                     0x0003d985   Thumb Code   232  dfu_req_handling.o(i.nrf_dfu_postvalidate)
    i.nrf_dfu_req_handler_init               0x0003da7c   Section        0  dfu_req_handling.o(i.nrf_dfu_req_handler_init)
    i.nrf_dfu_req_handler_on_req             0x0003dad8   Section        0  dfu_req_handling.o(i.nrf_dfu_req_handler_on_req)
    i.nrf_dfu_sd_continue_impl               0x0003db14   Section        0  nrf_dfu_utils.o(i.nrf_dfu_sd_continue_impl)
    nrf_dfu_sd_continue_impl                 0x0003db15   Thumb Code   108  nrf_dfu_utils.o(i.nrf_dfu_sd_continue_impl)
    i.nrf_dfu_settings_calculate_crc         0x0003db88   Section        0  nrf_dfu_settings.o(i.nrf_dfu_settings_calculate_crc)
    i.nrf_dfu_settings_init                  0x0003db9c   Section        0  nrf_dfu_settings.o(i.nrf_dfu_settings_init)
    i.nrf_dfu_settings_write                 0x0003dbec   Section        0  nrf_dfu_settings.o(i.nrf_dfu_settings_write)
    i.nrf_dfu_transports_close               0x0003dc60   Section        0  nrf_dfu_transport.o(i.nrf_dfu_transports_close)
    i.nrf_dfu_transports_init                0x0003dc8c   Section        0  nrf_dfu_transport.o(i.nrf_dfu_transports_init)
    i.nrf_dfu_wait                           0x0003dcb8   Section        0  nrf_dfu.o(i.nrf_dfu_wait)
    i.nrf_drv_rng_stop                       0x0003dcc0   Section        0  nrf_drv_rng.o(i.nrf_drv_rng_stop)
    nrf_drv_rng_stop                         0x0003dcc1   Thumb Code    12  nrf_drv_rng.o(i.nrf_drv_rng_stop)
    i.nrf_gpio_cfg                           0x0003dcd4   Section        0  boards.o(i.nrf_gpio_cfg)
    nrf_gpio_cfg                             0x0003dcd5   Thumb Code    40  boards.o(i.nrf_gpio_cfg)
    i.nrf_gpio_cfg_output                    0x0003dcfc   Section        0  nrf_ble_dfu.o(i.nrf_gpio_cfg_output)
    nrf_gpio_cfg_output                      0x0003dcfd   Thumb Code    20  nrf_ble_dfu.o(i.nrf_gpio_cfg_output)
    i.nrf_gpio_pin_set                       0x0003dd10   Section        0  nrf_ble_dfu.o(i.nrf_gpio_pin_set)
    nrf_gpio_pin_set                         0x0003dd11   Thumb Code    10  nrf_ble_dfu.o(i.nrf_gpio_pin_set)
    i.nrf_gpio_pin_write                     0x0003dd20   Section        0  boards.o(i.nrf_gpio_pin_write)
    nrf_gpio_pin_write                       0x0003dd21   Thumb Code    18  boards.o(i.nrf_gpio_pin_write)
    i.nrf_nvmc_page_erase                    0x0003dd38   Section        0  nrf_nvmc.o(i.nrf_nvmc_page_erase)
    i.nrf_nvmc_write_words                   0x0003dd64   Section        0  nrf_nvmc.o(i.nrf_nvmc_write_words)
    i.nrf_queue_is_full                      0x0003dda0   Section        0  nrf_queue.o(i.nrf_queue_is_full)
    i.nrf_queue_next_idx                     0x0003ddbe   Section        0  nrf_queue.o(i.nrf_queue_next_idx)
    nrf_queue_next_idx                       0x0003ddbf   Thumb Code    14  nrf_queue.o(i.nrf_queue_next_idx)
    i.nrf_queue_push                         0x0003ddcc   Section        0  nrf_queue.o(i.nrf_queue_push)
    i.on_ble_evt                             0x0003de7c   Section        0  nrf_ble_dfu.o(i.on_ble_evt)
    on_ble_evt                               0x0003de7d   Thumb Code   202  nrf_ble_dfu.o(i.on_ble_evt)
    i.on_ctrl_pt_write                       0x0003df54   Section        0  nrf_ble_dfu.o(i.on_ctrl_pt_write)
    on_ctrl_pt_write                         0x0003df55   Thumb Code   248  nrf_ble_dfu.o(i.on_ctrl_pt_write)
    i.on_dfu_complete                        0x0003e050   Section        0  dfu_req_handling.o(i.on_dfu_complete)
    on_dfu_complete                          0x0003e051   Thumb Code    22  dfu_req_handling.o(i.on_dfu_complete)
    i.on_operation_success                   0x0003e070   Section        0  fstorage.o(i.on_operation_success)
    on_operation_success                     0x0003e071   Thumb Code    80  fstorage.o(i.on_operation_success)
    i.on_rw_authorize_req                    0x0003e0c4   Section        0  nrf_ble_dfu.o(i.on_rw_authorize_req)
    on_rw_authorize_req                      0x0003e0c5   Thumb Code   138  nrf_ble_dfu.o(i.on_rw_authorize_req)
    i.on_write                               0x0003e154   Section        0  nrf_ble_dfu.o(i.on_write)
    on_write                                 0x0003e155   Thumb Code    90  nrf_ble_dfu.o(i.on_write)
    i.pb_dec_bytes                           0x0003e1b4   Section        0  pb_decode.o(i.pb_dec_bytes)
    pb_dec_bytes                             0x0003e1b5   Thumb Code    62  pb_decode.o(i.pb_dec_bytes)
    i.pb_dec_fixed32                         0x0003e1f2   Section        0  pb_decode.o(i.pb_dec_fixed32)
    pb_dec_fixed32                           0x0003e1f3   Thumb Code    10  pb_decode.o(i.pb_dec_fixed32)
    i.pb_dec_fixed64                         0x0003e1fc   Section        0  pb_decode.o(i.pb_dec_fixed64)
    pb_dec_fixed64                           0x0003e1fd   Thumb Code    10  pb_decode.o(i.pb_dec_fixed64)
    i.pb_dec_string                          0x0003e206   Section        0  pb_decode.o(i.pb_dec_string)
    pb_dec_string                            0x0003e207   Thumb Code    60  pb_decode.o(i.pb_dec_string)
    i.pb_dec_submessage                      0x0003e242   Section        0  pb_decode.o(i.pb_dec_submessage)
    pb_dec_submessage                        0x0003e243   Thumb Code    62  pb_decode.o(i.pb_dec_submessage)
    i.pb_dec_svarint                         0x0003e280   Section        0  pb_decode.o(i.pb_dec_svarint)
    pb_dec_svarint                           0x0003e281   Thumb Code    86  pb_decode.o(i.pb_dec_svarint)
    i.pb_dec_uvarint                         0x0003e2d6   Section        0  pb_decode.o(i.pb_dec_uvarint)
    pb_dec_uvarint                           0x0003e2d7   Thumb Code    86  pb_decode.o(i.pb_dec_uvarint)
    i.pb_dec_varint                          0x0003e32c   Section        0  pb_decode.o(i.pb_dec_varint)
    pb_dec_varint                            0x0003e32d   Thumb Code    86  pb_decode.o(i.pb_dec_varint)
    i.pb_decode                              0x0003e382   Section        0  pb_decode.o(i.pb_decode)
    i.pb_decode_fixed32                      0x0003e39e   Section        0  pb_decode.o(i.pb_decode_fixed32)
    i.pb_decode_fixed64                      0x0003e3c2   Section        0  pb_decode.o(i.pb_decode_fixed64)
    i.pb_decode_noinit                       0x0003e41c   Section        0  pb_decode.o(i.pb_decode_noinit)
    i.pb_decode_svarint                      0x0003e5aa   Section        0  pb_decode.o(i.pb_decode_svarint)
    i.pb_decode_tag                          0x0003e5e0   Section        0  pb_decode.o(i.pb_decode_tag)
    i.pb_decode_varint                       0x0003e626   Section        0  pb_decode.o(i.pb_decode_varint)
    i.pb_decode_varint32                     0x0003e66c   Section        0  pb_decode.o(i.pb_decode_varint32)
    pb_decode_varint32                       0x0003e66d   Thumb Code    76  pb_decode.o(i.pb_decode_varint32)
    i.pb_decoding_callback                   0x0003e6b8   Section        0  dfu_req_handling.o(i.pb_decoding_callback)
    pb_decoding_callback                     0x0003e6b9   Thumb Code    26  dfu_req_handling.o(i.pb_decoding_callback)
    i.pb_field_iter_begin                    0x0003e6dc   Section        0  pb_common.o(i.pb_field_iter_begin)
    i.pb_field_iter_find                     0x0003e6fe   Section        0  pb_common.o(i.pb_field_iter_find)
    i.pb_field_iter_next                     0x0003e72c   Section        0  pb_common.o(i.pb_field_iter_next)
    i.pb_field_set_to_default                0x0003e7ae   Section        0  pb_decode.o(i.pb_field_set_to_default)
    pb_field_set_to_default                  0x0003e7af   Thumb Code   152  pb_decode.o(i.pb_field_set_to_default)
    i.pb_istream_from_buffer                 0x0003e848   Section        0  pb_decode.o(i.pb_istream_from_buffer)
    i.pb_make_string_substream               0x0003e858   Section        0  pb_decode.o(i.pb_make_string_substream)
    i.pb_message_set_to_defaults             0x0003e88e   Section        0  pb_decode.o(i.pb_message_set_to_defaults)
    pb_message_set_to_defaults               0x0003e88f   Thumb Code    38  pb_decode.o(i.pb_message_set_to_defaults)
    i.pb_read                                0x0003e8b4   Section        0  pb_decode.o(i.pb_read)
    i.pb_readbyte                            0x0003e910   Section        0  pb_decode.o(i.pb_readbyte)
    pb_readbyte                              0x0003e911   Thumb Code    32  pb_decode.o(i.pb_readbyte)
    i.pb_skip_field                          0x0003e930   Section        0  pb_decode.o(i.pb_skip_field)
    i.queue_advance                          0x0003e98c   Section        0  fstorage.o(i.queue_advance)
    queue_advance                            0x0003e98d   Thumb Code    36  fstorage.o(i.queue_advance)
    i.queue_get_next_free                    0x0003e9b8   Section        0  fstorage.o(i.queue_get_next_free)
    queue_get_next_free                      0x0003e9b9   Thumb Code    50  fstorage.o(i.queue_get_next_free)
    i.queue_process                          0x0003e9f0   Section        0  fstorage.o(i.queue_process)
    queue_process                            0x0003e9f1   Thumb Code   100  fstorage.o(i.queue_process)
    i.queue_start                            0x0003ea5c   Section        0  fstorage.o(i.queue_start)
    queue_start                              0x0003ea5d   Thumb Code    24  fstorage.o(i.queue_start)
    i.queue_utilization_get                  0x0003ea78   Section        0  nrf_queue.o(i.queue_utilization_get)
    queue_utilization_get                    0x0003ea79   Thumb Code    22  nrf_queue.o(i.queue_utilization_get)
    i.read_raw_value                         0x0003ea8e   Section        0  pb_decode.o(i.read_raw_value)
    read_raw_value                           0x0003ea8f   Thumb Code    94  pb_decode.o(i.read_raw_value)
    i.response_crc_cmd_send                  0x0003eaec   Section        0  nrf_ble_dfu.o(i.response_crc_cmd_send)
    response_crc_cmd_send                    0x0003eaed   Thumb Code    70  nrf_ble_dfu.o(i.response_crc_cmd_send)
    i.response_select_object_cmd_send        0x0003eb40   Section        0  nrf_ble_dfu.o(i.response_select_object_cmd_send)
    response_select_object_cmd_send          0x0003eb41   Thumb Code    84  nrf_ble_dfu.o(i.response_select_object_cmd_send)
    i.response_send                          0x0003eba0   Section        0  nrf_ble_dfu.o(i.response_send)
    response_send                            0x0003eba1   Thumb Code    44  nrf_ble_dfu.o(i.response_send)
    i.rtc1_stop                              0x0003ebd8   Section        0  app_timer.o(i.rtc1_stop)
    rtc1_stop                                0x0003ebd9   Thumb Code    50  app_timer.o(i.rtc1_stop)
    i.sd_nvic_EnableIRQ                      0x0003ec1c   Section        0  softdevice_handler.o(i.sd_nvic_EnableIRQ)
    sd_nvic_EnableIRQ                        0x0003ec1d   Thumb Code   112  softdevice_handler.o(i.sd_nvic_EnableIRQ)
    i.send_event                             0x0003eca0   Section        0  fstorage.o(i.send_event)
    send_event                               0x0003eca1   Thumb Code    72  fstorage.o(i.send_event)
    i.send_hvx                               0x0003ece8   Section        0  nrf_ble_dfu.o(i.send_hvx)
    send_hvx                                 0x0003ece9   Thumb Code    34  nrf_ble_dfu.o(i.send_hvx)
    i.sha256_final                           0x0003ed10   Section        0  sha256.o(i.sha256_final)
    i.sha256_init                            0x0003ee20   Section        0  sha256.o(i.sha256_init)
    i.sha256_transform                       0x0003ee74   Section        0  sha256.o(i.sha256_transform)
    i.sha256_update                          0x0003efd8   Section        0  sha256.o(i.sha256_update)
    i.softdevice_ble_evt_handler_set         0x0003f028   Section        0  softdevice_handler.o(i.softdevice_ble_evt_handler_set)
    i.softdevice_enable                      0x0003f03c   Section        0  softdevice_handler.o(i.softdevice_enable)
    i.softdevice_enable_get_default_config   0x0003f050   Section        0  softdevice_handler.o(i.softdevice_enable_get_default_config)
    i.softdevice_evt_get                     0x0003f078   Section        0  softdevice_handler_appsh.o(i.softdevice_evt_get)
    i.softdevice_evt_schedule                0x0003f08c   Section        0  softdevice_handler_appsh.o(i.softdevice_evt_schedule)
    i.softdevice_fault_handler               0x0003f0a0   Section        0  softdevice_handler.o(i.softdevice_fault_handler)
    i.softdevice_handler_init                0x0003f0a8   Section        0  softdevice_handler.o(i.softdevice_handler_init)
    i.softdevice_handler_is_enabled          0x0003f100   Section        0  softdevice_handler.o(i.softdevice_handler_is_enabled)
    i.softdevice_sys_evt_handler_set         0x0003f10c   Section        0  softdevice_handler.o(i.softdevice_sys_evt_handler_set)
    i.timer_list_handler                     0x0003f120   Section        0  app_timer.o(i.timer_list_handler)
    timer_list_handler                       0x0003f121   Thumb Code   128  app_timer.o(i.timer_list_handler)
    i.timer_list_handler_sched               0x0003f1a4   Section        0  app_timer.o(i.timer_list_handler_sched)
    timer_list_handler_sched                 0x0003f1a5   Thumb Code    10  app_timer.o(i.timer_list_handler_sched)
    i.timer_list_insert                      0x0003f1b4   Section        0  app_timer.o(i.timer_list_insert)
    timer_list_insert                        0x0003f1b5   Thumb Code    60  app_timer.o(i.timer_list_insert)
    i.timer_stop_op_schedule                 0x0003f1f4   Section        0  app_timer.o(i.timer_stop_op_schedule)
    timer_stop_op_schedule                   0x0003f1f5   Thumb Code    68  app_timer.o(i.timer_stop_op_schedule)
    i.timer_timeouts_check                   0x0003f23c   Section        0  app_timer.o(i.timer_timeouts_check)
    timer_timeouts_check                     0x0003f23d   Thumb Code   118  app_timer.o(i.timer_timeouts_check)
    i.uint32_encode                          0x0003f2bc   Section        0  nrf_ble_dfu.o(i.uint32_encode)
    uint32_encode                            0x0003f2bd   Thumb Code    18  nrf_ble_dfu.o(i.uint32_encode)
    i.update_timeout_handler                 0x0003f2d0   Section        0  ble_conn_params.o(i.update_timeout_handler)
    update_timeout_handler                   0x0003f2d1   Thumb Code    86  ble_conn_params.o(i.update_timeout_handler)
    i.user_op_alloc                          0x0003f334   Section        0  app_timer.o(i.user_op_alloc)
    user_op_alloc                            0x0003f335   Thumb Code    40  app_timer.o(i.user_op_alloc)
    i.wait_for_queue                         0x0003f360   Section        0  nrf_dfu_settings.o(i.wait_for_queue)
    wait_for_queue                           0x0003f361   Thumb Code    18  nrf_dfu_settings.o(i.wait_for_queue)
    .constdata                               0x0003f372   Section        1  dfu-cc.pb.o(.constdata)
    .constdata                               0x0003f374   Section       36  dfu-cc.pb.o(.constdata)
    .constdata                               0x0003f398   Section      120  dfu-cc.pb.o(.constdata)
    .constdata                               0x0003f410   Section       24  dfu-cc.pb.o(.constdata)
    .constdata                               0x0003f428   Section       48  dfu-cc.pb.o(.constdata)
    .constdata                               0x0003f458   Section       48  dfu-cc.pb.o(.constdata)
    .constdata                               0x0003f488   Section       36  dfu-cc.pb.o(.constdata)
    .constdata                               0x0003f4ac   Section       64  dfu_public_key.o(.constdata)
    .constdata                               0x0003f4ec   Section        8  dfu_req_handling.o(.constdata)
    crypto_key_pk                            0x0003f4ec   Data           8  dfu_req_handling.o(.constdata)
    .constdata                               0x0003f4f4   Section        8  boards.o(.constdata)
    m_board_led_list                         0x0003f4f4   Data           4  boards.o(.constdata)
    m_board_btn_list                         0x0003f4f8   Data           4  boards.o(.constdata)
    .constdata                               0x0003f4fc   Section        4  ble_conn_params.o(.constdata)
    m_conn_params_timer_id                   0x0003f4fc   Data           4  ble_conn_params.o(.constdata)
    .constdata                               0x0003f500   Section       20  nrf_ble_dfu.o(.constdata)
    .constdata                               0x0003f514   Section       16  nrf_dfu_flash.o(.constdata)
    .constdata                               0x0003f524   Section       64  nrf_dfu_mbr.o(.constdata)
    .constdata                               0x0003f564   Section       24  nrf_drv_rng.o(.constdata)
    m_default_config                         0x0003f564   Data           2  nrf_drv_rng.o(.constdata)
    m_rand_pool                              0x0003f568   Data          20  nrf_drv_rng.o(.constdata)
    .constdata                               0x0003f57c   Section      256  sha256.o(.constdata)
    k                                        0x0003f57c   Data         256  sha256.o(.constdata)
    .constdata                               0x0003f67c   Section       36  pb_decode.o(.constdata)
    PB_DECODERS                              0x0003f67c   Data          36  pb_decode.o(.constdata)
    [Anonymous Symbol]                       0x0003f6a0   Section        0  micro_ecc_lib_uECC.c.o(.rodata.curve_secp256r1)
    curve_secp256r1                          0x0003f6a0   Data         176  micro_ecc_lib_uECC.c.o(.rodata.curve_secp256r1)
    dfu_trans                                0x0003f770   Section        8  nrf_ble_dfu.o(dfu_trans)
    __tagsym$$used                           0x0003f770   Number         0  nrf_ble_dfu.o(dfu_trans)
    dfu_trans                                0x0003f770   Data           8  nrf_ble_dfu.o(dfu_trans)
    .ARM.__AT_0x0003FC00                     0x0003fc00   Section     1024  nrf_dfu_settings.o(.ARM.__AT_0x0003FC00)
    __tagsym$$used                           0x0003fc00   Number         0  nrf_dfu_settings.o(.ARM.__AT_0x0003FC00)
    .ARM.__AT_0x10001014                     0x10001014   Section        4  nrf_bootloader_info.o(.ARM.__AT_0x10001014)
    .data                                    0x20002c00   Section       36  dfu_req_handling.o(.data)
    cur_obj_type                             0x20002c00   Data           1  dfu_req_handling.o(.data)
    m_current_data_buffer                    0x20002c01   Data           1  dfu_req_handling.o(.data)
    m_valid_init_packet_present              0x20002c02   Data           1  dfu_req_handling.o(.data)
    m_data_buf_pos                           0x20002c04   Data           2  dfu_req_handling.o(.data)
    m_flash_operations_pending               0x20002c08   Data           4  dfu_req_handling.o(.data)
    m_firmware_start_addr                    0x20002c0c   Data           4  dfu_req_handling.o(.data)
    m_firmware_size_req                      0x20002c10   Data           4  dfu_req_handling.o(.data)
    crypto_sig                               0x20002c14   Data           8  dfu_req_handling.o(.data)
    hash_data                                0x20002c1c   Data           8  dfu_req_handling.o(.data)
    .data                                    0x20002c24   Section       20  ble_conn_params.o(.data)
    m_change_param                           0x20002c24   Data           1  ble_conn_params.o(.data)
    m_update_count                           0x20002c25   Data           1  ble_conn_params.o(.data)
    m_conn_handle                            0x20002c26   Data           2  ble_conn_params.o(.data)
    m_preferred_conn_params                  0x20002c28   Data           8  ble_conn_params.o(.data)
    m_current_conn_params                    0x20002c30   Data           8  ble_conn_params.o(.data)
    .data                                    0x20002c38   Section       12  nrf_ble_dfu.o(.data)
    m_conn_handle                            0x20002c38   Data           2  nrf_ble_dfu.o(.data)
    m_pkt_notif_target                       0x20002c3a   Data           2  nrf_ble_dfu.o(.data)
    m_pkt_notif_target_cnt                   0x20002c3c   Data           2  nrf_ble_dfu.o(.data)
    m_flags                                  0x20002c40   Data           4  nrf_ble_dfu.o(.data)
    .data                                    0x20002c44   Section        4  nrf_dfu_flash.o(.data)
    m_flags                                  0x20002c44   Data           4  nrf_dfu_flash.o(.data)
    .data                                    0x20002c48   Section        8  nrf_dfu_settings.o(.data)
    flash_operation_pending                  0x20002c48   Data           1  nrf_dfu_settings.o(.data)
    m_callback                               0x20002c4c   Data           4  nrf_dfu_settings.o(.data)
    .data                                    0x20002c50   Section       16  app_scheduler.o(.data)
    m_queue_start_index                      0x20002c50   Data           1  app_scheduler.o(.data)
    m_queue_end_index                        0x20002c51   Data           1  app_scheduler.o(.data)
    m_queue_event_size                       0x20002c52   Data           2  app_scheduler.o(.data)
    m_queue_size                             0x20002c54   Data           2  app_scheduler.o(.data)
    m_queue_event_headers                    0x20002c58   Data           4  app_scheduler.o(.data)
    m_queue_event_data                       0x20002c5c   Data           4  app_scheduler.o(.data)
    .data                                    0x20002c60   Section       32  app_timer.o(.data)
    m_ticks_elapsed_q_read_ind               0x20002c60   Data           1  app_timer.o(.data)
    m_ticks_elapsed_q_write_ind              0x20002c61   Data           1  app_timer.o(.data)
    m_rtc1_running                           0x20002c62   Data           1  app_timer.o(.data)
    m_rtc1_reset                             0x20002c63   Data           1  app_timer.o(.data)
    mp_timer_id_head                         0x20002c64   Data           4  app_timer.o(.data)
    m_ticks_latest                           0x20002c68   Data           4  app_timer.o(.data)
    m_evt_schedule_func                      0x20002c6c   Data           4  app_timer.o(.data)
    m_op_queue                               0x20002c70   Data           8  app_timer.o(.data)
    m_ticks_elapsed                          0x20002c78   Data           8  app_timer.o(.data)
    .data                                    0x20002c80   Section       12  app_util_platform.o(.data)
    m_in_critical_region                     0x20002c80   Data           4  app_util_platform.o(.data)
    .data                                    0x20002c8c   Section        2  fstorage.o(.data)
    m_flags                                  0x20002c8c   Data           1  fstorage.o(.data)
    m_retry_count                            0x20002c8d   Data           1  fstorage.o(.data)
    .data                                    0x20002c90   Section       20  softdevice_handler.o(.data)
    m_softdevice_enabled                     0x20002c90   Data           1  softdevice_handler.o(.data)
    m_suspended                              0x20002c91   Data           1  softdevice_handler.o(.data)
    m_ble_evt_buffer_size                    0x20002c92   Data           2  softdevice_handler.o(.data)
    m_evt_schedule_func                      0x20002c94   Data           4  softdevice_handler.o(.data)
    mp_ble_evt_buffer                        0x20002c98   Data           4  softdevice_handler.o(.data)
    m_ble_evt_handler                        0x20002c9c   Data           4  softdevice_handler.o(.data)
    m_sys_evt_handler                        0x20002ca0   Data           4  softdevice_handler.o(.data)
    .data                                    0x20002ca4   Section        4  system_nrf51.o(.data)
    __tagsym$$used                           0x20002ca4   Number         0  system_nrf51.o(.data)
    fs_data                                  0x20002ca8   Section       16  nrf_dfu_flash.o(fs_data)
    __tagsym$$used                           0x20002ca8   Number         0  nrf_dfu_flash.o(fs_data)
    fs_dfu_config                            0x20002ca8   Data          16  nrf_dfu_flash.o(fs_data)
    .bss                                     0x20002cb8   Section     1436  dfu_req_handling.o(.bss)
    packet                                   0x20002cb8   Data         300  dfu_req_handling.o(.bss)
    m_data_buf                               0x20002de4   Data        1024  dfu_req_handling.o(.bss)
    hash                                     0x200031e4   Data          32  dfu_req_handling.o(.bss)
    sig                                      0x20003204   Data          64  dfu_req_handling.o(.bss)
    stream                                   0x20003244   Data          16  dfu_req_handling.o(.bss)
    .bss                                     0x20003254   Section       32  ble_conn_params.o(.bss)
    m_conn_params_timer_id_data              0x20003254   Data          32  ble_conn_params.o(.bss)
    .bss                                     0x20003274   Section       28  ble_conn_params.o(.bss)
    m_conn_params_config                     0x20003274   Data          28  ble_conn_params.o(.bss)
    .bss                                     0x20003290   Section      107  nrf_ble_dfu.o(.bss)
    BLE_EVT_BUFFER                           0x20003290   Data          72  nrf_ble_dfu.o(.bss)
    m_dfu                                    0x200032d8   Data          20  nrf_ble_dfu.o(.bss)
    m_notif_buffer                           0x200032ec   Data          15  nrf_ble_dfu.o(.bss)
    .bss                                     0x200032fc   Section      456  nrf_dfu.o(.bss)
    APP_TIMER_BUF                            0x200032fc   Data         120  nrf_dfu.o(.bss)
    APP_SCHED_BUF                            0x20003374   Data         336  nrf_dfu.o(.bss)
    .bss                                     0x200034c4   Section      696  nrf_dfu_settings.o(.bss)
    temp_dfu_settings                        0x200034c4   Data         348  nrf_dfu_settings.o(.bss)
    .bss                                     0x2000377c   Section       33  nrf_drv_rng.o(.bss)
    m_rand_pool_nrf_queue_buffer             0x2000377c   Data          33  nrf_drv_rng.o(.bss)
    .bss                                     0x200037a0   Section       12  nrf_drv_rng.o(.bss)
    m_rand_pool_nrf_queue_cb                 0x200037a0   Data          12  nrf_drv_rng.o(.bss)
    .bss                                     0x200037ac   Section      104  fstorage.o(.bss)
    m_queue                                  0x200037ac   Data         104  fstorage.o(.bss)
    STACK                                    0x20003818   Section     2048  arm_startup_nrf51.o(STACK)

    Global Symbols

    Symbol Name                              Value     Ov Type        Size  Object(Section)

    BuildAttributes$$THM_ISAv3M$S$PE$A:L22$X:L11$S22$IEEE1$IW$USESV6$~STKCKD$USESV7$~SHL$OSPACE$IEEEX$EBA8$MICROLIB$REQ8$PRES8$EABIv2 0x00000000   Number         0  anon$$obj.o ABSOLUTE
    __ARM_use_no_argv                        0x00000000   Number         0  main.o ABSOLUTE
    __cpp_initialize__aeabi_                  - Undefined Weak Reference
    __cxa_finalize                            - Undefined Weak Reference
    __decompress                              - Undefined Weak Reference
    _clock_init                               - Undefined Weak Reference
    _microlib_exit                            - Undefined Weak Reference
    __Vectors_Size                           0x000000c0   Number         0  arm_startup_nrf51.o ABSOLUTE
    Image$$ER_IROM1$$Base                    0x0003ac00   Number         0  anon$$obj.o ABSOLUTE
    __Vectors                                0x0003ac00   Data           4  arm_startup_nrf51.o(RESET)
    __Vectors_End                            0x0003acc0   Data           0  arm_startup_nrf51.o(RESET)
    __main                                   0x0003acc1   Thumb Code     0  entry.o(.ARM.Collect$$$$00000000)
    _main_stk                                0x0003acc1   Thumb Code     0  entry2.o(.ARM.Collect$$$$00000001)
    _main_scatterload                        0x0003acc5   Thumb Code     0  entry5.o(.ARM.Collect$$$$00000004)
    __main_after_scatterload                 0x0003acc9   Thumb Code     0  entry5.o(.ARM.Collect$$$$00000004)
    _main_clock                              0x0003acc9   Thumb Code     0  entry7b.o(.ARM.Collect$$$$00000008)
    _main_cpp_init                           0x0003acc9   Thumb Code     0  entry8b.o(.ARM.Collect$$$$0000000A)
    _main_init                               0x0003acc9   Thumb Code     0  entry9a.o(.ARM.Collect$$$$0000000B)
    __rt_final_cpp                           0x0003acd1   Thumb Code     0  entry10a.o(.ARM.Collect$$$$0000000D)
    __rt_final_exit                          0x0003acd1   Thumb Code     0  entry11a.o(.ARM.Collect$$$$0000000F)
    __asm___26_nrf_bootloader_app_start_c_5c9f33f9__nrf_bootloader_app_start_impl 0x0003acd5   Thumb Code    52  nrf_bootloader_app_start.o(.emb_text)
    Reset_Handler                            0x0003ad09   Thumb Code    26  arm_startup_nrf51.o(.text)
    NMI_Handler                              0x0003ad23   Thumb Code     2  arm_startup_nrf51.o(.text)
    HardFault_Handler                        0x0003ad25   Thumb Code     2  arm_startup_nrf51.o(.text)
    SVC_Handler                              0x0003ad27   Thumb Code     2  arm_startup_nrf51.o(.text)
    PendSV_Handler                           0x0003ad29   Thumb Code     2  arm_startup_nrf51.o(.text)
    SysTick_Handler                          0x0003ad2b   Thumb Code     2  arm_startup_nrf51.o(.text)
    ADC_IRQHandler                           0x0003ad2d   Thumb Code     0  arm_startup_nrf51.o(.text)
    CCM_AAR_IRQHandler                       0x0003ad2d   Thumb Code     0  arm_startup_nrf51.o(.text)
    ECB_IRQHandler                           0x0003ad2d   Thumb Code     0  arm_startup_nrf51.o(.text)
    GPIOTE_IRQHandler                        0x0003ad2d   Thumb Code     0  arm_startup_nrf51.o(.text)
    LPCOMP_IRQHandler                        0x0003ad2d   Thumb Code     0  arm_startup_nrf51.o(.text)
    POWER_CLOCK_IRQHandler                   0x0003ad2d   Thumb Code     0  arm_startup_nrf51.o(.text)
    QDEC_IRQHandler                          0x0003ad2d   Thumb Code     0  arm_startup_nrf51.o(.text)
    RADIO_IRQHandler                         0x0003ad2d   Thumb Code     0  arm_startup_nrf51.o(.text)
    RTC0_IRQHandler                          0x0003ad2d   Thumb Code     0  arm_startup_nrf51.o(.text)
    SPI0_TWI0_IRQHandler                     0x0003ad2d   Thumb Code     0  arm_startup_nrf51.o(.text)
    SPI1_TWI1_IRQHandler                     0x0003ad2d   Thumb Code     0  arm_startup_nrf51.o(.text)
    SWI1_IRQHandler                          0x0003ad2d   Thumb Code     0  arm_startup_nrf51.o(.text)
    SWI3_IRQHandler                          0x0003ad2d   Thumb Code     0  arm_startup_nrf51.o(.text)
    SWI4_IRQHandler                          0x0003ad2d   Thumb Code     0  arm_startup_nrf51.o(.text)
    SWI5_IRQHandler                          0x0003ad2d   Thumb Code     0  arm_startup_nrf51.o(.text)
    TEMP_IRQHandler                          0x0003ad2d   Thumb Code     0  arm_startup_nrf51.o(.text)
    TIMER0_IRQHandler                        0x0003ad2d   Thumb Code     0  arm_startup_nrf51.o(.text)
    TIMER1_IRQHandler                        0x0003ad2d   Thumb Code     0  arm_startup_nrf51.o(.text)
    TIMER2_IRQHandler                        0x0003ad2d   Thumb Code     0  arm_startup_nrf51.o(.text)
    UART0_IRQHandler                         0x0003ad2d   Thumb Code     0  arm_startup_nrf51.o(.text)
    WDT_IRQHandler                           0x0003ad2d   Thumb Code     0  arm_startup_nrf51.o(.text)
    __aeabi_llsl                             0x0003ad41   Thumb Code    32  llshl.o(.text)
    _ll_shift_l                              0x0003ad41   Thumb Code     0  llshl.o(.text)
    __aeabi_memcpy                           0x0003ad61   Thumb Code    36  memcpya.o(.text)
    __aeabi_memcpy4                          0x0003ad61   Thumb Code     0  memcpya.o(.text)
    __aeabi_memcpy8                          0x0003ad61   Thumb Code     0  memcpya.o(.text)
    __aeabi_memset                           0x0003ad85   Thumb Code    14  memseta.o(.text)
    __aeabi_memset4                          0x0003ad85   Thumb Code     0  memseta.o(.text)
    __aeabi_memset8                          0x0003ad85   Thumb Code     0  memseta.o(.text)
    __aeabi_memclr                           0x0003ad93   Thumb Code     4  memseta.o(.text)
    __aeabi_memclr4                          0x0003ad93   Thumb Code     0  memseta.o(.text)
    __aeabi_memclr8                          0x0003ad93   Thumb Code     0  memseta.o(.text)
    memset                                   0x0003ad97   Thumb Code    18  memseta.o(.text)
    memcmp                                   0x0003ada9   Thumb Code    26  memcmp.o(.text)
    __aeabi_uread4                           0x0003adc3   Thumb Code    20  uread4.o(.text)
    __rt_uread4                              0x0003adc3   Thumb Code     0  uread4.o(.text)
    _uread4                                  0x0003adc3   Thumb Code     0  uread4.o(.text)
    __scatterload                            0x0003add9   Thumb Code    28  init.o(.text)
    __scatterload_rt2                        0x0003add9   Thumb Code     0  init.o(.text)
    uECC_secp256r1                           0x0003b0f5   Thumb Code     8  micro_ecc_lib_uECC.c.o(.text.uECC_secp256r1)
    uECC_verify                              0x0003b0fd   Thumb Code   690  micro_ecc_lib_uECC.c.o(.text.uECC_verify)
    uECC_vli_add                             0x0003b3b1   Thumb Code    88  micro_ecc_lib_uECC.c.o(.text.uECC_vli_add)
    uECC_vli_clear                           0x0003b409   Thumb Code    24  micro_ecc_lib_uECC.c.o(.text.uECC_vli_clear)
    uECC_vli_equal                           0x0003b447   Thumb Code    36  micro_ecc_lib_uECC.c.o(.text.uECC_vli_equal)
    uECC_vli_isZero                          0x0003b46b   Thumb Code    30  micro_ecc_lib_uECC.c.o(.text.uECC_vli_isZero)
    uECC_vli_mmod                            0x0003b489   Thumb Code   288  micro_ecc_lib_uECC.c.o(.text.uECC_vli_mmod)
    uECC_vli_modAdd                          0x0003b5a9   Thumb Code    50  micro_ecc_lib_uECC.c.o(.text.uECC_vli_modAdd)
    uECC_vli_modInv                          0x0003b5db   Thumb Code   278  micro_ecc_lib_uECC.c.o(.text.uECC_vli_modInv)
    uECC_vli_modMult                         0x0003b6f1   Thumb Code    38  micro_ecc_lib_uECC.c.o(.text.uECC_vli_modMult)
    uECC_vli_modMult_fast                    0x0003b717   Thumb Code    32  micro_ecc_lib_uECC.c.o(.text.uECC_vli_modMult_fast)
    uECC_vli_modSquare_fast                  0x0003b737   Thumb Code    32  micro_ecc_lib_uECC.c.o(.text.uECC_vli_modSquare_fast)
    uECC_vli_modSub                          0x0003b757   Thumb Code    36  micro_ecc_lib_uECC.c.o(.text.uECC_vli_modSub)
    uECC_vli_mult                            0x0003b77b   Thumb Code   152  micro_ecc_lib_uECC.c.o(.text.uECC_vli_mult)
    uECC_vli_numBits                         0x0003b815   Thumb Code    68  micro_ecc_lib_uECC.c.o(.text.uECC_vli_numBits)
    uECC_vli_rshift1                         0x0003b859   Thumb Code    30  micro_ecc_lib_uECC.c.o(.text.uECC_vli_rshift1)
    uECC_vli_set                             0x0003b877   Thumb Code    24  micro_ecc_lib_uECC.c.o(.text.uECC_vli_set)
    uECC_vli_square                          0x0003b88f   Thumb Code   166  micro_ecc_lib_uECC.c.o(.text.uECC_vli_square)
    uECC_vli_sub                             0x0003b941   Thumb Code    92  micro_ecc_lib_uECC.c.o(.text.uECC_vli_sub)
    uECC_vli_testBit                         0x0003b99d   Thumb Code    18  micro_ecc_lib_uECC.c.o(.text.uECC_vli_testBit)
    RNG_IRQHandler                           0x0003bc5d   Thumb Code    80  nrf_drv_rng.o(i.RNG_IRQHandler)
    RTC1_IRQHandler                          0x0003bcbd   Thumb Code    28  app_timer.o(i.RTC1_IRQHandler)
    SWI0_IRQHandler                          0x0003bcdd   Thumb Code     8  app_timer.o(i.SWI0_IRQHandler)
    SWI2_IRQHandler                          0x0003bce5   Thumb Code    28  softdevice_handler.o(i.SWI2_IRQHandler)
    SystemInit                               0x0003bd05   Thumb Code   130  system_nrf51.o(i.SystemInit)
    __ARM_common_switch8                     0x0003bda5   Thumb Code    26  dfu_req_handling.o(i.__ARM_common_switch8)
    __scatterload_copy                       0x0003bdbf   Thumb Code    14  handlers.o(i.__scatterload_copy)
    __scatterload_null                       0x0003bdcd   Thumb Code     2  handlers.o(i.__scatterload_null)
    __scatterload_zeroinit                   0x0003bdcf   Thumb Code    14  handlers.o(i.__scatterload_zeroinit)
    app_error_fault_handler                  0x0003beb5   Thumb Code     4  main.o(i.app_error_fault_handler)
    app_error_handler_bare                   0x0003beb9   Thumb Code     4  main.o(i.app_error_handler_bare)
    app_sched_event_put                      0x0003bebd   Thumb Code   146  app_scheduler.o(i.app_sched_event_put)
    app_sched_execute                        0x0003bf59   Thumb Code    56  app_scheduler.o(i.app_sched_execute)
    app_sched_init                           0x0003bf95   Thumb Code    40  app_scheduler.o(i.app_sched_init)
    app_timer_create                         0x0003bfc1   Thumb Code    44  app_timer.o(i.app_timer_create)
    app_timer_evt_schedule                   0x0003c009   Thumb Code    18  app_timer_appsh.o(i.app_timer_evt_schedule)
    app_timer_init                           0x0003c021   Thumb Code    98  app_timer.o(i.app_timer_init)
    app_timer_start                          0x0003c095   Thumb Code   128  app_timer.o(i.app_timer_start)
    app_timer_stop                           0x0003c11d   Thumb Code    36  app_timer.o(i.app_timer_stop)
    app_util_critical_region_enter           0x0003c145   Thumb Code    48  app_util_platform.o(i.app_util_critical_region_enter)
    app_util_critical_region_exit            0x0003c181   Thumb Code    36  app_util_platform.o(i.app_util_critical_region_exit)
    ble_conn_params_init                     0x0003c1ad   Thumb Code    68  ble_conn_params.o(i.ble_conn_params_init)
    ble_conn_params_on_ble_evt               0x0003c201   Thumb Code   130  ble_conn_params.o(i.ble_conn_params_on_ble_evt)
    ble_conn_params_stop                     0x0003c291   Thumb Code    12  ble_conn_params.o(i.ble_conn_params_stop)
    ble_dfu_init                             0x0003c2a1   Thumb Code    88  nrf_ble_dfu.o(i.ble_dfu_init)
    ble_dfu_transport_close                  0x0003c305   Thumb Code   108  nrf_ble_dfu.o(i.ble_dfu_transport_close)
    ble_dfu_transport_init                   0x0003c385   Thumb Code   176  nrf_ble_dfu.o(i.ble_dfu_transport_init)
    ble_srv_is_notification_enabled          0x0003c461   Thumb Code    14  ble_srv_common.o(i.ble_srv_is_notification_enabled)
    bsp_board_led_off                        0x0003c471   Thumb Code    14  boards.o(i.bsp_board_led_off)
    bsp_board_led_on                         0x0003c485   Thumb Code    14  boards.o(i.bsp_board_led_on)
    bsp_board_leds_init                      0x0003c499   Thumb Code    36  boards.o(i.bsp_board_leds_init)
    bsp_board_leds_off                       0x0003c4c1   Thumb Code    18  boards.o(i.bsp_board_leds_off)
    crc32_compute                            0x0003c629   Thumb Code    56  crc32.o(i.crc32_compute)
    ecc_p256_verify                          0x0003caf9   Thumb Code    86  ecc.o(i.ecc_p256_verify)
    fs_erase                                 0x0003cb91   Thumb Code   118  fstorage.o(i.fs_erase)
    fs_fake_init                             0x0003cc39   Thumb Code    14  fstorage.o(i.fs_fake_init)
    fs_queue_is_full                         0x0003cc4d   Thumb Code    16  fstorage.o(i.fs_queue_is_full)
    fs_store                                 0x0003cc61   Thumb Code   128  fstorage.o(i.fs_store)
    fs_sys_event_handler                     0x0003cce5   Thumb Code    94  fstorage.o(i.fs_sys_event_handler)
    intern_softdevice_events_execute         0x0003cdad   Thumb Code   128  softdevice_handler.o(i.intern_softdevice_events_execute)
    main                                     0x0003d035   Thumb Code    44  main.o(i.main)
    nrf_bootloader_app_start                 0x0003d069   Thumb Code    34  nrf_bootloader_app_start.o(i.nrf_bootloader_app_start)
    nrf_bootloader_init                      0x0003d091   Thumb Code     8  nrf_bootloader.o(i.nrf_bootloader_init)
    nrf_crypto_hash_compute                  0x0003d099   Thumb Code    76  nrf_crypto.o(i.nrf_crypto_hash_compute)
    nrf_crypto_verify                        0x0003d0e5   Thumb Code    42  nrf_crypto.o(i.nrf_crypto_verify)
    nrf_dfu_app_is_valid                     0x0003d1e9   Thumb Code    44  nrf_dfu_utils.o(i.nrf_dfu_app_is_valid)
    nrf_dfu_continue                         0x0003d371   Thumb Code    46  nrf_dfu_utils.o(i.nrf_dfu_continue)
    nrf_dfu_enter_check                      0x0003d691   Thumb Code    48  nrf_dfu.o(i.nrf_dfu_enter_check)
    nrf_dfu_find_cache                       0x0003d6c9   Thumb Code   104  nrf_dfu_utils.o(i.nrf_dfu_find_cache)
    nrf_dfu_flash_erase                      0x0003d73d   Thumb Code   136  nrf_dfu_flash.o(i.nrf_dfu_flash_erase)
    nrf_dfu_flash_init                       0x0003d7d1   Thumb Code    40  nrf_dfu_flash.o(i.nrf_dfu_flash_init)
    nrf_dfu_flash_store                      0x0003d801   Thumb Code   102  nrf_dfu_flash.o(i.nrf_dfu_flash_store)
    nrf_dfu_init                             0x0003d871   Thumb Code   130  nrf_dfu.o(i.nrf_dfu_init)
    nrf_dfu_mbr_compare                      0x0003d915   Thumb Code    22  nrf_dfu_mbr.o(i.nrf_dfu_mbr_compare)
    nrf_dfu_mbr_copy_bl                      0x0003d931   Thumb Code    20  nrf_dfu_mbr.o(i.nrf_dfu_mbr_copy_bl)
    nrf_dfu_mbr_copy_sd                      0x0003d945   Thumb Code    34  nrf_dfu_mbr.o(i.nrf_dfu_mbr_copy_sd)
    nrf_dfu_mbr_init_sd                      0x0003d96d   Thumb Code    18  nrf_dfu_mbr.o(i.nrf_dfu_mbr_init_sd)
    nrf_dfu_req_handler_init                 0x0003da7d   Thumb Code    82  dfu_req_handling.o(i.nrf_dfu_req_handler_init)
    nrf_dfu_req_handler_on_req               0x0003dad9   Thumb Code    56  dfu_req_handling.o(i.nrf_dfu_req_handler_on_req)
    nrf_dfu_settings_calculate_crc           0x0003db89   Thumb Code    14  nrf_dfu_settings.o(i.nrf_dfu_settings_calculate_crc)
    nrf_dfu_settings_init                    0x0003db9d   Thumb Code    68  nrf_dfu_settings.o(i.nrf_dfu_settings_init)
    nrf_dfu_settings_write                   0x0003dbed   Thumb Code    96  nrf_dfu_settings.o(i.nrf_dfu_settings_write)
    nrf_dfu_transports_close                 0x0003dc61   Thumb Code    36  nrf_dfu_transport.o(i.nrf_dfu_transports_close)
    nrf_dfu_transports_init                  0x0003dc8d   Thumb Code    36  nrf_dfu_transport.o(i.nrf_dfu_transports_init)
    nrf_dfu_wait                             0x0003dcb9   Thumb Code     8  nrf_dfu.o(i.nrf_dfu_wait)
    nrf_nvmc_page_erase                      0x0003dd39   Thumb Code    34  nrf_nvmc.o(i.nrf_nvmc_page_erase)
    nrf_nvmc_write_words                     0x0003dd65   Thumb Code    50  nrf_nvmc.o(i.nrf_nvmc_write_words)
    nrf_queue_is_full                        0x0003dda1   Thumb Code    30  nrf_queue.o(i.nrf_queue_is_full)
    nrf_queue_push                           0x0003ddcd   Thumb Code   176  nrf_queue.o(i.nrf_queue_push)
    pb_decode                                0x0003e383   Thumb Code    28  pb_decode.o(i.pb_decode)
    pb_decode_fixed32                        0x0003e39f   Thumb Code    36  pb_decode.o(i.pb_decode_fixed32)
    pb_decode_fixed64                        0x0003e3c3   Thumb Code    90  pb_decode.o(i.pb_decode_fixed64)
    pb_decode_noinit                         0x0003e41d   Thumb Code   398  pb_decode.o(i.pb_decode_noinit)
    pb_decode_svarint                        0x0003e5ab   Thumb Code    54  pb_decode.o(i.pb_decode_svarint)
    pb_decode_tag                            0x0003e5e1   Thumb Code    70  pb_decode.o(i.pb_decode_tag)
    pb_decode_varint                         0x0003e627   Thumb Code    70  pb_decode.o(i.pb_decode_varint)
    pb_field_iter_begin                      0x0003e6dd   Thumb Code    34  pb_common.o(i.pb_field_iter_begin)
    pb_field_iter_find                       0x0003e6ff   Thumb Code    46  pb_common.o(i.pb_field_iter_find)
    pb_field_iter_next                       0x0003e72d   Thumb Code   130  pb_common.o(i.pb_field_iter_next)
    pb_istream_from_buffer                   0x0003e849   Thumb Code    12  pb_decode.o(i.pb_istream_from_buffer)
    pb_make_string_substream                 0x0003e859   Thumb Code    54  pb_decode.o(i.pb_make_string_substream)
    pb_read                                  0x0003e8b5   Thumb Code    86  pb_decode.o(i.pb_read)
    pb_skip_field                            0x0003e931   Thumb Code    90  pb_decode.o(i.pb_skip_field)
    sha256_final                             0x0003ed11   Thumb Code   272  sha256.o(i.sha256_final)
    sha256_init                              0x0003ee21   Thumb Code    52  sha256.o(i.sha256_init)
    sha256_transform                         0x0003ee75   Thumb Code   350  sha256.o(i.sha256_transform)
    sha256_update                            0x0003efd9   Thumb Code    80  sha256.o(i.sha256_update)
    softdevice_ble_evt_handler_set           0x0003f029   Thumb Code    16  softdevice_handler.o(i.softdevice_ble_evt_handler_set)
    softdevice_enable                        0x0003f03d   Thumb Code    14  softdevice_handler.o(i.softdevice_enable)
    softdevice_enable_get_default_config     0x0003f051   Thumb Code    40  softdevice_handler.o(i.softdevice_enable_get_default_config)
    softdevice_evt_get                       0x0003f079   Thumb Code    18  softdevice_handler_appsh.o(i.softdevice_evt_get)
    softdevice_evt_schedule                  0x0003f08d   Thumb Code    14  softdevice_handler_appsh.o(i.softdevice_evt_schedule)
    softdevice_fault_handler                 0x0003f0a1   Thumb Code     8  softdevice_handler.o(i.softdevice_fault_handler)
    softdevice_handler_init                  0x0003f0a9   Thumb Code    74  softdevice_handler.o(i.softdevice_handler_init)
    softdevice_handler_is_enabled            0x0003f101   Thumb Code     6  softdevice_handler.o(i.softdevice_handler_is_enabled)
    softdevice_sys_evt_handler_set           0x0003f10d   Thumb Code    16  softdevice_handler.o(i.softdevice_sys_evt_handler_set)
    dfu_init_command_is_debug_default        0x0003f372   Data           1  dfu-cc.pb.o(.constdata)
    dfu_hash_fields                          0x0003f374   Data          36  dfu-cc.pb.o(.constdata)
    dfu_init_command_fields                  0x0003f398   Data         120  dfu-cc.pb.o(.constdata)
    dfu_reset_command_fields                 0x0003f410   Data          24  dfu-cc.pb.o(.constdata)
    dfu_command_fields                       0x0003f428   Data          48  dfu-cc.pb.o(.constdata)
    dfu_signed_command_fields                0x0003f458   Data          48  dfu-cc.pb.o(.constdata)
    dfu_packet_fields                        0x0003f488   Data          36  dfu-cc.pb.o(.constdata)
    pk                                       0x0003f4ac   Data          64  dfu_public_key.o(.constdata)
    Region$$Table$$Base                      0x0003f750   Number         0  anon$$obj.o(Region$$Table)
    Region$$Table$$Limit                     0x0003f770   Number         0  anon$$obj.o(Region$$Table)
    dfu_trans$$Base                          0x0003f770   Number         0  nrf_ble_dfu.o(dfu_trans)
    dfu_trans$$Limit                         0x0003f778   Number         0  nrf_ble_dfu.o(dfu_trans)
    m_dfu_settings_buffer                    0x0003fc00   Data        1024  nrf_dfu_settings.o(.ARM.__AT_0x0003FC00)
    m_uicr_bootloader_start_address          0x10001014   Data           4  nrf_bootloader_info.o(.ARM.__AT_0x10001014)
    Image$$RW_IRAM1$$Base                    0x20002c00   Number         0  anon$$obj.o ABSOLUTE
    nrf_nvic_state                           0x20002c84   Data           8  app_util_platform.o(.data)
    SystemCoreClock                          0x20002ca4   Data           4  system_nrf51.o(.data)
    fs_data$$Base                            0x20002ca8   Number         0  nrf_dfu_flash.o(fs_data)
    fs_data$$Limit                           0x20002cb8   Number         0  nrf_dfu_flash.o(fs_data)
    s_dfu_settings                           0x20003620   Data         348  nrf_dfu_settings.o(.bss)
    __initial_sp                             0x20004018   Data           0  arm_startup_nrf51.o(STACK)



==============================================================================

Memory Map of the image

  Image Entry point : 0x0003acc1

  Load Region LR_IROM1 (Base: 0x0003ac00, Size: 0x00004c30, Max: 0x00005000, ABSOLUTE)

    Execution Region ER_IROM1 (Exec base: 0x0003ac00, Load base: 0x0003ac00, Size: 0x00004b78, Max: 0x00005000, ABSOLUTE)

    Exec Addr    Load Addr    Size         Type   Attr      Idx    E Section Name        Object

    0x0003ac00   0x0003ac00   0x000000c0   Data   RO         2599    RESET               arm_startup_nrf51.o
    0x0003acc0   0x0003acc0   0x00000000   Code   RO         2747  * .ARM.Collect$$$$00000000  mc_p.l(entry.o)
    0x0003acc0   0x0003acc0   0x00000004   Code   RO         2768    .ARM.Collect$$$$00000001  mc_p.l(entry2.o)
    0x0003acc4   0x0003acc4   0x00000004   Code   RO         2771    .ARM.Collect$$$$00000004  mc_p.l(entry5.o)
    0x0003acc8   0x0003acc8   0x00000000   Code   RO         2773    .ARM.Collect$$$$00000008  mc_p.l(entry7b.o)
    0x0003acc8   0x0003acc8   0x00000000   Code   RO         2775    .ARM.Collect$$$$0000000A  mc_p.l(entry8b.o)
    0x0003acc8   0x0003acc8   0x00000008   Code   RO         2776    .ARM.Collect$$$$0000000B  mc_p.l(entry9a.o)
    0x0003acd0   0x0003acd0   0x00000000   Code   RO         2778    .ARM.Collect$$$$0000000D  mc_p.l(entry10a.o)
    0x0003acd0   0x0003acd0   0x00000000   Code   RO         2780    .ARM.Collect$$$$0000000F  mc_p.l(entry11a.o)
    0x0003acd0   0x0003acd0   0x00000004   Code   RO         2769    .ARM.Collect$$$$00002712  mc_p.l(entry2.o)
    0x0003acd4   0x0003acd4   0x00000034   Code   RO          942    .emb_text           nrf_bootloader_app_start.o
    0x0003ad08   0x0003ad08   0x00000038   Code   RO         2600    .text               arm_startup_nrf51.o
    0x0003ad40   0x0003ad40   0x00000020   Code   RO         2752    .text               mc_p.l(llshl.o)
    0x0003ad60   0x0003ad60   0x00000024   Code   RO         2754    .text               mc_p.l(memcpya.o)
    0x0003ad84   0x0003ad84   0x00000024   Code   RO         2758    .text               mc_p.l(memseta.o)
    0x0003ada8   0x0003ada8   0x0000001a   Code   RO         2762    .text               mc_p.l(memcmp.o)
    0x0003adc2   0x0003adc2   0x00000014   Code   RO         2766    .text               mc_p.l(uread4.o)
    0x0003add6   0x0003add6   0x00000002   PAD
    0x0003add8   0x0003add8   0x00000024   Code   RO         2782    .text               mc_p.l(init.o)
    0x0003adfc   0x0003adfc   0x000000c8   Code   RO         2688    .text.XYcZ_add      micro_ecc_lib_nrf51.lib(micro_ecc_lib_uECC.c.o)
    0x0003aec4   0x0003aec4   0x0000003e   Code   RO         2689    .text.apply_z       micro_ecc_lib_nrf51.lib(micro_ecc_lib_uECC.c.o)
    0x0003af02   0x0003af02   0x0000000e   Code   RO         2644    .text.bcopy         micro_ecc_lib_nrf51.lib(micro_ecc_lib_uECC.c.o)
    0x0003af10   0x0003af10   0x00000090   Code   RO         2661    .text.bits2int      micro_ecc_lib_nrf51.lib(micro_ecc_lib_uECC.c.o)
    0x0003afa0   0x0003afa0   0x00000154   Code   RO         2684    .text.double_jacobian_default  micro_ecc_lib_nrf51.lib(micro_ecc_lib_uECC.c.o)
    0x0003b0f4   0x0003b0f4   0x00000008   Code   RO         2696    .text.uECC_secp256r1  micro_ecc_lib_nrf51.lib(micro_ecc_lib_uECC.c.o)
    0x0003b0fc   0x0003b0fc   0x000002b2   Code   RO         2709    .text.uECC_verify   micro_ecc_lib_nrf51.lib(micro_ecc_lib_uECC.c.o)
    0x0003b3ae   0x0003b3ae   0x00000002   PAD
    0x0003b3b0   0x0003b3b0   0x00000058   Code   RO         2650    .text.uECC_vli_add  micro_ecc_lib_nrf51.lib(micro_ecc_lib_uECC.c.o)
    0x0003b408   0x0003b408   0x00000018   Code   RO         2659    .text.uECC_vli_clear  micro_ecc_lib_nrf51.lib(micro_ecc_lib_uECC.c.o)
    0x0003b420   0x0003b420   0x00000026   Code   RO         2645    .text.uECC_vli_cmp_unsafe  micro_ecc_lib_nrf51.lib(micro_ecc_lib_uECC.c.o)
    0x0003b446   0x0003b446   0x00000024   Code   RO         2670    .text.uECC_vli_equal  micro_ecc_lib_nrf51.lib(micro_ecc_lib_uECC.c.o)
    0x0003b46a   0x0003b46a   0x0000001e   Code   RO         2662    .text.uECC_vli_isZero  micro_ecc_lib_nrf51.lib(micro_ecc_lib_uECC.c.o)
    0x0003b488   0x0003b488   0x00000120   Code   RO         2678    .text.uECC_vli_mmod  micro_ecc_lib_nrf51.lib(micro_ecc_lib_uECC.c.o)
    0x0003b5a8   0x0003b5a8   0x00000032   Code   RO         2676    .text.uECC_vli_modAdd  micro_ecc_lib_nrf51.lib(micro_ecc_lib_uECC.c.o)
    0x0003b5da   0x0003b5da   0x00000116   Code   RO         2690    .text.uECC_vli_modInv  micro_ecc_lib_nrf51.lib(micro_ecc_lib_uECC.c.o)
    0x0003b6f0   0x0003b6f0   0x00000026   Code   RO         2679    .text.uECC_vli_modMult  micro_ecc_lib_nrf51.lib(micro_ecc_lib_uECC.c.o)
    0x0003b716   0x0003b716   0x00000020   Code   RO         2680    .text.uECC_vli_modMult_fast  micro_ecc_lib_nrf51.lib(micro_ecc_lib_uECC.c.o)
    0x0003b736   0x0003b736   0x00000020   Code   RO         2682    .text.uECC_vli_modSquare_fast  micro_ecc_lib_nrf51.lib(micro_ecc_lib_uECC.c.o)
    0x0003b756   0x0003b756   0x00000024   Code   RO         2677    .text.uECC_vli_modSub  micro_ecc_lib_nrf51.lib(micro_ecc_lib_uECC.c.o)
    0x0003b77a   0x0003b77a   0x00000098   Code   RO         2653    .text.uECC_vli_mult  micro_ecc_lib_nrf51.lib(micro_ecc_lib_uECC.c.o)
    0x0003b812   0x0003b812   0x00000002   PAD
    0x0003b814   0x0003b814   0x00000044   Code   RO         2665    .text.uECC_vli_numBits  micro_ecc_lib_nrf51.lib(micro_ecc_lib_uECC.c.o)
    0x0003b858   0x0003b858   0x0000001e   Code   RO         2672    .text.uECC_vli_rshift1  micro_ecc_lib_nrf51.lib(micro_ecc_lib_uECC.c.o)
    0x0003b876   0x0003b876   0x00000018   Code   RO         2666    .text.uECC_vli_set  micro_ecc_lib_nrf51.lib(micro_ecc_lib_uECC.c.o)
    0x0003b88e   0x0003b88e   0x000000a6   Code   RO         2654    .text.uECC_vli_square  micro_ecc_lib_nrf51.lib(micro_ecc_lib_uECC.c.o)
    0x0003b934   0x0003b934   0x0000000c   PAD
    0x0003b940   0x0003b940   0x0000005c   Code   RO         2652    .text.uECC_vli_sub  micro_ecc_lib_nrf51.lib(micro_ecc_lib_uECC.c.o)
    0x0003b99c   0x0003b99c   0x00000012   Code   RO         2663    .text.uECC_vli_testBit  micro_ecc_lib_nrf51.lib(micro_ecc_lib_uECC.c.o)
    0x0003b9ae   0x0003b9ae   0x00000002   PAD
    0x0003b9b0   0x0003b9b0   0x000001b4   Code   RO         2669    .text.vli_mmod_fast_secp256r1  micro_ecc_lib_nrf51.lib(micro_ecc_lib_uECC.c.o)
    0x0003bb64   0x0003bb64   0x00000040   Code   RO         2673    .text.vli_modInv_update  micro_ecc_lib_nrf51.lib(micro_ecc_lib_uECC.c.o)
    0x0003bba4   0x0003bba4   0x00000056   Code   RO         2683    .text.x_side_default  micro_ecc_lib_nrf51.lib(micro_ecc_lib_uECC.c.o)
    0x0003bbfa   0x0003bbfa   0x00000002   PAD
    0x0003bbfc   0x0003bbfc   0x00000044   Code   RO         1555    i.NVIC_SetPriority  app_timer.o
    0x0003bc40   0x0003bc40   0x0000001c   Code   RO          313    i.NVIC_SystemReset  main.o
    0x0003bc5c   0x0003bc5c   0x00000060   Code   RO         1339    i.RNG_IRQHandler    nrf_drv_rng.o
    0x0003bcbc   0x0003bcbc   0x00000020   Code   RO         1556    i.RTC1_IRQHandler   app_timer.o
    0x0003bcdc   0x0003bcdc   0x00000008   Code   RO         1557    i.SWI0_IRQHandler   app_timer.o
    0x0003bce4   0x0003bce4   0x00000020   Code   RO         2249    i.SWI2_IRQHandler   softdevice_handler.o
    0x0003bd04   0x0003bd04   0x000000a0   Code   RO         2607    i.SystemInit        system_nrf51.o
    0x0003bda4   0x0003bda4   0x0000001a   Code   RO          117    i.__ARM_common_switch8  dfu_req_handling.o
    0x0003bdbe   0x0003bdbe   0x0000000e   Code   RO         2786    i.__scatterload_copy  mc_p.l(handlers.o)
    0x0003bdcc   0x0003bdcc   0x00000002   Code   RO         2787    i.__scatterload_null  mc_p.l(handlers.o)
    0x0003bdce   0x0003bdce   0x0000000e   Code   RO         2788    i.__scatterload_zeroinit  mc_p.l(handlers.o)
    0x0003bddc   0x0003bddc   0x0000001c   Code   RO         2250    i.__sd_nvic_app_accessible_irq  softdevice_handler.o
    0x0003bdf8   0x0003bdf8   0x0000005e   Code   RO          746    i.advertising_init  nrf_ble_dfu.o
    0x0003be56   0x0003be56   0x00000002   PAD
    0x0003be58   0x0003be58   0x0000005c   Code   RO          747    i.advertising_start  nrf_ble_dfu.o
    0x0003beb4   0x0003beb4   0x00000004   Code   RO          314    i.app_error_fault_handler  main.o
    0x0003beb8   0x0003beb8   0x00000004   Code   RO          315    i.app_error_handler_bare  main.o
    0x0003bebc   0x0003bebc   0x0000009c   Code   RO         1508    i.app_sched_event_put  app_scheduler.o
    0x0003bf58   0x0003bf58   0x0000003c   Code   RO         1509    i.app_sched_execute  app_scheduler.o
    0x0003bf94   0x0003bf94   0x0000002c   Code   RO         1510    i.app_sched_init    app_scheduler.o
    0x0003bfc0   0x0003bfc0   0x00000030   Code   RO         1560    i.app_timer_create  app_timer.o
    0x0003bff0   0x0003bff0   0x00000016   Code   RO         1696    i.app_timer_evt_get  app_timer_appsh.o
    0x0003c006   0x0003c006   0x00000002   PAD
    0x0003c008   0x0003c008   0x00000018   Code   RO         1697    i.app_timer_evt_schedule  app_timer_appsh.o
    0x0003c020   0x0003c020   0x00000074   Code   RO         1561    i.app_timer_init    app_timer.o
    0x0003c094   0x0003c094   0x00000088   Code   RO         1562    i.app_timer_start   app_timer.o
    0x0003c11c   0x0003c11c   0x00000028   Code   RO         1563    i.app_timer_stop    app_timer.o
    0x0003c144   0x0003c144   0x0000003c   Code   RO         1721    i.app_util_critical_region_enter  app_util_platform.o
    0x0003c180   0x0003c180   0x0000002c   Code   RO         1722    i.app_util_critical_region_exit  app_util_platform.o
    0x0003c1ac   0x0003c1ac   0x00000054   Code   RO          614    i.ble_conn_params_init  ble_conn_params.o
    0x0003c200   0x0003c200   0x00000090   Code   RO          615    i.ble_conn_params_on_ble_evt  ble_conn_params.o
    0x0003c290   0x0003c290   0x00000010   Code   RO          616    i.ble_conn_params_stop  ble_conn_params.o
    0x0003c2a0   0x0003c2a0   0x00000064   Code   RO          748    i.ble_dfu_init      nrf_ble_dfu.o
    0x0003c304   0x0003c304   0x00000080   Code   RO          749    i.ble_dfu_transport_close  nrf_ble_dfu.o
    0x0003c384   0x0003c384   0x000000cc   Code   RO          750    i.ble_dfu_transport_init  nrf_ble_dfu.o
    0x0003c450   0x0003c450   0x00000010   Code   RO          751    i.ble_evt_dispatch  nrf_ble_dfu.o
    0x0003c460   0x0003c460   0x0000000e   Code   RO          689    i.ble_srv_is_notification_enabled  ble_srv_common.o
    0x0003c46e   0x0003c46e   0x00000002   PAD
    0x0003c470   0x0003c470   0x00000014   Code   RO          404    i.bsp_board_led_off  boards.o
    0x0003c484   0x0003c484   0x00000014   Code   RO          405    i.bsp_board_led_on  boards.o
    0x0003c498   0x0003c498   0x00000028   Code   RO          407    i.bsp_board_leds_init  boards.o
    0x0003c4c0   0x0003c4c0   0x00000012   Code   RO          408    i.bsp_board_leds_off  boards.o
    0x0003c4d2   0x0003c4d2   0x0000001e   Code   RO         2424    i.buf_read          pb_decode.o
    0x0003c4f0   0x0003c4f0   0x00000020   Code   RO         1857    i.check_config      fstorage.o
    0x0003c510   0x0003c510   0x000000a8   Code   RO         1565    i.compare_reg_update  app_timer.o
    0x0003c5b8   0x0003c5b8   0x00000008   Code   RO          752    i.conn_params_error_handler  nrf_ble_dfu.o
    0x0003c5c0   0x0003c5c0   0x00000068   Code   RO          617    i.conn_params_negotiation  ble_conn_params.o
    0x0003c628   0x0003c628   0x0000003c   Code   RO         1768    i.crc32_compute     crc32.o
    0x0003c664   0x0003c664   0x00000076   Code   RO         2425    i.decode_callback_field  pb_decode.o
    0x0003c6da   0x0003c6da   0x00000020   Code   RO         2426    i.decode_field      pb_decode.o
    0x0003c6fa   0x0003c6fa   0x00000002   PAD
    0x0003c6fc   0x0003c6fc   0x000000e0   Code   RO         2427    i.decode_static_field  pb_decode.o
    0x0003c7dc   0x0003c7dc   0x00000038   Code   RO         1158    i.delay_operation   nrf_dfu_settings.o
    0x0003c814   0x0003c814   0x0000006e   Code   RO          753    i.dfu_ctrl_pt_add   nrf_ble_dfu.o
    0x0003c882   0x0003c882   0x00000002   PAD
    0x0003c884   0x0003c884   0x00000010   Code   RO           50    i.dfu_data_write_handler  dfu_req_handling.o
    0x0003c894   0x0003c894   0x00000054   Code   RO           51    i.dfu_decode_commmand  dfu_req_handling.o
    0x0003c8e8   0x0003c8e8   0x00000190   Code   RO           52    i.dfu_handle_prevalidate  dfu_req_handling.o
    0x0003ca78   0x0003ca78   0x00000068   Code   RO          754    i.dfu_pkt_char_add  nrf_ble_dfu.o
    0x0003cae0   0x0003cae0   0x00000018   Code   RO         1159    i.dfu_settings_write_callback  nrf_dfu_settings.o
    0x0003caf8   0x0003caf8   0x00000056   Code   RO         1793    i.ecc_p256_verify   ecc.o
    0x0003cb4e   0x0003cb4e   0x00000002   PAD
    0x0003cb50   0x0003cb50   0x00000040   Code   RO         1566    i.elapsed_ticks_acquire  app_timer.o
    0x0003cb90   0x0003cb90   0x0000007c   Code   RO         1858    i.fs_erase          fstorage.o
    0x0003cc0c   0x0003cc0c   0x0000002c   Code   RO         1045    i.fs_evt_handler    nrf_dfu_flash.o
    0x0003cc38   0x0003cc38   0x00000014   Code   RO         1859    i.fs_fake_init      fstorage.o
    0x0003cc4c   0x0003cc4c   0x00000014   Code   RO         1862    i.fs_queue_is_full  fstorage.o
    0x0003cc60   0x0003cc60   0x00000084   Code   RO         1864    i.fs_store          fstorage.o
    0x0003cce4   0x0003cce4   0x00000068   Code   RO         1865    i.fs_sys_event_handler  fstorage.o
    0x0003cd4c   0x0003cd4c   0x00000060   Code   RO          755    i.gap_params_init   nrf_ble_dfu.o
    0x0003cdac   0x0003cdac   0x00000084   Code   RO         2251    i.intern_softdevice_events_execute  softdevice_handler.o
    0x0003ce30   0x0003ce30   0x0000001c   Code   RO          618    i.is_conn_params_ok  ble_conn_params.o
    0x0003ce4c   0x0003ce4c   0x00000048   Code   RO         2608    i.is_manual_peripheral_setup_needed  system_nrf51.o
    0x0003ce94   0x0003ce94   0x0000000c   Code   RO         1795    i.is_word_aligned   ecc.o
    0x0003cea0   0x0003cea0   0x0000002c   Code   RO         2428    i.iter_from_extension  pb_decode.o
    0x0003cecc   0x0003cecc   0x000000ac   Code   RO         1567    i.list_deletions_handler  app_timer.o
    0x0003cf78   0x0003cf78   0x000000bc   Code   RO         1568    i.list_insertions_handler  app_timer.o
    0x0003d034   0x0003d034   0x00000034   Code   RO          316    i.main              main.o
    0x0003d068   0x0003d068   0x00000028   Code   RO          943    i.nrf_bootloader_app_start  nrf_bootloader_app_start.o
    0x0003d090   0x0003d090   0x00000008   Code   RO          910    i.nrf_bootloader_init  nrf_bootloader.o
    0x0003d098   0x0003d098   0x0000004c   Code   RO         2052    i.nrf_crypto_hash_compute  nrf_crypto.o
    0x0003d0e4   0x0003d0e4   0x0000002a   Code   RO         2057    i.nrf_crypto_verify  nrf_crypto.o
    0x0003d10e   0x0003d10e   0x00000002   PAD
    0x0003d110   0x0003d110   0x00000030   Code   RO         1569    i.nrf_delay_us      app_timer.o
    0x0003d140   0x0003d140   0x000000a8   Code   RO         1249    i.nrf_dfu_app_continue  nrf_dfu_utils.o
    0x0003d1e8   0x0003d1e8   0x00000030   Code   RO         1250    i.nrf_dfu_app_is_valid  nrf_dfu_utils.o
    0x0003d218   0x0003d218   0x0000003c   Code   RO         1251    i.nrf_dfu_bl_continue  nrf_dfu_utils.o
    0x0003d254   0x0003d254   0x0000011c   Code   RO           53    i.nrf_dfu_command_req  dfu_req_handling.o
    0x0003d370   0x0003d370   0x00000038   Code   RO         1252    i.nrf_dfu_continue  nrf_dfu_utils.o
    0x0003d3a8   0x0003d3a8   0x00000070   Code   RO         1253    i.nrf_dfu_continue_bank  nrf_dfu_utils.o
    0x0003d418   0x0003d418   0x00000278   Code   RO           54    i.nrf_dfu_data_req  dfu_req_handling.o
    0x0003d690   0x0003d690   0x00000038   Code   RO          983    i.nrf_dfu_enter_check  nrf_dfu.o
    0x0003d6c8   0x0003d6c8   0x00000074   Code   RO         1254    i.nrf_dfu_find_cache  nrf_dfu_utils.o
    0x0003d73c   0x0003d73c   0x00000094   Code   RO         1046    i.nrf_dfu_flash_erase  nrf_dfu_flash.o
    0x0003d7d0   0x0003d7d0   0x00000030   Code   RO         1048    i.nrf_dfu_flash_init  nrf_dfu_flash.o
    0x0003d800   0x0003d800   0x00000070   Code   RO         1049    i.nrf_dfu_flash_store  nrf_dfu_flash.o
    0x0003d870   0x0003d870   0x0000008c   Code   RO          984    i.nrf_dfu_init      nrf_dfu.o
    0x0003d8fc   0x0003d8fc   0x00000018   Code   RO         1255    i.nrf_dfu_invalidate_bank  nrf_dfu_utils.o
    0x0003d914   0x0003d914   0x0000001c   Code   RO         1110    i.nrf_dfu_mbr_compare  nrf_dfu_mbr.o
    0x0003d930   0x0003d930   0x00000014   Code   RO         1111    i.nrf_dfu_mbr_copy_bl  nrf_dfu_mbr.o
    0x0003d944   0x0003d944   0x00000028   Code   RO         1112    i.nrf_dfu_mbr_copy_sd  nrf_dfu_mbr.o
    0x0003d96c   0x0003d96c   0x00000018   Code   RO         1113    i.nrf_dfu_mbr_init_sd  nrf_dfu_mbr.o
    0x0003d984   0x0003d984   0x000000f8   Code   RO           55    i.nrf_dfu_postvalidate  dfu_req_handling.o
    0x0003da7c   0x0003da7c   0x0000005c   Code   RO           56    i.nrf_dfu_req_handler_init  dfu_req_handling.o
    0x0003dad8   0x0003dad8   0x0000003c   Code   RO           57    i.nrf_dfu_req_handler_on_req  dfu_req_handling.o
    0x0003db14   0x0003db14   0x00000074   Code   RO         1256    i.nrf_dfu_sd_continue_impl  nrf_dfu_utils.o
    0x0003db88   0x0003db88   0x00000014   Code   RO         1160    i.nrf_dfu_settings_calculate_crc  nrf_dfu_settings.o
    0x0003db9c   0x0003db9c   0x00000050   Code   RO         1161    i.nrf_dfu_settings_init  nrf_dfu_settings.o
    0x0003dbec   0x0003dbec   0x00000074   Code   RO         1162    i.nrf_dfu_settings_write  nrf_dfu_settings.o
    0x0003dc60   0x0003dc60   0x0000002c   Code   RO         1219    i.nrf_dfu_transports_close  nrf_dfu_transport.o
    0x0003dc8c   0x0003dc8c   0x0000002c   Code   RO         1220    i.nrf_dfu_transports_init  nrf_dfu_transport.o
    0x0003dcb8   0x0003dcb8   0x00000008   Code   RO          985    i.nrf_dfu_wait      nrf_dfu.o
    0x0003dcc0   0x0003dcc0   0x00000014   Code   RO         1347    i.nrf_drv_rng_stop  nrf_drv_rng.o
    0x0003dcd4   0x0003dcd4   0x00000028   Code   RO          412    i.nrf_gpio_cfg      boards.o
    0x0003dcfc   0x0003dcfc   0x00000014   Code   RO          756    i.nrf_gpio_cfg_output  nrf_ble_dfu.o
    0x0003dd10   0x0003dd10   0x00000010   Code   RO          757    i.nrf_gpio_pin_set  nrf_ble_dfu.o
    0x0003dd20   0x0003dd20   0x00000018   Code   RO          413    i.nrf_gpio_pin_write  boards.o
    0x0003dd38   0x0003dd38   0x0000002c   Code   RO         1441    i.nrf_nvmc_page_erase  nrf_nvmc.o
    0x0003dd64   0x0003dd64   0x0000003c   Code   RO         1445    i.nrf_nvmc_write_words  nrf_nvmc.o
    0x0003dda0   0x0003dda0   0x0000001e   Code   RO         2108    i.nrf_queue_is_full  nrf_queue.o
    0x0003ddbe   0x0003ddbe   0x0000000e   Code   RO         2109    i.nrf_queue_next_idx  nrf_queue.o
    0x0003ddcc   0x0003ddcc   0x000000b0   Code   RO         2111    i.nrf_queue_push    nrf_queue.o
    0x0003de7c   0x0003de7c   0x000000d8   Code   RO          758    i.on_ble_evt        nrf_ble_dfu.o
    0x0003df54   0x0003df54   0x000000fc   Code   RO          759    i.on_ctrl_pt_write  nrf_ble_dfu.o
    0x0003e050   0x0003e050   0x00000020   Code   RO           58    i.on_dfu_complete   dfu_req_handling.o
    0x0003e070   0x0003e070   0x00000054   Code   RO         1866    i.on_operation_success  fstorage.o
    0x0003e0c4   0x0003e0c4   0x00000090   Code   RO          760    i.on_rw_authorize_req  nrf_ble_dfu.o
    0x0003e154   0x0003e154   0x00000060   Code   RO          761    i.on_write          nrf_ble_dfu.o
    0x0003e1b4   0x0003e1b4   0x0000003e   Code   RO         2430    i.pb_dec_bytes      pb_decode.o
    0x0003e1f2   0x0003e1f2   0x0000000a   Code   RO         2431    i.pb_dec_fixed32    pb_decode.o
    0x0003e1fc   0x0003e1fc   0x0000000a   Code   RO         2432    i.pb_dec_fixed64    pb_decode.o
    0x0003e206   0x0003e206   0x0000003c   Code   RO         2433    i.pb_dec_string     pb_decode.o
    0x0003e242   0x0003e242   0x0000003e   Code   RO         2434    i.pb_dec_submessage  pb_decode.o
    0x0003e280   0x0003e280   0x00000056   Code   RO         2435    i.pb_dec_svarint    pb_decode.o
    0x0003e2d6   0x0003e2d6   0x00000056   Code   RO         2436    i.pb_dec_uvarint    pb_decode.o
    0x0003e32c   0x0003e32c   0x00000056   Code   RO         2437    i.pb_dec_varint     pb_decode.o
    0x0003e382   0x0003e382   0x0000001c   Code   RO         2438    i.pb_decode         pb_decode.o
    0x0003e39e   0x0003e39e   0x00000024   Code   RO         2440    i.pb_decode_fixed32  pb_decode.o
    0x0003e3c2   0x0003e3c2   0x0000005a   Code   RO         2441    i.pb_decode_fixed64  pb_decode.o
    0x0003e41c   0x0003e41c   0x0000018e   Code   RO         2442    i.pb_decode_noinit  pb_decode.o
    0x0003e5aa   0x0003e5aa   0x00000036   Code   RO         2443    i.pb_decode_svarint  pb_decode.o
    0x0003e5e0   0x0003e5e0   0x00000046   Code   RO         2444    i.pb_decode_tag     pb_decode.o
    0x0003e626   0x0003e626   0x00000046   Code   RO         2445    i.pb_decode_varint  pb_decode.o
    0x0003e66c   0x0003e66c   0x0000004c   Code   RO         2446    i.pb_decode_varint32  pb_decode.o
    0x0003e6b8   0x0003e6b8   0x00000024   Code   RO           59    i.pb_decoding_callback  dfu_req_handling.o
    0x0003e6dc   0x0003e6dc   0x00000022   Code   RO         2397    i.pb_field_iter_begin  pb_common.o
    0x0003e6fe   0x0003e6fe   0x0000002e   Code   RO         2398    i.pb_field_iter_find  pb_common.o
    0x0003e72c   0x0003e72c   0x00000082   Code   RO         2399    i.pb_field_iter_next  pb_common.o
    0x0003e7ae   0x0003e7ae   0x00000098   Code   RO         2447    i.pb_field_set_to_default  pb_decode.o
    0x0003e846   0x0003e846   0x00000002   PAD
    0x0003e848   0x0003e848   0x00000010   Code   RO         2448    i.pb_istream_from_buffer  pb_decode.o
    0x0003e858   0x0003e858   0x00000036   Code   RO         2449    i.pb_make_string_substream  pb_decode.o
    0x0003e88e   0x0003e88e   0x00000026   Code   RO         2450    i.pb_message_set_to_defaults  pb_decode.o
    0x0003e8b4   0x0003e8b4   0x0000005c   Code   RO         2451    i.pb_read           pb_decode.o
    0x0003e910   0x0003e910   0x00000020   Code   RO         2452    i.pb_readbyte       pb_decode.o
    0x0003e930   0x0003e930   0x0000005a   Code   RO         2453    i.pb_skip_field     pb_decode.o
    0x0003e98a   0x0003e98a   0x00000002   PAD
    0x0003e98c   0x0003e98c   0x0000002c   Code   RO         1867    i.queue_advance     fstorage.o
    0x0003e9b8   0x0003e9b8   0x00000038   Code   RO         1868    i.queue_get_next_free  fstorage.o
    0x0003e9f0   0x0003e9f0   0x0000006c   Code   RO         1869    i.queue_process     fstorage.o
    0x0003ea5c   0x0003ea5c   0x0000001c   Code   RO         1870    i.queue_start       fstorage.o
    0x0003ea78   0x0003ea78   0x00000016   Code   RO         2117    i.queue_utilization_get  nrf_queue.o
    0x0003ea8e   0x0003ea8e   0x0000005e   Code   RO         2454    i.read_raw_value    pb_decode.o
    0x0003eaec   0x0003eaec   0x00000054   Code   RO          762    i.response_crc_cmd_send  nrf_ble_dfu.o
    0x0003eb40   0x0003eb40   0x00000060   Code   RO          763    i.response_select_object_cmd_send  nrf_ble_dfu.o
    0x0003eba0   0x0003eba0   0x00000038   Code   RO          764    i.response_send     nrf_ble_dfu.o
    0x0003ebd8   0x0003ebd8   0x00000044   Code   RO         1570    i.rtc1_stop         app_timer.o
    0x0003ec1c   0x0003ec1c   0x00000084   Code   RO         2253    i.sd_nvic_EnableIRQ  softdevice_handler.o
    0x0003eca0   0x0003eca0   0x00000048   Code   RO         1871    i.send_event        fstorage.o
    0x0003ece8   0x0003ece8   0x00000028   Code   RO          765    i.send_hvx          nrf_ble_dfu.o
    0x0003ed10   0x0003ed10   0x00000110   Code   RO         2206    i.sha256_final      sha256.o
    0x0003ee20   0x0003ee20   0x00000054   Code   RO         2207    i.sha256_init       sha256.o
    0x0003ee74   0x0003ee74   0x00000164   Code   RO         2208    i.sha256_transform  sha256.o
    0x0003efd8   0x0003efd8   0x00000050   Code   RO         2209    i.sha256_update     sha256.o
    0x0003f028   0x0003f028   0x00000014   Code   RO         2254    i.softdevice_ble_evt_handler_set  softdevice_handler.o
    0x0003f03c   0x0003f03c   0x00000014   Code   RO         2255    i.softdevice_enable  softdevice_handler.o
    0x0003f050   0x0003f050   0x00000028   Code   RO         2256    i.softdevice_enable_get_default_config  softdevice_handler.o
    0x0003f078   0x0003f078   0x00000012   Code   RO         2373    i.softdevice_evt_get  softdevice_handler_appsh.o
    0x0003f08a   0x0003f08a   0x00000002   PAD
    0x0003f08c   0x0003f08c   0x00000014   Code   RO         2374    i.softdevice_evt_schedule  softdevice_handler_appsh.o
    0x0003f0a0   0x0003f0a0   0x00000008   Code   RO         2257    i.softdevice_fault_handler  softdevice_handler.o
    0x0003f0a8   0x0003f0a8   0x00000058   Code   RO         2258    i.softdevice_handler_init  softdevice_handler.o
    0x0003f100   0x0003f100   0x0000000c   Code   RO         2259    i.softdevice_handler_is_enabled  softdevice_handler.o
    0x0003f10c   0x0003f10c   0x00000014   Code   RO         2264    i.softdevice_sys_evt_handler_set  softdevice_handler.o
    0x0003f120   0x0003f120   0x00000084   Code   RO         1571    i.timer_list_handler  app_timer.o
    0x0003f1a4   0x0003f1a4   0x00000010   Code   RO         1572    i.timer_list_handler_sched  app_timer.o
    0x0003f1b4   0x0003f1b4   0x00000040   Code   RO         1573    i.timer_list_insert  app_timer.o
    0x0003f1f4   0x0003f1f4   0x00000048   Code   RO         1574    i.timer_stop_op_schedule  app_timer.o
    0x0003f23c   0x0003f23c   0x00000080   Code   RO         1575    i.timer_timeouts_check  app_timer.o
    0x0003f2bc   0x0003f2bc   0x00000012   Code   RO          766    i.uint32_encode     nrf_ble_dfu.o
    0x0003f2ce   0x0003f2ce   0x00000002   PAD
    0x0003f2d0   0x0003f2d0   0x00000064   Code   RO          619    i.update_timeout_handler  ble_conn_params.o
    0x0003f334   0x0003f334   0x0000002c   Code   RO         1576    i.user_op_alloc     app_timer.o
    0x0003f360   0x0003f360   0x00000012   Code   RO         1163    i.wait_for_queue    nrf_dfu_settings.o
    0x0003f372   0x0003f372   0x00000001   Data   RO            1    .constdata          dfu-cc.pb.o
    0x0003f373   0x0003f373   0x00000001   PAD
    0x0003f374   0x0003f374   0x00000024   Data   RO            2    .constdata          dfu-cc.pb.o
    0x0003f398   0x0003f398   0x00000078   Data   RO            3    .constdata          dfu-cc.pb.o
    0x0003f410   0x0003f410   0x00000018   Data   RO            4    .constdata          dfu-cc.pb.o
    0x0003f428   0x0003f428   0x00000030   Data   RO            5    .constdata          dfu-cc.pb.o
    0x0003f458   0x0003f458   0x00000030   Data   RO            6    .constdata          dfu-cc.pb.o
    0x0003f488   0x0003f488   0x00000024   Data   RO            7    .constdata          dfu-cc.pb.o
    0x0003f4ac   0x0003f4ac   0x00000040   Data   RO           36    .constdata          dfu_public_key.o
    0x0003f4ec   0x0003f4ec   0x00000008   Data   RO           61    .constdata          dfu_req_handling.o
    0x0003f4f4   0x0003f4f4   0x00000008   Data   RO          414    .constdata          boards.o
    0x0003f4fc   0x0003f4fc   0x00000004   Data   RO          622    .constdata          ble_conn_params.o
    0x0003f500   0x0003f500   0x00000014   Data   RO          768    .constdata          nrf_ble_dfu.o
    0x0003f514   0x0003f514   0x00000010   Data   RO         1051    .constdata          nrf_dfu_flash.o
    0x0003f524   0x0003f524   0x00000040   Data   RO         1115    .constdata          nrf_dfu_mbr.o
    0x0003f564   0x0003f564   0x00000018   Data   RO         1351    .constdata          nrf_drv_rng.o
    0x0003f57c   0x0003f57c   0x00000100   Data   RO         2210    .constdata          sha256.o
    0x0003f67c   0x0003f67c   0x00000024   Data   RO         2455    .constdata          pb_decode.o
    0x0003f6a0   0x0003f6a0   0x000000b0   Data   RO         2724    .rodata.curve_secp256r1  micro_ecc_lib_nrf51.lib(micro_ecc_lib_uECC.c.o)
    0x0003f750   0x0003f750   0x00000020   Data   RO         2784    Region$$Table       anon$$obj.o
    0x0003f770   0x0003f770   0x00000008   Data   RO          770    dfu_trans           nrf_ble_dfu.o


    Execution Region RW_IRAM1 (Exec base: 0x20002c00, Load base: 0x0003f778, Size: 0x00001418, Max: 0x00005380, ABSOLUTE)

    Exec Addr    Load Addr    Size         Type   Attr      Idx    E Section Name        Object

    0x20002c00   0x0003f778   0x00000024   Data   RW           62    .data               dfu_req_handling.o
    0x20002c24   0x0003f79c   0x00000014   Data   RW          623    .data               ble_conn_params.o
    0x20002c38   0x0003f7b0   0x0000000c   Data   RW          769    .data               nrf_ble_dfu.o
    0x20002c44   0x0003f7bc   0x00000004   Data   RW         1052    .data               nrf_dfu_flash.o
    0x20002c48   0x0003f7c0   0x00000008   Data   RW         1166    .data               nrf_dfu_settings.o
    0x20002c50   0x0003f7c8   0x00000010   Data   RW         1512    .data               app_scheduler.o
    0x20002c60   0x0003f7d8   0x00000020   Data   RW         1577    .data               app_timer.o
    0x20002c80   0x0003f7f8   0x0000000c   Data   RW         1725    .data               app_util_platform.o
    0x20002c8c   0x0003f804   0x00000002   Data   RW         1873    .data               fstorage.o
    0x20002c8e   0x0003f806   0x00000002   PAD
    0x20002c90   0x0003f808   0x00000014   Data   RW         2265    .data               softdevice_handler.o
    0x20002ca4   0x0003f81c   0x00000004   Data   RW         2609    .data               system_nrf51.o
    0x20002ca8   0x0003f820   0x00000010   Data   RW         1053    fs_data             nrf_dfu_flash.o
    0x20002cb8        -       0x0000059c   Zero   RW           60    .bss                dfu_req_handling.o
    0x20003254        -       0x00000020   Zero   RW          620    .bss                ble_conn_params.o
    0x20003274        -       0x0000001c   Zero   RW          621    .bss                ble_conn_params.o
    0x20003290        -       0x0000006b   Zero   RW          767    .bss                nrf_ble_dfu.o
    0x200032fb   0x0003f830   0x00000001   PAD
    0x200032fc        -       0x000001c8   Zero   RW          986    .bss                nrf_dfu.o
    0x200034c4        -       0x000002b8   Zero   RW         1165    .bss                nrf_dfu_settings.o
    0x2000377c        -       0x00000021   Zero   RW         1349    .bss                nrf_drv_rng.o
    0x2000379d   0x0003f830   0x00000003   PAD
    0x200037a0        -       0x0000000c   Zero   RW         1350    .bss                nrf_drv_rng.o
    0x200037ac        -       0x00000068   Zero   RW         1872    .bss                fstorage.o
    0x20003814   0x0003f830   0x00000004   PAD
    0x20003818        -       0x00000800   Zero   RW         2597    STACK               arm_startup_nrf51.o



  Load Region LR$$.ARM.__AT_0x0003FC00 (Base: 0x0003fc00, Size: 0x00000000, Max: 0x00000400, ABSOLUTE)

    Execution Region ER$$.ARM.__AT_0x0003FC00 (Exec base: 0x0003fc00, Load base: 0x0003fc00, Size: 0x00000400, Max: 0x00000400, ABSOLUTE, UNINIT)

    Exec Addr    Load Addr    Size         Type   Attr      Idx    E Section Name        Object

    0x0003fc00        -       0x00000400   Zero   RW         1164    .ARM.__AT_0x0003FC00  nrf_dfu_settings.o



  Load Region LR$$.ARM.__AT_0x10001014 (Base: 0x10001014, Size: 0x00000004, Max: 0x00000004, ABSOLUTE)

    Execution Region ER$$.ARM.__AT_0x10001014 (Exec base: 0x10001014, Load base: 0x10001014, Size: 0x00000004, Max: 0x00000004, ABSOLUTE, UNINIT)

    Exec Addr    Load Addr    Size         Type   Attr      Idx    E Section Name        Object

    0x10001014   0x10001014   0x00000004   Data   RW          966    .ARM.__AT_0x10001014  nrf_bootloader_info.o


==============================================================================

Image component sizes


      Code (inc. data)   RO Data    RW Data    ZI Data      Debug   Object Name

       260         18          0         16          0      20447   app_scheduler.o
      1612        158          0         32          0      26803   app_timer.o
        46          6          0          0          0       1969   app_timer_appsh.o
       104         20          0         12          0       6298   app_util_platform.o
        56         18        192          0       2048        696   arm_startup_nrf51.o
         0          0          0          0          0      39340   ble_advdata.o
       476         64          4         20         60      10203   ble_conn_params.o
        14          0          0          0          0       1366   ble_srv_common.o
       162         22          8          0          0       7906   boards.o
        60          4          0          0          0       1448   crc32.o
         0          0        313          0          0      13760   dfu-cc.pb.o
         0          0         64          0          0        737   dfu_public_key.o
      1910        162          8         36       1436      54472   dfu_req_handling.o
        98          0          0          0          0       3458   ecc.o
       824         68          0          2        104      11538   fstorage.o
        88         18          0          0          0       8242   main.o
      1990        170         28         12        107      45070   nrf_ble_dfu.o
         8          0          0          0          0        626   nrf_bootloader.o
        92          8          0          0          0       1307   nrf_bootloader_app_start.o
         0          0          0          4          0        362   nrf_bootloader_info.o
       118          0          0          0          0       3062   nrf_crypto.o
       204         18          0          0        456       8732   nrf_dfu.o
       352         34         16         20          0       8893   nrf_dfu_flash.o
       112         18         64          0          0       5068   nrf_dfu_mbr.o
       314         56          0          8       1720       6029   nrf_dfu_settings.o
        88         16          0          0          0       3260   nrf_dfu_transport.o
       700         58          0          0          0       7959   nrf_dfu_utils.o
       116         24         24          0         45      11873   nrf_drv_rng.o
       104         20          0          0          0       1945   nrf_nvmc.o
       242          0          0          0          0       8195   nrf_queue.o
       210          0          0          0          0       3296   pb_common.o
      2300         16         36          0          0      26602   pb_decode.o
       792         38        256          0          0       4904   sha256.o
       532         68          0         20          0      21768   softdevice_handler.o
        38          6          0          0          0       2079   softdevice_handler_appsh.o
       232         36          0          4          0       2303   system_nrf51.o

    ----------------------------------------------------------------------
     14276       1144       1046        188       5984     382016   Object Totals
         0          0         32          0          0          0   (incl. Generated)
        22          0          1          2          8          0   (incl. Padding)

    ----------------------------------------------------------------------

      Code (inc. data)   RO Data    RW Data    ZI Data      Debug   Library Member Name

         0          0          0          0          0          0   entry.o
         0          0          0          0          0          0   entry10a.o
         0          0          0          0          0          0   entry11a.o
         8          4          0          0          0          0   entry2.o
         4          0          0          0          0          0   entry5.o
         0          0          0          0          0          0   entry7b.o
         0          0          0          0          0          0   entry8b.o
         8          4          0          0          0          0   entry9a.o
        30          0          0          0          0          0   handlers.o
        36          8          0          0          0         68   init.o
        32          0          0          0          0         68   llshl.o
        26          0          0          0          0         72   memcmp.o
        36          0          0          0          0         60   memcpya.o
        36          0          0          0          0        100   memseta.o
        20          0          0          0          0         60   uread4.o
      3564         24        176          0          0      62745   micro_ecc_lib_uECC.c.o

    ----------------------------------------------------------------------
      3822         40        176          0          0      63173   Library Totals
        22          0          0          0          0          0   (incl. Padding)

    ----------------------------------------------------------------------

      Code (inc. data)   RO Data    RW Data    ZI Data      Debug   Library Name

       236         16          0          0          0        428   mc_p.l
      3564         24        176          0          0      62745   micro_ecc_lib_nrf51.lib

    ----------------------------------------------------------------------
      3822         40        176          0          0      63173   Library Totals

    ----------------------------------------------------------------------

==============================================================================


      Code (inc. data)   RO Data    RW Data    ZI Data      Debug   

     18098       1184       1222        188       5984     437369   Grand Totals
     18098       1184       1222        188       5984     437369   ELF Image Totals
     18098       1184       1222        188          0          0   ROM Totals

==============================================================================

    Total RO  Size (Code + RO Data)                19320 (  18.87kB)
    Total RW  Size (RW Data + ZI Data)              6172 (   6.03kB)
    Total ROM Size (Code + RO Data + RW Data)      19508 (  19.05kB)

==============================================================================

