<html>
<body>
<pre>
<h1>µVision Build Log</h1>
<h2>Tool Versions:</h2>
IDE-Version: µVision V5.25.0.0
Copyright (C) 2017 ARM Ltd and ARM Germany GmbH. All rights reserved.
License Information: huyH I, JIU, LIC=QF82Z-J31ZZ-Z99G9-46K7L-SY4SU-9NV4F
 
Tool Versions:
Toolchain:       MDK-ARM Plus  Version: 5.25.0.0
Toolchain Path:  C:\Keil_v5\ARM\ARMCC\Bin
C Compiler:      Armcc.exe V5.06 update 6 (build 750)
Assembler:       Armasm.exe V5.06 update 6 (build 750)
Linker/Locator:  ArmLink.exe V5.06 update 6 (build 750)
Library Manager: ArmAr.exe V5.06 update 6 (build 750)
Hex Converter:   FromElf.exe V5.06 update 6 (build 750)
CPU DLL:         
Dialog DLL:      
Target DLL:      Segger\JL2CM3.dll V2.99.28.0
Dialog DLL:      TARMCM1.DLL V1.14.0.0
 
<h2>Project:</h2>
C:\Users\Huy\Desktop\KDoctor\nRF5_SDK_12.3.0_d7731ad\examples\dfu\bootloader_secure\pca10028\arm5_no_packs\secure_dfu_secure_dfu_ble_s130_pca10028.uvprojx
Project File Date:  05/12/2018

<h2>Output:</h2>
*** Using Compiler 'V5.06 update 6 (build 750)', folder: 'C:\Keil_v5\ARM\ARMCC\Bin'
Build target 'nrf51422_xxac_s130'
compiling dfu_public_key.c...
compiling dfu-cc.pb.c...
compiling boards.c...
compiling main.c...
compiling dfu_req_handling.c...
compiling ble_conn_params.c...
compiling ble_advdata.c...
compiling ble_srv_common.c...
compiling nrf_bootloader.c...
compiling nrf_bootloader_app_start.c...
compiling nrf_ble_dfu.c...
compiling nrf_bootloader_info.c...
compiling nrf_dfu.c...
compiling nrf_dfu_mbr.c...
compiling nrf_dfu_flash.c...
compiling nrf_dfu_transport.c...
compiling nrf_dfu_settings.c...
compiling nrf_dfu_utils.c...
compiling nrf_drv_common.c...
compiling nrf_nvmc.c...
compiling nrf_drv_rng.c...
compiling app_error_weak.c...
compiling app_scheduler.c...
compiling app_timer.c...
compiling app_timer_appsh.c...
compiling app_util_platform.c...
compiling crc32.c...
compiling ecc.c...
compiling fstorage.c...
compiling hci_mem_pool.c...
compiling nrf_assert.c...
compiling sdk_errors.c...
compiling nrf_crypto.c...
compiling nrf_queue.c...
compiling sha256.c...
compiling pb_common.c...
compiling softdevice_handler.c...
assembling arm_startup_nrf51.s...
compiling softdevice_handler_appsh.c...
compiling pb_decode.c...
compiling system_nrf51.c...
linking...
Program Size: Code=18098 RO-data=1222 RW-data=188 ZI-data=5984  
FromELF: creating hex file...
".\_build\nrf51422_xxac_s130.axf" - 0 Error(s), 0 Warning(s).

<h2>Software Packages used:</h2>

Package Vendor: ARM
                http://www.keil.com/pack/ARM.CMSIS.4.5.0.pack
                ARM.CMSIS.4.5.0
                CMSIS (Cortex Microcontroller Software Interface Standard)
   * Component: CORE Version: 4.3.0

Package Vendor: NordicSemiconductor
                http://developer.nordicsemi.com/nRF5_SDK/pieces/nRF_DeviceFamilyPack/NordicSemiconductor.nRF_DeviceFamilyPack.8.11.1.pack
                NordicSemiconductor.nRF_DeviceFamilyPack.8.11.1
                Nordic Semiconductor nRF ARM devices Device Family Pack.
   * Component: Startup Version: 8.11.1

<h2>Collection of Component include folders:</h2>
  .\RTE\_nrf51422_xxac_s130
  C:\Keil_v5\ARM\PACK\ARM\CMSIS\4.5.0\CMSIS\Include
  C:\Keil_v5\ARM\PACK\NordicSemiconductor\nRF_DeviceFamilyPack\8.11.1\Device\Include

<h2>Collection of Component Files used:</h2>

   * Component: NordicSemiconductor::Device:Startup:8.11.1
      Include file:  Device\Include\system_nrf51.h
      Source file:   Device\Source\arm\arm_startup_nrf51.s
      Source file:   Device\Source\system_nrf51.c

   * Component: ARM::CMSIS:CORE:4.3.0
Build Time Elapsed:  00:00:06
</pre>
</body>
</html>
