Component: ARM Compiler 5.06 update 6 (build 750) Tool: armlink [4d35ed]

==============================================================================

Section Cross References

    main.o(i.advertising_init) refers to memseta.o(.text) for __aeabi_memclr4
    main.o(i.advertising_init) refers to ble_advertising.o(i.ble_advertising_init) for ble_advertising_init
    main.o(i.advertising_init) refers to app_error.o(i.app_error_handler_bare) for app_error_handler_bare
    main.o(i.advertising_init) refers to main.o(.data) for m_adv_uuids
    main.o(i.advertising_init) refers to main.o(i.on_adv_evt) for on_adv_evt
    main.o(i.assert_nrf_callback) refers to app_error.o(i.app_error_handler) for app_error_handler
    main.o(i.ble_evt_dispatch) refers to ble_conn_params.o(i.ble_conn_params_on_ble_evt) for ble_conn_params_on_ble_evt
    main.o(i.ble_evt_dispatch) refers to ble_nus.o(i.ble_nus_on_ble_evt) for ble_nus_on_ble_evt
    main.o(i.ble_evt_dispatch) refers to main.o(i.on_ble_evt) for on_ble_evt
    main.o(i.ble_evt_dispatch) refers to ble_advertising.o(i.ble_advertising_on_ble_evt) for ble_advertising_on_ble_evt
    main.o(i.ble_evt_dispatch) refers to bsp_btn_ble.o(i.bsp_btn_ble_on_ble_evt) for bsp_btn_ble_on_ble_evt
    main.o(i.ble_evt_dispatch) refers to main.o(.bss) for m_nus
    main.o(i.ble_stack_init) refers to softdevice_handler.o(i.softdevice_handler_init) for softdevice_handler_init
    main.o(i.ble_stack_init) refers to app_error.o(i.app_error_handler_bare) for app_error_handler_bare
    main.o(i.ble_stack_init) refers to softdevice_handler.o(i.softdevice_enable_get_default_config) for softdevice_enable_get_default_config
    main.o(i.ble_stack_init) refers to softdevice_handler.o(i.softdevice_enable) for softdevice_enable
    main.o(i.ble_stack_init) refers to softdevice_handler.o(i.softdevice_ble_evt_handler_set) for softdevice_ble_evt_handler_set
    main.o(i.ble_stack_init) refers to main.o(.constdata) for .constdata
    main.o(i.ble_stack_init) refers to main.o(.bss) for BLE_EVT_BUFFER
    main.o(i.ble_stack_init) refers to main.o(i.ble_evt_dispatch) for ble_evt_dispatch
    main.o(i.bsp_event_handler) refers to main.o(i.sleep_mode_enter) for sleep_mode_enter
    main.o(i.bsp_event_handler) refers to app_error.o(i.app_error_handler_bare) for app_error_handler_bare
    main.o(i.bsp_event_handler) refers to ble_advertising.o(i.ble_advertising_restart_without_whitelist) for ble_advertising_restart_without_whitelist
    main.o(i.bsp_event_handler) refers to main.o(.data) for m_conn_handle
    main.o(i.buttons_leds_init) refers to bsp.o(i.bsp_init) for bsp_init
    main.o(i.buttons_leds_init) refers to app_error.o(i.app_error_handler_bare) for app_error_handler_bare
    main.o(i.buttons_leds_init) refers to bsp_btn_ble.o(i.bsp_btn_ble_init) for bsp_btn_ble_init
    main.o(i.buttons_leds_init) refers to main.o(i.bsp_event_handler) for bsp_event_handler
    main.o(i.conn_params_error_handler) refers to app_error.o(i.app_error_handler_bare) for app_error_handler_bare
    main.o(i.conn_params_init) refers to memseta.o(.text) for __aeabi_memclr4
    main.o(i.conn_params_init) refers to ble_conn_params.o(i.ble_conn_params_init) for ble_conn_params_init
    main.o(i.conn_params_init) refers to app_error.o(i.app_error_handler_bare) for app_error_handler_bare
    main.o(i.conn_params_init) refers to main.o(i.on_conn_params_evt) for on_conn_params_evt
    main.o(i.conn_params_init) refers to main.o(i.conn_params_error_handler) for conn_params_error_handler
    main.o(i.gap_params_init) refers to app_error.o(i.app_error_handler_bare) for app_error_handler_bare
    main.o(i.main) refers to app_timer.o(i.app_timer_init) for app_timer_init
    main.o(i.main) refers to app_error.o(i.app_error_handler_bare) for app_error_handler_bare
    main.o(i.main) refers to main.o(i.uart_init) for uart_init
    main.o(i.main) refers to main.o(i.ble_stack_init) for ble_stack_init
    main.o(i.main) refers to main.o(i.gap_params_init) for gap_params_init
    main.o(i.main) refers to main.o(i.services_init) for services_init
    main.o(i.main) refers to main.o(i.advertising_init) for advertising_init
    main.o(i.main) refers to main.o(i.conn_params_init) for conn_params_init
    main.o(i.main) refers to printfb.o(i.__0printf$bare) for __2printf
    main.o(i.main) refers to ble_advertising.o(i.ble_advertising_start) for ble_advertising_start
    main.o(i.main) refers to main.o(i.power_manage) for power_manage
    main.o(i.main) refers to main.o(.bss) for APP_TIMER_BUF
    main.o(i.nus_data_handler) refers to app_uart_fifo.o(i.app_uart_put) for app_uart_put
    main.o(i.on_adv_evt) refers to bsp.o(i.bsp_indication_set) for bsp_indication_set
    main.o(i.on_adv_evt) refers to app_error.o(i.app_error_handler_bare) for app_error_handler_bare
    main.o(i.on_adv_evt) refers to main.o(i.sleep_mode_enter) for sleep_mode_enter
    main.o(i.on_ble_evt) refers to bsp.o(i.bsp_indication_set) for bsp_indication_set
[...]
    i.advertising_init                       0x0001b9fc   Section        0  main.o(i.advertising_init)
    advertising_init                         0x0001b9fd   Thumb Code   108  main.o(i.advertising_init)
    i.app_error_fault_handler                0x0001ba70   Section        0  app_error_weak.o(i.app_error_fault_handler)
    i.app_error_handler_bare                 0x0001baa8   Section        0  app_error.o(i.app_error_handler_bare)
    i.app_fifo_get                           0x0001bac8   Section        0  app_fifo.o(i.app_fifo_get)
    i.app_fifo_init                          0x0001bae8   Section        0  app_fifo.o(i.app_fifo_init)
    i.app_fifo_put                           0x0001bb12   Section        0  app_fifo.o(i.app_fifo_put)
    i.app_timer_create                       0x0001bb34   Section        0  app_timer.o(i.app_timer_create)
    i.app_timer_init                         0x0001bb78   Section        0  app_timer.o(i.app_timer_init)
    i.app_timer_start                        0x0001bc04   Section        0  app_timer.o(i.app_timer_start)
    i.app_timer_stop                         0x0001bc58   Section        0  app_timer.o(i.app_timer_stop)
    i.app_uart_get                           0x0001bc90   Section        0  app_uart_fifo.o(i.app_uart_get)
    i.app_uart_init                          0x0001bce4   Section        0  app_uart_fifo.o(i.app_uart_init)
    i.app_uart_put                           0x0001bdd0   Section        0  app_uart_fifo.o(i.app_uart_put)
    i.app_util_critical_region_enter         0x0001be14   Section        0  app_util_platform.o(i.app_util_critical_region_enter)
    i.app_util_critical_region_exit          0x0001be68   Section        0  app_util_platform.o(i.app_util_critical_region_exit)
    i.appearance_encode                      0x0001bea8   Section        0  ble_advdata.o(i.appearance_encode)
    appearance_encode                        0x0001bea9   Thumb Code    84  ble_advdata.o(i.appearance_encode)
    i.apply_config                           0x0001befc   Section        0  nrf_drv_uart.o(i.apply_config)
    apply_config                             0x0001befd   Thumb Code   140  nrf_drv_uart.o(i.apply_config)
    i.ble_advdata_set                        0x0001bf88   Section        0  ble_advdata.o(i.ble_advdata_set)
    i.ble_advertising_init                   0x0001c020   Section        0  ble_advertising.o(i.ble_advertising_init)
    i.ble_advertising_on_ble_evt             0x0001c1d8   Section        0  ble_advertising.o(i.ble_advertising_on_ble_evt)
    i.ble_advertising_start                  0x0001c20c   Section        0  ble_advertising.o(i.ble_advertising_start)
    i.ble_conn_params_init                   0x0001c380   Section        0  ble_conn_params.o(i.ble_conn_params_init)
    i.ble_conn_params_on_ble_evt             0x0001c3f8   Section        0  ble_conn_params.o(i.ble_conn_params_on_ble_evt)
    i.ble_device_addr_encode                 0x0001c436   Section        0  ble_advdata.o(i.ble_device_addr_encode)
    ble_device_addr_encode                   0x0001c437   Thumb Code   112  ble_advdata.o(i.ble_device_addr_encode)
    i.ble_evt_dispatch                       0x0001c4a8   Section        0  main.o(i.ble_evt_dispatch)
    ble_evt_dispatch                         0x0001c4a9   Thumb Code    38  main.o(i.ble_evt_dispatch)
    i.ble_nus_init                           0x0001c4d4   Section        0  ble_nus.o(i.ble_nus_init)
    i.ble_nus_on_ble_evt                     0x0001c574   Section        0  ble_nus.o(i.ble_nus_on_ble_evt)
    i.ble_nus_string_send                    0x0001c5bc   Section        0  ble_nus.o(i.ble_nus_string_send)
    i.ble_srv_is_notification_enabled        0x0001c618   Section        0  ble_srv_common.o(i.ble_srv_is_notification_enabled)
    i.ble_stack_init                         0x0001c62c   Section        0  main.o(i.ble_stack_init)
    ble_stack_init                           0x0001c62d   Thumb Code   140  main.o(i.ble_stack_init)
    i.bsp_board_button_idx_to_pin            0x0001c6c4   Section        0  boards.o(i.bsp_board_button_idx_to_pin)
    i.bsp_board_led_invert                   0x0001c6d0   Section        0  boards.o(i.bsp_board_led_invert)
    i.bsp_board_led_off                      0x0001c70c   Section        0  boards.o(i.bsp_board_led_off)
    i.bsp_board_led_on                       0x0001c720   Section        0  boards.o(i.bsp_board_led_on)
    i.bsp_board_led_state_get                0x0001c734   Section        0  boards.o(i.bsp_board_led_state_get)
    i.bsp_board_leds_off                     0x0001c768   Section        0  boards.o(i.bsp_board_leds_off)
    i.bsp_board_leds_on                      0x0001c77c   Section        0  boards.o(i.bsp_board_leds_on)
    i.bsp_board_pin_to_button_idx            0x0001c790   Section        0  boards.o(i.bsp_board_pin_to_button_idx)
    i.bsp_btn_ble_on_ble_evt                 0x0001c7b4   Section        0  bsp_btn_ble.o(i.bsp_btn_ble_on_ble_evt)
    i.bsp_btn_ble_sleep_mode_prepare         0x0001c838   Section        0  bsp_btn_ble.o(i.bsp_btn_ble_sleep_mode_prepare)
    i.bsp_button_event_handler               0x0001c870   Section        0  bsp.o(i.bsp_button_event_handler)
    bsp_button_event_handler                 0x0001c871   Thumb Code   178  bsp.o(i.bsp_button_event_handler)
    i.bsp_event_to_button_action_assign      0x0001c93c   Section        0  bsp.o(i.bsp_event_to_button_action_assign)
    i.bsp_indication_set                     0x0001c998   Section        0  bsp.o(i.bsp_indication_set)
    i.bsp_led_indication                     0x0001c9bc   Section        0  bsp.o(i.bsp_led_indication)
    bsp_led_indication                       0x0001c9bd   Thumb Code   800  bsp.o(i.bsp_led_indication)
    i.bsp_wakeup_button_enable               0x0001ccf0   Section        0  bsp.o(i.bsp_wakeup_button_enable)
    i.channel_handler_get                    0x0001cd08   Section        0  nrf_drv_gpiote.o(i.channel_handler_get)
    channel_handler_get                      0x0001cd09   Thumb Code    10  nrf_drv_gpiote.o(i.channel_handler_get)
    i.channel_port_get                       0x0001cd18   Section        0  nrf_drv_gpiote.o(i.channel_port_get)
    channel_port_get                         0x0001cd19   Thumb Code     8  nrf_drv_gpiote.o(i.channel_port_get)
    i.clock_clk_started_notify               0x0001cd24   Section        0  nrf_drv_clock.o(i.clock_clk_started_notify)
    clock_clk_started_notify                 0x0001cd25   Thumb Code    46  nrf_drv_clock.o(i.clock_clk_started_notify)
    i.compare_reg_update                     0x0001cd58   Section        0  app_timer.o(i.compare_reg_update)
    compare_reg_update                       0x0001cd59   Thumb Code   126  app_timer.o(i.compare_reg_update)
    i.conn_int_check                         0x0001cde4   Section        0  ble_advdata.o(i.conn_int_check)
    conn_int_check                           0x0001cde5   Thumb Code    88  ble_advdata.o(i.conn_int_check)
    i.conn_int_encode                        0x0001ce40   Section        0  ble_advdata.o(i.conn_int_encode)
    conn_int_encode                          0x0001ce41   Thumb Code   106  ble_advdata.o(i.conn_int_encode)
    i.conn_params_error_handler              0x0001ceaa   Section        0  main.o(i.conn_params_error_handler)
    conn_params_error_handler                0x0001ceab   Thumb Code    16  main.o(i.conn_params_error_handler)
    i.conn_params_init                       0x0001cebc   Section        0  main.o(i.conn_params_init)
    conn_params_init                         0x0001cebd   Thumb Code    80  main.o(i.conn_params_init)
    i.conn_params_negotiation                0x0001cf14   Section        0  ble_conn_params.o(i.conn_params_negotiation)
    conn_params_negotiation                  0x0001cf15   Thumb Code   126  ble_conn_params.o(i.conn_params_negotiation)
    i.connection_buttons_configure           0x0001cfa8   Section        0  bsp_btn_ble.o(i.connection_buttons_configure)
    connection_buttons_configure             0x0001cfa9   Thumb Code    90  bsp_btn_ble.o(i.connection_buttons_configure)
    i.elapsed_ticks_acquire                  0x0001d004   Section        0  app_timer.o(i.elapsed_ticks_acquire)
    elapsed_ticks_acquire                    0x0001d005   Thumb Code    82  app_timer.o(i.elapsed_ticks_acquire)
    i.expired_timers_handler                 0x0001d068   Section        0  app_timer.o(i.expired_timers_handler)
    expired_timers_handler                   0x0001d069   Thumb Code    86  app_timer.o(i.expired_timers_handler)
    i.fifo_get                               0x0001d0c4   Section        0  app_fifo.o(i.fifo_get)
    fifo_get                                 0x0001d0c5   Thumb Code    24  app_fifo.o(i.fifo_get)
    i.fifo_length                            0x0001d0dc   Section        0  app_fifo.o(i.fifo_length)
    fifo_length                              0x0001d0dd   Thumb Code    10  app_fifo.o(i.fifo_length)
    i.fifo_length                            0x0001d0e6   Section        0  app_uart_fifo.o(i.fifo_length)
    fifo_length                              0x0001d0e7   Thumb Code    10  app_uart_fifo.o(i.fifo_length)
    i.fifo_peek                              0x0001d0f0   Section        0  app_fifo.o(i.fifo_peek)
    fifo_peek                                0x0001d0f1   Thumb Code    18  app_fifo.o(i.fifo_peek)
    i.fifo_put                               0x0001d102   Section        0  app_fifo.o(i.fifo_put)
    fifo_put                                 0x0001d103   Thumb Code    18  app_fifo.o(i.fifo_put)
    i.flags_encode                           0x0001d114   Section        0  ble_advdata.o(i.flags_encode)
    flags_encode                             0x0001d115   Thumb Code    54  ble_advdata.o(i.flags_encode)
    i.flash_access_in_progress               0x0001d14a   Section        0  ble_advertising.o(i.flash_access_in_progress)
    flash_access_in_progress                 0x0001d14b   Thumb Code    22  ble_advertising.o(i.flash_access_in_progress)
    i.fputc                                  0x0001d160   Section        0  retarget.o(i.fputc)
    i.fs_queued_op_count_get                 0x0001d170   Section        0  fstorage.o(i.fs_queued_op_count_get)
    i.gap_params_init                        0x0001d188   Section        0  main.o(i.gap_params_init)
    gap_params_init                          0x0001d189   Thumb Code   114  main.o(i.gap_params_init)
    i.intern_softdevice_events_execute       0x0001d208   Section        0  softdevice_handler.o(i.intern_softdevice_events_execute)
    i.is_conn_params_ok                      0x0001d2d4   Section        0  ble_conn_params.o(i.is_conn_params_ok)
    is_conn_params_ok                        0x0001d2d5   Thumb Code    30  ble_conn_params.o(i.is_conn_params_ok)
    i.is_disabled_in_debug_needed            0x0001d2f8   Section        0  system_nrf51.o(i.is_disabled_in_debug_needed)
    is_disabled_in_debug_needed              0x0001d2f9   Thumb Code    52  system_nrf51.o(i.is_disabled_in_debug_needed)
    i.is_manual_peripheral_setup_needed      0x0001d330   Section        0  system_nrf51.o(i.is_manual_peripheral_setup_needed)
    is_manual_peripheral_setup_needed        0x0001d331   Thumb Code   104  system_nrf51.o(i.is_manual_peripheral_setup_needed)
    i.is_peripheral_domain_setup_needed      0x0001d39c   Section        0  system_nrf51.o(i.is_peripheral_domain_setup_needed)
    is_peripheral_domain_setup_needed        0x0001d39d   Thumb Code    78  system_nrf51.o(i.is_peripheral_domain_setup_needed)
    i.item_dequeue                           0x0001d3f0   Section        0  nrf_drv_clock.o(i.item_dequeue)
    item_dequeue                             0x0001d3f1   Thumb Code    14  nrf_drv_clock.o(i.item_dequeue)
    i.list_deletions_handler                 0x0001d400   Section        0  app_timer.o(i.list_deletions_handler)
    list_deletions_handler                   0x0001d401   Thumb Code   114  app_timer.o(i.list_deletions_handler)
    i.list_insertions_handler                0x0001d47c   Section        0  app_timer.o(i.list_insertions_handler)
    list_insertions_handler                  0x0001d47d   Thumb Code   226  app_timer.o(i.list_insertions_handler)
    i.main                                   0x0001d574   Section        0  main.o(i.main)
    i.manuf_specific_data_encode             0x0001d5f0   Section        0  ble_advdata.o(i.manuf_specific_data_encode)
    manuf_specific_data_encode               0x0001d5f1   Thumb Code   120  ble_advdata.o(i.manuf_specific_data_encode)
    i.name_encode                            0x0001d668   Section        0  ble_advdata.o(i.name_encode)
    name_encode                              0x0001d669   Thumb Code   198  ble_advdata.o(i.name_encode)
    i.nrf_bitmask_bit_is_set                 0x0001d72e   Section        0  nrf_drv_gpiote.o(i.nrf_bitmask_bit_is_set)
    nrf_bitmask_bit_is_set                   0x0001d72f   Thumb Code    22  nrf_drv_gpiote.o(i.nrf_bitmask_bit_is_set)
    i.nrf_clock_event_check                  0x0001d744   Section        0  nrf_drv_clock.o(i.nrf_clock_event_check)
    nrf_clock_event_check                    0x0001d745   Thumb Code    22  nrf_drv_clock.o(i.nrf_clock_event_check)
    i.nrf_clock_event_clear                  0x0001d75a   Section        0  nrf_drv_clock.o(i.nrf_clock_event_clear)
    nrf_clock_event_clear                    0x0001d75b   Thumb Code    12  nrf_drv_clock.o(i.nrf_clock_event_clear)
    i.nrf_clock_int_disable                  0x0001d768   Section        0  nrf_drv_clock.o(i.nrf_clock_int_disable)
    nrf_clock_int_disable                    0x0001d769   Thumb Code     6  nrf_drv_clock.o(i.nrf_clock_int_disable)
    i.nrf_delay_us                           0x0001d774   Section        0  app_timer.o(i.nrf_delay_us)
    nrf_delay_us                             0x0001d775   Thumb Code    54  app_timer.o(i.nrf_delay_us)
    i.nrf_drv_clock_init                     0x0001d7b4   Section        0  nrf_drv_clock.o(i.nrf_drv_clock_init)
    i.nrf_drv_clock_on_sd_enable             0x0001d824   Section        0  nrf_drv_clock.o(i.nrf_drv_clock_on_sd_enable)
    i.nrf_drv_clock_on_soc_event             0x0001d858   Section        0  nrf_drv_clock.o(i.nrf_drv_clock_on_soc_event)
    i.nrf_drv_common_irq_enable              0x0001d868   Section        0  nrf_drv_common.o(i.nrf_drv_common_irq_enable)
    i.nrf_drv_get_IRQn                       0x0001d8a0   Section        0  nrf_drv_uart.o(i.nrf_drv_get_IRQn)
    nrf_drv_get_IRQn                         0x0001d8a1   Thumb Code    10  nrf_drv_uart.o(i.nrf_drv_get_IRQn)
    i.nrf_drv_uart_init                      0x0001d8ac   Section        0  nrf_drv_uart.o(i.nrf_drv_uart_init)
    i.nrf_drv_uart_rx                        0x0001d944   Section        0  nrf_drv_uart.o(i.nrf_drv_uart_rx)
    i.nrf_drv_uart_rx_enable                 0x0001d9b8   Section        0  nrf_drv_uart.o(i.nrf_drv_uart_rx_enable)
    i.nrf_drv_uart_rx_for_uart               0x0001d9e8   Section        0  nrf_drv_uart.o(i.nrf_drv_uart_rx_for_uart)
    nrf_drv_uart_rx_for_uart                 0x0001d9e9   Thumb Code   206  nrf_drv_uart.o(i.nrf_drv_uart_rx_for_uart)
    i.nrf_drv_uart_tx                        0x0001dabc   Section        0  nrf_drv_uart.o(i.nrf_drv_uart_tx)
    i.nrf_drv_uart_tx_for_uart               0x0001daf4   Section        0  nrf_drv_uart.o(i.nrf_drv_uart_tx_for_uart)
    nrf_drv_uart_tx_for_uart                 0x0001daf5   Thumb Code   148  nrf_drv_uart.o(i.nrf_drv_uart_tx_for_uart)
    i.nrf_drv_uart_tx_in_progress            0x0001db8c   Section        0  nrf_drv_uart.o(i.nrf_drv_uart_tx_in_progress)
    i.nrf_gpio_cfg                           0x0001dbac   Section        0  nrf_drv_uart.o(i.nrf_gpio_cfg)
    nrf_gpio_cfg                             0x0001dbad   Thumb Code    42  nrf_drv_uart.o(i.nrf_gpio_cfg)
    i.nrf_gpio_cfg_input                     0x0001dbd6   Section        0  nrf_drv_uart.o(i.nrf_gpio_cfg_input)
    nrf_gpio_cfg_input                       0x0001dbd7   Thumb Code    26  nrf_drv_uart.o(i.nrf_gpio_cfg_input)
    i.nrf_gpio_cfg_output                    0x0001dbf0   Section        0  nrf_drv_uart.o(i.nrf_gpio_cfg_output)
    nrf_gpio_cfg_output                      0x0001dbf1   Thumb Code    24  nrf_drv_uart.o(i.nrf_gpio_cfg_output)
    i.nrf_gpio_cfg_sense_set                 0x0001dc08   Section        0  bsp.o(i.nrf_gpio_cfg_sense_set)
    nrf_gpio_cfg_sense_set                   0x0001dc09   Thumb Code    64  bsp.o(i.nrf_gpio_cfg_sense_set)
    i.nrf_gpio_cfg_sense_set                 0x0001dc48   Section        0  nrf_drv_gpiote.o(i.nrf_gpio_cfg_sense_set)
    nrf_gpio_cfg_sense_set                   0x0001dc49   Thumb Code    64  nrf_drv_gpiote.o(i.nrf_gpio_cfg_sense_set)
    i.nrf_gpio_pin_set                       0x0001dc88   Section        0  nrf_drv_uart.o(i.nrf_gpio_pin_set)
    nrf_gpio_pin_set                         0x0001dc89   Thumb Code    24  nrf_drv_uart.o(i.nrf_gpio_pin_set)
    i.nrf_gpio_pin_write                     0x0001dca0   Section        0  boards.o(i.nrf_gpio_pin_write)
    nrf_gpio_pin_write                       0x0001dca1   Thumb Code    64  boards.o(i.nrf_gpio_pin_write)
    i.nrf_gpio_ports_read                    0x0001dce0   Section        0  nrf_drv_gpiote.o(i.nrf_gpio_ports_read)
    nrf_gpio_ports_read                      0x0001dce1   Thumb Code    42  nrf_drv_gpiote.o(i.nrf_gpio_ports_read)
    i.nrf_gpiote_event_addr_get              0x0001dd10   Section        0  nrf_drv_gpiote.o(i.nrf_gpiote_event_addr_get)
    nrf_gpiote_event_addr_get                0x0001dd11   Thumb Code     8  nrf_drv_gpiote.o(i.nrf_gpiote_event_addr_get)
    i.nrf_gpiote_event_clear                 0x0001dd1c   Section        0  nrf_drv_gpiote.o(i.nrf_gpiote_event_clear)
    nrf_gpiote_event_clear                   0x0001dd1d   Thumb Code    16  nrf_drv_gpiote.o(i.nrf_gpiote_event_clear)
    i.nrf_gpiote_event_is_set                0x0001dd2c   Section        0  nrf_drv_gpiote.o(i.nrf_gpiote_event_is_set)
    nrf_gpiote_event_is_set                  0x0001dd2d   Thumb Code    22  nrf_drv_gpiote.o(i.nrf_gpiote_event_is_set)
    i.nrf_uart_errorsrc_get_and_clear        0x0001dd42   Section        0  nrf_drv_uart.o(i.nrf_uart_errorsrc_get_and_clear)
    nrf_uart_errorsrc_get_and_clear          0x0001dd43   Thumb Code    20  nrf_drv_uart.o(i.nrf_uart_errorsrc_get_and_clear)
    i.nrf_uart_event_check                   0x0001dd56   Section        0  nrf_drv_uart.o(i.nrf_uart_event_check)
    nrf_uart_event_check                     0x0001dd57   Thumb Code    16  nrf_drv_uart.o(i.nrf_uart_event_check)
    i.nrf_uart_event_clear                   0x0001dd66   Section        0  nrf_drv_uart.o(i.nrf_uart_event_clear)
    nrf_uart_event_clear                     0x0001dd67   Thumb Code     6  nrf_drv_uart.o(i.nrf_uart_event_clear)
    i.nrf_uart_hwfc_pins_set                 0x0001dd6c   Section        0  nrf_drv_uart.o(i.nrf_uart_hwfc_pins_set)
    nrf_uart_hwfc_pins_set                   0x0001dd6d   Thumb Code    18  nrf_drv_uart.o(i.nrf_uart_hwfc_pins_set)
    i.nrf_uart_int_disable                   0x0001dd7e   Section        0  nrf_drv_uart.o(i.nrf_uart_int_disable)
    nrf_uart_int_disable                     0x0001dd7f   Thumb Code    10  nrf_drv_uart.o(i.nrf_uart_int_disable)
    i.nrf_uart_int_enable                    0x0001dd88   Section        0  nrf_drv_uart.o(i.nrf_uart_int_enable)
    nrf_uart_int_enable                      0x0001dd89   Thumb Code    10  nrf_drv_uart.o(i.nrf_uart_int_enable)
    i.nrf_uart_int_enable_check              0x0001dd92   Section        0  nrf_drv_uart.o(i.nrf_uart_int_enable_check)
    nrf_uart_int_enable_check                0x0001dd93   Thumb Code    24  nrf_drv_uart.o(i.nrf_uart_int_enable_check)
    i.nrf_uart_task_trigger                  0x0001ddaa   Section        0  nrf_drv_uart.o(i.nrf_uart_task_trigger)
    nrf_uart_task_trigger                    0x0001ddab   Thumb Code     6  nrf_drv_uart.o(i.nrf_uart_task_trigger)
    i.nrf_uart_txrx_pins_set                 0x0001ddb0   Section        0  nrf_drv_uart.o(i.nrf_uart_txrx_pins_set)
    nrf_uart_txrx_pins_set                   0x0001ddb1   Thumb Code    18  nrf_drv_uart.o(i.nrf_uart_txrx_pins_set)
    i.nus_data_handler                       0x0001ddc2   Section        0  main.o(i.nus_data_handler)
    nus_data_handler                         0x0001ddc3   Thumb Code    56  main.o(i.nus_data_handler)
    i.on_adv_evt                             0x0001ddfa   Section        0  main.o(i.on_adv_evt)
    on_adv_evt                               0x0001ddfb   Thumb Code    54  main.o(i.on_adv_evt)
    i.on_ble_evt                             0x0001de30   Section        0  main.o(i.on_ble_evt)
    on_ble_evt                               0x0001de31   Thumb Code   394  main.o(i.on_ble_evt)
    i.on_conn_params_evt                     0x0001dfc0   Section        0  main.o(i.on_conn_params_evt)
    on_conn_params_evt                       0x0001dfc1   Thumb Code    42  main.o(i.on_conn_params_evt)
    i.on_conn_params_update                  0x0001dff0   Section        0  ble_conn_params.o(i.on_conn_params_update)
    on_conn_params_update                    0x0001dff1   Thumb Code    20  ble_conn_params.o(i.on_conn_params_update)
    i.on_connect                             0x0001e008   Section        0  ble_conn_params.o(i.on_connect)
    on_connect                               0x0001e009   Thumb Code    42  ble_conn_params.o(i.on_connect)
    i.on_connect                             0x0001e044   Section        0  ble_nus.o(i.on_connect)
    on_connect                               0x0001e045   Thumb Code     6  ble_nus.o(i.on_connect)
    i.on_connected                           0x0001e04c   Section        0  ble_advertising.o(i.on_connected)
    on_connected                             0x0001e04d   Thumb Code    14  ble_advertising.o(i.on_connected)
    i.on_disconnect                          0x0001e060   Section        0  ble_conn_params.o(i.on_disconnect)
    on_disconnect                            0x0001e061   Thumb Code    50  ble_conn_params.o(i.on_disconnect)
    i.on_disconnect                          0x0001e0a4   Section        0  ble_nus.o(i.on_disconnect)
    on_disconnect                            0x0001e0a5   Thumb Code     8  ble_nus.o(i.on_disconnect)
    i.on_disconnected                        0x0001e0ac   Section        0  ble_advertising.o(i.on_disconnected)
    on_disconnected                          0x0001e0ad   Thumb Code    50  ble_advertising.o(i.on_disconnected)
    i.on_timeout                             0x0001e0ec   Section        0  ble_advertising.o(i.on_timeout)
    on_timeout                               0x0001e0ed   Thumb Code    52  ble_advertising.o(i.on_timeout)
    i.on_write                               0x0001e128   Section        0  ble_conn_params.o(i.on_write)
    on_write                                 0x0001e129   Thumb Code    74  ble_conn_params.o(i.on_write)
    i.on_write                               0x0001e17c   Section        0  ble_nus.o(i.on_write)
    on_write                                 0x0001e17d   Thumb Code    74  ble_nus.o(i.on_write)
    i.power_manage                           0x0001e1c6   Section        0  main.o(i.power_manage)
    power_manage                             0x0001e1c7   Thumb Code    28  main.o(i.power_manage)
    i.rtc1_compare0_set                      0x0001e1e4   Section        0  app_timer.o(i.rtc1_compare0_set)
    rtc1_compare0_set                        0x0001e1e5   Thumb Code     6  app_timer.o(i.rtc1_compare0_set)
    i.rtc1_counter_get                       0x0001e1f0   Section        0  app_timer.o(i.rtc1_counter_get)
    rtc1_counter_get                         0x0001e1f1   Thumb Code     6  app_timer.o(i.rtc1_counter_get)
    i.rtc1_init                              0x0001e1fc   Section        0  app_timer.o(i.rtc1_init)
    rtc1_init                                0x0001e1fd   Thumb Code    18  app_timer.o(i.rtc1_init)
    i.rtc1_start                             0x0001e214   Section        0  app_timer.o(i.rtc1_start)
    rtc1_start                               0x0001e215   Thumb Code    48  app_timer.o(i.rtc1_start)
    i.rtc1_stop                              0x0001e250   Section        0  app_timer.o(i.rtc1_stop)
    rtc1_stop                                0x0001e251   Thumb Code    66  app_timer.o(i.rtc1_stop)
    i.rx_byte                                0x0001e2a8   Section        0  nrf_drv_uart.o(i.rx_byte)
    rx_byte                                  0x0001e2a9   Thumb Code    72  nrf_drv_uart.o(i.rx_byte)
    i.rx_char_add                            0x0001e2f0   Section        0  ble_nus.o(i.rx_char_add)
    rx_char_add                              0x0001e2f1   Thumb Code   292  ble_nus.o(i.rx_char_add)
    i.rx_done_event                          0x0001e414   Section        0  nrf_drv_uart.o(i.rx_done_event)
    rx_done_event                            0x0001e415   Thumb Code    28  nrf_drv_uart.o(i.rx_done_event)
    i.rx_enable                              0x0001e430   Section        0  nrf_drv_uart.o(i.rx_enable)
    rx_enable                                0x0001e431   Thumb Code    34  nrf_drv_uart.o(i.rx_enable)
    i.sd_nvic_EnableIRQ                      0x0001e454   Section        0  softdevice_handler.o(i.sd_nvic_EnableIRQ)
    sd_nvic_EnableIRQ                        0x0001e455   Thumb Code   154  softdevice_handler.o(i.sd_nvic_EnableIRQ)
    i.service_data_encode                    0x0001e500   Section        0  ble_advdata.o(i.service_data_encode)
    service_data_encode                      0x0001e501   Thumb Code   150  ble_advdata.o(i.service_data_encode)
    i.services_init                          0x0001e598   Section        0  main.o(i.services_init)
    services_init                            0x0001e599   Thumb Code    42  main.o(i.services_init)
    i.set_adv_mode_directed                  0x0001e5cc   Section        0  ble_advertising.o(i.set_adv_mode_directed)
    set_adv_mode_directed                    0x0001e5cd   Thumb Code    24  ble_advertising.o(i.set_adv_mode_directed)
    i.set_adv_mode_directed_slow             0x0001e5ec   Section        0  ble_advertising.o(i.set_adv_mode_directed_slow)
    set_adv_mode_directed_slow               0x0001e5ed   Thumb Code    32  ble_advertising.o(i.set_adv_mode_directed_slow)
    i.set_adv_mode_fast                      0x0001e618   Section        0  ble_advertising.o(i.set_adv_mode_fast)
    set_adv_mode_fast                        0x0001e619   Thumb Code    90  ble_advertising.o(i.set_adv_mode_fast)
    i.set_adv_mode_slow                      0x0001e688   Section        0  ble_advertising.o(i.set_adv_mode_slow)
    set_adv_mode_slow                        0x0001e689   Thumb Code    90  ble_advertising.o(i.set_adv_mode_slow)
    i.sleep_mode_enter                       0x0001e6f8   Section        0  main.o(i.sleep_mode_enter)
    sleep_mode_enter                         0x0001e6f9   Thumb Code    82  main.o(i.sleep_mode_enter)
    i.softdevice_ble_evt_handler_set         0x0001e74c   Section        0  softdevice_handler.o(i.softdevice_ble_evt_handler_set)
    i.softdevice_enable                      0x0001e768   Section        0  softdevice_handler.o(i.softdevice_enable)
    i.softdevice_enable_get_default_config   0x0001e790   Section        0  softdevice_handler.o(i.softdevice_enable_get_default_config)
    i.softdevice_fault_handler               0x0001e7be   Section        0  softdevice_handler.o(i.softdevice_fault_handler)
    i.softdevice_handler_init                0x0001e7d4   Section        0  softdevice_handler.o(i.softdevice_handler_init)
    i.softdevice_handler_is_enabled          0x0001e87c   Section        0  softdevice_handler.o(i.softdevice_handler_is_enabled)
    i.srdata_check                           0x0001e888   Section        0  ble_advdata.o(i.srdata_check)
    srdata_check                             0x0001e889   Thumb Code    16  ble_advdata.o(i.srdata_check)
    i.ticks_diff_get                         0x0001e898   Section        0  app_timer.o(i.ticks_diff_get)
    ticks_diff_get                           0x0001e899   Thumb Code    10  app_timer.o(i.ticks_diff_get)
    i.timeout_handler_exec                   0x0001e8a4   Section        0  app_timer.o(i.timeout_handler_exec)
    timeout_handler_exec                     0x0001e8a5   Thumb Code    54  app_timer.o(i.timeout_handler_exec)
    i.timer_list_handler                     0x0001e8e0   Section        0  app_timer.o(i.timer_list_handler)
    timer_list_handler                       0x0001e8e1   Thumb Code    74  app_timer.o(i.timer_list_handler)
    i.timer_list_handler_sched               0x0001e938   Section        0  app_timer.o(i.timer_list_handler_sched)
    timer_list_handler_sched                 0x0001e939   Thumb Code    10  app_timer.o(i.timer_list_handler_sched)
    i.timer_list_insert                      0x0001e944   Section        0  app_timer.o(i.timer_list_insert)
    timer_list_insert                        0x0001e945   Thumb Code   104  app_timer.o(i.timer_list_insert)
    i.timer_list_remove                      0x0001e9b0   Section        0  app_timer.o(i.timer_list_remove)
    timer_list_remove                        0x0001e9b1   Thumb Code    96  app_timer.o(i.timer_list_remove)
    i.timer_start_op_schedule                0x0001ea20   Section        0  app_timer.o(i.timer_start_op_schedule)
    timer_start_op_schedule                  0x0001ea21   Thumb Code    92  app_timer.o(i.timer_start_op_schedule)
    i.timer_stop_op_schedule                 0x0001ea7c   Section        0  app_timer.o(i.timer_stop_op_schedule)
    timer_stop_op_schedule                   0x0001ea7d   Thumb Code    66  app_timer.o(i.timer_stop_op_schedule)
    i.timer_timeouts_check                   0x0001eac0   Section        0  app_timer.o(i.timer_timeouts_check)
    timer_timeouts_check                     0x0001eac1   Thumb Code   128  app_timer.o(i.timer_timeouts_check)
    i.timer_timeouts_check_sched             0x0001eb54   Section        0  app_timer.o(i.timer_timeouts_check_sched)
    timer_timeouts_check_sched               0x0001eb55   Thumb Code    10  app_timer.o(i.timer_timeouts_check_sched)
    i.tx_byte                                0x0001eb5e   Section        0  nrf_drv_uart.o(i.tx_byte)
    tx_byte                                  0x0001eb5f   Thumb Code    42  nrf_drv_uart.o(i.tx_byte)
    i.tx_char_add                            0x0001eb88   Section        0  ble_nus.o(i.tx_char_add)
    tx_char_add                              0x0001eb89   Thumb Code   222  ble_nus.o(i.tx_char_add)
    i.tx_done_event                          0x0001ec66   Section        0  nrf_drv_uart.o(i.tx_done_event)
    tx_done_event                            0x0001ec67   Thumb Code    34  nrf_drv_uart.o(i.tx_done_event)
    i.tx_power_level_encode                  0x0001ec88   Section        0  ble_advdata.o(i.tx_power_level_encode)
    tx_power_level_encode                    0x0001ec89   Thumb Code    54  ble_advdata.o(i.tx_power_level_encode)
    i.uart_event_handle                      0x0001ecc0   Section        0  main.o(i.uart_event_handle)
    i.uart_event_handler                     0x0001ed58   Section        0  app_uart_fifo.o(i.uart_event_handler)
    uart_event_handler                       0x0001ed59   Thumb Code   190  app_uart_fifo.o(i.uart_event_handler)
    i.uart_init                              0x0001ee34   Section        0  main.o(i.uart_init)
    uart_init                                0x0001ee35   Thumb Code    76  main.o(i.uart_init)
    i.uart_irq_handler                       0x0001ee90   Section        0  nrf_drv_uart.o(i.uart_irq_handler)
    uart_irq_handler                         0x0001ee91   Thumb Code   344  nrf_drv_uart.o(i.uart_irq_handler)
    i.uint16_decode                          0x0001efe8   Section        0  ble_srv_common.o(i.uint16_decode)
    uint16_decode                            0x0001efe9   Thumb Code    12  ble_srv_common.o(i.uint16_decode)
    i.uint16_encode                          0x0001eff4   Section        0  ble_advdata.o(i.uint16_encode)
    uint16_encode                            0x0001eff5   Thumb Code    18  ble_advdata.o(i.uint16_encode)
    i.update_timeout_handler                 0x0001f008   Section        0  ble_conn_params.o(i.update_timeout_handler)
    update_timeout_handler                   0x0001f009   Thumb Code   136  ble_conn_params.o(i.update_timeout_handler)
    i.user_op_alloc                          0x0001f0a4   Section        0  app_timer.o(i.user_op_alloc)
    user_op_alloc                            0x0001f0a5   Thumb Code    52  app_timer.o(i.user_op_alloc)
    i.user_op_enque                          0x0001f0dc   Section        0  app_timer.o(i.user_op_enque)
    user_op_enque                            0x0001f0dd   Thumb Code     6  app_timer.o(i.user_op_enque)
    i.uuid_list_encode                       0x0001f0e8   Section        0  ble_advdata.o(i.uuid_list_encode)
    uuid_list_encode                         0x0001f0e9   Thumb Code    76  ble_advdata.o(i.uuid_list_encode)
    i.uuid_list_sized_encode                 0x0001f134   Section        0  ble_advdata.o(i.uuid_list_sized_encode)
    uuid_list_sized_encode                   0x0001f135   Thumb Code   224  ble_advdata.o(i.uuid_list_sized_encode)
    i.whitelist_has_entries                  0x0001f214   Section        0  ble_advertising.o(i.whitelist_has_entries)
    whitelist_has_entries                    0x0001f215   Thumb Code    24  ble_advertising.o(i.whitelist_has_entries)
    .constdata                               0x0001f230   Section       28  main.o(.constdata)
    .constdata                               0x0001f24c   Section        8  boards.o(.constdata)
    m_board_led_list                         0x0001f24c   Data           4  boards.o(.constdata)
    m_board_btn_list                         0x0001f250   Data           4  boards.o(.constdata)
    .constdata                               0x0001f254   Section       44  bsp.o(.constdata)
    m_leds_timer_id                          0x0001f254   Data           4  bsp.o(.constdata)
    m_alert_timer_id                         0x0001f258   Data           4  bsp.o(.constdata)
    m_button_timer_id                        0x0001f25c   Data           4  bsp.o(.constdata)
    app_buttons                              0x0001f260   Data          32  bsp.o(.constdata)
    .constdata                               0x0001f280   Section        4  ble_conn_params.o(.constdata)
    m_conn_params_timer_id                   0x0001f280   Data           4  ble_conn_params.o(.constdata)
    .constdata                               0x0001f284   Section       16  ble_nus.o(.constdata)
    .constdata                               0x0001f294   Section       71  nrf_drv_gpiote.o(.constdata)
    __func__                                 0x0001f298   Data          20  nrf_drv_gpiote.o(.constdata)
    __func__                                 0x0001f2ac   Data          24  nrf_drv_gpiote.o(.constdata)
    __func__                                 0x0001f2c4   Data          23  nrf_drv_gpiote.o(.constdata)
    .constdata                               0x0001f2dc   Section       32  app_uart_fifo.o(.constdata)
    .data                                    0x20001fe8   Section        7  main.o(.data)
    m_conn_handle                            0x20001fe8   Data           2  main.o(.data)
    m_adv_uuids                              0x20001fea   Data           4  main.o(.data)
    index                                    0x20001fee   Data           1  main.o(.data)
    .data                                    0x20001ff0   Section       21  bsp.o(.data)
    m_stable_state                           0x20001ff0   Data           1  bsp.o(.data)
    m_leds_clear                             0x20001ff1   Data           1  bsp.o(.data)
    m_app_ticks_per_100ms                    0x20001ff4   Data           4  bsp.o(.data)
    m_indication_type                        0x20001ff8   Data           4  bsp.o(.data)
    m_registered_callback                    0x20001ffc   Data           4  bsp.o(.data)
    current_long_push_pin_no                 0x20002000   Data           1  bsp.o(.data)
    release_event_at_push                    0x20002001   Data           4  bsp.o(.data)
    .data                                    0x20002008   Section        8  bsp_btn_ble.o(.data)
    m_error_handler                          0x20002008   Data           4  bsp_btn_ble.o(.data)
    m_num_connections                        0x2000200c   Data           4  bsp_btn_ble.o(.data)
    .data                                    0x20002010   Section       48  ble_advertising.o(.data)
    m_initialized                            0x20002010   Data           1  ble_advertising.o(.data)
    m_advertising_start_pending              0x20002011   Data           1  ble_advertising.o(.data)
    m_adv_evt                                0x20002012   Data           1  ble_advertising.o(.data)
    m_adv_mode_current                       0x20002013   Data           1  ble_advertising.o(.data)
    m_peer_address                           0x20002014   Data           7  ble_advertising.o(.data)
    m_peer_addr_reply_expected               0x2000201b   Data           1  ble_advertising.o(.data)
    m_slave_conn_int                         0x2000201c   Data           4  ble_advertising.o(.data)
    m_current_slave_link_conn_handle         0x20002020   Data           2  ble_advertising.o(.data)
    m_evt_handler                            0x20002024   Data           4  ble_advertising.o(.data)
    m_error_handler                          0x20002028   Data           4  ble_advertising.o(.data)
    m_whitelist_temporarily_disabled         0x2000202c   Data           1  ble_advertising.o(.data)
    m_whitelist_reply_expected               0x2000202d   Data           1  ble_advertising.o(.data)
    m_whitelist                              0x20002030   Data          16  ble_advertising.o(.data)
    .data                                    0x20002040   Section       21  ble_conn_params.o(.data)
    m_preferred_conn_params                  0x20002040   Data           8  ble_conn_params.o(.data)
    m_update_count                           0x20002048   Data           1  ble_conn_params.o(.data)
    m_conn_handle                            0x2000204a   Data           2  ble_conn_params.o(.data)
    m_current_conn_params                    0x2000204c   Data           8  ble_conn_params.o(.data)
    m_change_param                           0x20002054   Data           1  ble_conn_params.o(.data)
    .data                                    0x20002058   Section       34  app_timer.o(.data)
    m_op_queue                               0x20002058   Data           8  app_timer.o(.data)
    mp_timer_id_head                         0x20002060   Data           4  app_timer.o(.data)
    m_ticks_latest                           0x20002064   Data           4  app_timer.o(.data)
    m_ticks_elapsed                          0x20002068   Data           8  app_timer.o(.data)
    m_ticks_elapsed_q_read_ind               0x20002070   Data           1  app_timer.o(.data)
    m_ticks_elapsed_q_write_ind              0x20002071   Data           1  app_timer.o(.data)
    m_evt_schedule_func                      0x20002074   Data           4  app_timer.o(.data)
    m_rtc1_running                           0x20002078   Data           1  app_timer.o(.data)
    m_rtc1_reset                             0x20002079   Data           1  app_timer.o(.data)
    .data                                    0x2000207c   Section       15  app_uart_fifo.o(.data)
    app_uart_inst                            0x2000207c   Data           8  app_uart_fifo.o(.data)
    m_event_handler                          0x20002084   Data           4  app_uart_fifo.o(.data)
    tx_buffer                                0x20002088   Data           1  app_uart_fifo.o(.data)
    rx_buffer                                0x20002089   Data           1  app_uart_fifo.o(.data)
    m_rx_ovf                                 0x2000208a   Data           1  app_uart_fifo.o(.data)
    .data                                    0x2000208c   Section       12  app_util_platform.o(.data)
    m_in_critical_region                     0x20002094   Data           4  app_util_platform.o(.data)
    .data                                    0x20002098   Section        8  retarget.o(.data)
    .data                                    0x200020a0   Section       24  softdevice_handler.o(.data)
    m_evt_schedule_func                      0x200020a0   Data           4  softdevice_handler.o(.data)
    m_softdevice_enabled                     0x200020a4   Data           1  softdevice_handler.o(.data)
    m_suspended                              0x200020a5   Data           1  softdevice_handler.o(.data)
    mp_ble_evt_buffer                        0x200020a8   Data           4  softdevice_handler.o(.data)
    m_ble_evt_buffer_size                    0x200020ac   Data           2  softdevice_handler.o(.data)
    m_ble_evt_handler                        0x200020b0   Data           4  softdevice_handler.o(.data)
    m_sys_evt_handler                        0x200020b4   Data           4  softdevice_handler.o(.data)
    .data                                    0x200020b8   Section        4  system_nrf51.o(.data)
    __tagsym$$used                           0x200020b8   Number         0  system_nrf51.o(.data)
    .bss                                     0x200020bc   Section      752  main.o(.bss)
    m_nus                                    0x200020bc   Data          28  main.o(.bss)
    BLE_EVT_BUFFER                           0x200020d8   Data          72  main.o(.bss)
    data_array                               0x20002120   Data          20  main.o(.bss)
    rx_buf                                   0x20002134   Data         256  main.o(.bss)
    tx_buf                                   0x20002234   Data         256  main.o(.bss)
    APP_TIMER_BUF                            0x20002334   Data         120  main.o(.bss)
    .bss                                     0x200023ac   Section      108  bsp.o(.bss)
    m_leds_timer_id_data                     0x200023ac   Data          32  bsp.o(.bss)
    m_alert_timer_id_data                    0x200023cc   Data          32  bsp.o(.bss)
    m_events_list                            0x200023ec   Data          12  bsp.o(.bss)
    m_button_timer_id_data                   0x200023f8   Data          32  bsp.o(.bss)
    .bss                                     0x20002418   Section      428  ble_advertising.o(.bss)
    m_adv_modes_config                       0x20002418   Data          32  ble_advertising.o(.bss)
    m_advdata                                0x20002438   Data          60  ble_advertising.o(.bss)
    m_manuf_specific_data                    0x20002474   Data          12  ble_advertising.o(.bss)
    m_manuf_data_array                       0x20002480   Data          31  ble_advertising.o(.bss)
    m_service_data                           0x200024a0   Data          12  ble_advertising.o(.bss)
    m_service_data_array                     0x200024ac   Data          31  ble_advertising.o(.bss)
    m_p_whitelist_addrs                      0x200024cc   Data          32  ble_advertising.o(.bss)
    m_p_whitelist_irks                       0x200024ec   Data          32  ble_advertising.o(.bss)
    m_whitelist_addrs                        0x2000250c   Data          56  ble_advertising.o(.bss)
    m_whitelist_irks                         0x20002544   Data         128  ble_advertising.o(.bss)
    .bss                                     0x200025c4   Section       60  ble_conn_params.o(.bss)
    m_conn_params_config                     0x200025c4   Data          28  ble_conn_params.o(.bss)
    m_conn_params_timer_id_data              0x200025e0   Data          32  ble_conn_params.o(.bss)
    .bss                                     0x20002600   Section       20  nrf_drv_clock.o(.bss)
    m_clock_cb                               0x20002600   Data          20  nrf_drv_clock.o(.bss)
    .bss                                     0x20002614   Section       72  nrf_drv_gpiote.o(.bss)
    m_cb                                     0x20002614   Data          72  nrf_drv_gpiote.o(.bss)
    .bss                                     0x2000265c   Section       28  nrf_drv_uart.o(.bss)
    m_cb                                     0x2000265c   Data          28  nrf_drv_uart.o(.bss)
    .bss                                     0x20002678   Section       32  app_uart_fifo.o(.bss)
    m_rx_fifo                                0x20002678   Data          16  app_uart_fifo.o(.bss)
    m_tx_fifo                                0x20002688   Data          16  app_uart_fifo.o(.bss)
    .bss                                     0x20002698   Section      104  fstorage.o(.bss)
    m_queue                                  0x20002698   Data         104  fstorage.o(.bss)
    STACK                                    0x20002700   Section     2048  arm_startup_nrf51.o(STACK)

    Global Symbols

    Symbol Name                              Value     Ov Type        Size  Object(Section)

    BuildAttributes$$THM_ISAv3M$S$PE$A:L22$X:L11$S22$IEEE1$IW$USESV6$~STKCKD$USESV7$~SHL$OSPACE$ROPI$EBA8$MICROLIB$REQ8$PRES8$EABIv2 0x00000000   Number         0  anon$$obj.o ABSOLUTE
    __ARM_use_no_argv                        0x00000000   Number         0  main.o ABSOLUTE
    __cpp_initialize__aeabi_                  - Undefined Weak Reference
    __cxa_finalize                            - Undefined Weak Reference
    __decompress                              - Undefined Weak Reference
    _clock_init                               - Undefined Weak Reference
    _microlib_exit                            - Undefined Weak Reference
    fs_data$$Base                             - Undefined Reference
    fs_data$$Limit                            - Undefined Reference
    __Vectors_Size                           0x000000c0   Number         0  arm_startup_nrf51.o ABSOLUTE
    __Vectors                                0x0001b000   Data           4  arm_startup_nrf51.o(RESET)
    __Vectors_End                            0x0001b0c0   Data           0  arm_startup_nrf51.o(RESET)
    __main                                   0x0001b0c1   Thumb Code     0  entry.o(.ARM.Collect$$$$00000000)
    _main_stk                                0x0001b0c1   Thumb Code     0  entry2.o(.ARM.Collect$$$$00000001)
    _main_scatterload                        0x0001b0c5   Thumb Code     0  entry5.o(.ARM.Collect$$$$00000004)
    __main_after_scatterload                 0x0001b0c9   Thumb Code     0  entry5.o(.ARM.Collect$$$$00000004)
    _main_clock                              0x0001b0c9   Thumb Code     0  entry7b.o(.ARM.Collect$$$$00000008)
    _main_cpp_init                           0x0001b0c9   Thumb Code     0  entry8b.o(.ARM.Collect$$$$0000000A)
    _main_init                               0x0001b0c9   Thumb Code     0  entry9a.o(.ARM.Collect$$$$0000000B)
    __rt_final_cpp                           0x0001b0d1   Thumb Code     0  entry10a.o(.ARM.Collect$$$$0000000D)
    __rt_final_exit                          0x0001b0d1   Thumb Code     0  entry11a.o(.ARM.Collect$$$$0000000F)
    Reset_Handler                            0x0001b0d5   Thumb Code    26  arm_startup_nrf51.o(.text)
    NMI_Handler                              0x0001b0ef   Thumb Code     2  arm_startup_nrf51.o(.text)
    HardFault_Handler                        0x0001b0f1   Thumb Code     2  arm_startup_nrf51.o(.text)
    SVC_Handler                              0x0001b0f3   Thumb Code     2  arm_startup_nrf51.o(.text)
    PendSV_Handler                           0x0001b0f5   Thumb Code     2  arm_startup_nrf51.o(.text)
    SysTick_Handler                          0x0001b0f7   Thumb Code     2  arm_startup_nrf51.o(.text)
    ADC_IRQHandler                           0x0001b0f9   Thumb Code     0  arm_startup_nrf51.o(.text)
    CCM_AAR_IRQHandler                       0x0001b0f9   Thumb Code     0  arm_startup_nrf51.o(.text)
    ECB_IRQHandler                           0x0001b0f9   Thumb Code     0  arm_startup_nrf51.o(.text)
    LPCOMP_IRQHandler                        0x0001b0f9   Thumb Code     0  arm_startup_nrf51.o(.text)
    QDEC_IRQHandler                          0x0001b0f9   Thumb Code     0  arm_startup_nrf51.o(.text)
    RADIO_IRQHandler                         0x0001b0f9   Thumb Code     0  arm_startup_nrf51.o(.text)
    RNG_IRQHandler                           0x0001b0f9   Thumb Code     0  arm_startup_nrf51.o(.text)
    RTC0_IRQHandler                          0x0001b0f9   Thumb Code     0  arm_startup_nrf51.o(.text)
    SPI0_TWI0_IRQHandler                     0x0001b0f9   Thumb Code     0  arm_startup_nrf51.o(.text)
    SPI1_TWI1_IRQHandler                     0x0001b0f9   Thumb Code     0  arm_startup_nrf51.o(.text)
    SWI1_IRQHandler                          0x0001b0f9   Thumb Code     0  arm_startup_nrf51.o(.text)
    SWI3_IRQHandler                          0x0001b0f9   Thumb Code     0  arm_startup_nrf51.o(.text)
    SWI4_IRQHandler                          0x0001b0f9   Thumb Code     0  arm_startup_nrf51.o(.text)
    SWI5_IRQHandler                          0x0001b0f9   Thumb Code     0  arm_startup_nrf51.o(.text)
    TEMP_IRQHandler                          0x0001b0f9   Thumb Code     0  arm_startup_nrf51.o(.text)
    TIMER0_IRQHandler                        0x0001b0f9   Thumb Code     0  arm_startup_nrf51.o(.text)
    TIMER1_IRQHandler                        0x0001b0f9   Thumb Code     0  arm_startup_nrf51.o(.text)
    TIMER2_IRQHandler                        0x0001b0f9   Thumb Code     0  arm_startup_nrf51.o(.text)
    WDT_IRQHandler                           0x0001b0f9   Thumb Code     0  arm_startup_nrf51.o(.text)
    __aeabi_uidiv                            0x0001b10d   Thumb Code     0  uidiv.o(.text)
    __aeabi_uidivmod                         0x0001b10d   Thumb Code    44  uidiv.o(.text)
    __aeabi_idiv                             0x0001b139   Thumb Code     0  idiv.o(.text)
    __aeabi_idivmod                          0x0001b139   Thumb Code    40  idiv.o(.text)
    __aeabi_memcpy                           0x0001b161   Thumb Code    36  memcpya.o(.text)
    __aeabi_memcpy4                          0x0001b161   Thumb Code     0  memcpya.o(.text)
    __aeabi_memcpy8                          0x0001b161   Thumb Code     0  memcpya.o(.text)
    __aeabi_memset                           0x0001b185   Thumb Code    14  memseta.o(.text)
    __aeabi_memset4                          0x0001b185   Thumb Code     0  memseta.o(.text)
    __aeabi_memset8                          0x0001b185   Thumb Code     0  memseta.o(.text)
    __aeabi_memclr                           0x0001b193   Thumb Code     4  memseta.o(.text)
    __aeabi_memclr4                          0x0001b193   Thumb Code     0  memseta.o(.text)
    __aeabi_memclr8                          0x0001b193   Thumb Code     0  memseta.o(.text)
    _memset$wrapper                          0x0001b197   Thumb Code    18  memseta.o(.text)
    __scatterload                            0x0001b1a9   Thumb Code    28  init.o(.text)
    __scatterload_rt2                        0x0001b1a9   Thumb Code     0  init.o(.text)
    GPIOTE_IRQHandler                        0x0001b1cd   Thumb Code   618  nrf_drv_gpiote.o(i.GPIOTE_IRQHandler)
    POWER_CLOCK_IRQHandler                   0x0001b599   Thumb Code    78  nrf_drv_clock.o(i.POWER_CLOCK_IRQHandler)
    RTC1_IRQHandler                          0x0001b5ed   Thumb Code    34  app_timer.o(i.RTC1_IRQHandler)
    SWI0_IRQHandler                          0x0001b615   Thumb Code     8  app_timer.o(i.SWI0_IRQHandler)
    SWI2_IRQHandler                          0x0001b61d   Thumb Code    46  softdevice_handler.o(i.SWI2_IRQHandler)
    SystemInit                               0x0001b651   Thumb Code    76  system_nrf51.o(i.SystemInit)
    UART0_IRQHandler                         0x0001b6b5   Thumb Code    12  nrf_drv_uart.o(i.UART0_IRQHandler)
    __0printf$bare                           0x0001b6c9   Thumb Code    12  printfb.o(i.__0printf$bare)
    __1printf$bare                           0x0001b6c9   Thumb Code     0  printfb.o(i.__0printf$bare)
    __2printf                                0x0001b6c9   Thumb Code     0  printfb.o(i.__0printf$bare)
    __ARM_common_switch8                     0x0001b6dd   Thumb Code    28  bsp.o(i.__ARM_common_switch8)
    __scatterload_copy                       0x0001b6f9   Thumb Code    14  handlers.o(i.__scatterload_copy)
    __scatterload_null                       0x0001b707   Thumb Code     2  handlers.o(i.__scatterload_null)
    __scatterload_zeroinit                   0x0001b709   Thumb Code    14  handlers.o(i.__scatterload_zeroinit)
    adv_data_encode                          0x0001b781   Thumb Code   398  ble_advdata.o(i.adv_data_encode)
    app_error_fault_handler                  0x0001ba71   Thumb Code    48  app_error_weak.o(i.app_error_fault_handler)
    app_error_handler_bare                   0x0001baa9   Thumb Code    26  app_error.o(i.app_error_handler_bare)
    app_fifo_get                             0x0001bac9   Thumb Code    32  app_fifo.o(i.app_fifo_get)
    app_fifo_init                            0x0001bae9   Thumb Code    42  app_fifo.o(i.app_fifo_init)
    app_fifo_put                             0x0001bb13   Thumb Code    34  app_fifo.o(i.app_fifo_put)
    app_timer_create                         0x0001bb35   Thumb Code    64  app_timer.o(i.app_timer_create)
    app_timer_init                           0x0001bb79   Thumb Code   116  app_timer.o(i.app_timer_init)
    app_timer_start                          0x0001bc05   Thumb Code    80  app_timer.o(i.app_timer_start)
    app_timer_stop                           0x0001bc59   Thumb Code    50  app_timer.o(i.app_timer_stop)
    app_uart_get                             0x0001bc91   Thumb Code    66  app_uart_fifo.o(i.app_uart_get)
    app_uart_init                            0x0001bce5   Thumb Code   204  app_uart_fifo.o(i.app_uart_init)
    app_uart_put                             0x0001bdd1   Thumb Code    56  app_uart_fifo.o(i.app_uart_put)
    app_util_critical_region_enter           0x0001be15   Thumb Code    70  app_util_platform.o(i.app_util_critical_region_enter)
    app_util_critical_region_exit            0x0001be69   Thumb Code    56  app_util_platform.o(i.app_util_critical_region_exit)
    ble_advdata_set                          0x0001bf89   Thumb Code   152  ble_advdata.o(i.ble_advdata_set)
    ble_advertising_init                     0x0001c021   Thumb Code   374  ble_advertising.o(i.ble_advertising_init)
    ble_advertising_on_ble_evt               0x0001c1d9   Thumb Code    50  ble_advertising.o(i.ble_advertising_on_ble_evt)
    ble_advertising_start                    0x0001c20d   Thumb Code   330  ble_advertising.o(i.ble_advertising_start)
    ble_conn_params_init                     0x0001c381   Thumb Code    90  ble_conn_params.o(i.ble_conn_params_init)
    ble_conn_params_on_ble_evt               0x0001c3f9   Thumb Code    62  ble_conn_params.o(i.ble_conn_params_on_ble_evt)
    ble_nus_init                             0x0001c4d5   Thumb Code   156  ble_nus.o(i.ble_nus_init)
    ble_nus_on_ble_evt                       0x0001c575   Thumb Code    70  ble_nus.o(i.ble_nus_on_ble_evt)
    ble_nus_string_send                      0x0001c5bd   Thumb Code    88  ble_nus.o(i.ble_nus_string_send)
    ble_srv_is_notification_enabled          0x0001c619   Thumb Code    18  ble_srv_common.o(i.ble_srv_is_notification_enabled)
    bsp_board_button_idx_to_pin              0x0001c6c5   Thumb Code     8  boards.o(i.bsp_board_button_idx_to_pin)
    bsp_board_led_invert                     0x0001c6d1   Thumb Code    54  boards.o(i.bsp_board_led_invert)
    bsp_board_led_off                        0x0001c70d   Thumb Code    16  boards.o(i.bsp_board_led_off)
    bsp_board_led_on                         0x0001c721   Thumb Code    16  boards.o(i.bsp_board_led_on)
    bsp_board_led_state_get                  0x0001c735   Thumb Code    48  boards.o(i.bsp_board_led_state_get)
    bsp_board_leds_off                       0x0001c769   Thumb Code    20  boards.o(i.bsp_board_leds_off)
    bsp_board_leds_on                        0x0001c77d   Thumb Code    20  boards.o(i.bsp_board_leds_on)
    bsp_board_pin_to_button_idx              0x0001c791   Thumb Code    32  boards.o(i.bsp_board_pin_to_button_idx)
    bsp_btn_ble_on_ble_evt                   0x0001c7b5   Thumb Code   122  bsp_btn_ble.o(i.bsp_btn_ble_on_ble_evt)
    bsp_btn_ble_sleep_mode_prepare           0x0001c839   Thumb Code    54  bsp_btn_ble.o(i.bsp_btn_ble_sleep_mode_prepare)
    bsp_event_to_button_action_assign        0x0001c93d   Thumb Code    88  bsp.o(i.bsp_event_to_button_action_assign)
    bsp_indication_set                       0x0001c999   Thumb Code    30  bsp.o(i.bsp_indication_set)
    bsp_wakeup_button_enable                 0x0001ccf1   Thumb Code    22  bsp.o(i.bsp_wakeup_button_enable)
    fputc                                    0x0001d161   Thumb Code    16  retarget.o(i.fputc)
    fs_queued_op_count_get                   0x0001d171   Thumb Code    20  fstorage.o(i.fs_queued_op_count_get)
    intern_softdevice_events_execute         0x0001d209   Thumb Code   180  softdevice_handler.o(i.intern_softdevice_events_execute)
    main                                     0x0001d575   Thumb Code   104  main.o(i.main)
    nrf_drv_clock_init                       0x0001d7b5   Thumb Code   100  nrf_drv_clock.o(i.nrf_drv_clock_init)
    nrf_drv_clock_on_sd_enable               0x0001d825   Thumb Code    48  nrf_drv_clock.o(i.nrf_drv_clock_on_sd_enable)
    nrf_drv_clock_on_soc_event               0x0001d859   Thumb Code    14  nrf_drv_clock.o(i.nrf_drv_clock_on_soc_event)
    nrf_drv_common_irq_enable                0x0001d869   Thumb Code    48  nrf_drv_common.o(i.nrf_drv_common_irq_enable)
    nrf_drv_uart_init                        0x0001d8ad   Thumb Code   144  nrf_drv_uart.o(i.nrf_drv_uart_init)
    nrf_drv_uart_rx                          0x0001d945   Thumb Code   112  nrf_drv_uart.o(i.nrf_drv_uart_rx)
    nrf_drv_uart_rx_enable                   0x0001d9b9   Thumb Code    42  nrf_drv_uart.o(i.nrf_drv_uart_rx_enable)
    nrf_drv_uart_tx                          0x0001dabd   Thumb Code    52  nrf_drv_uart.o(i.nrf_drv_uart_tx)
    nrf_drv_uart_tx_in_progress              0x0001db8d   Thumb Code    26  nrf_drv_uart.o(i.nrf_drv_uart_tx_in_progress)
    softdevice_ble_evt_handler_set           0x0001e74d   Thumb Code    22  softdevice_handler.o(i.softdevice_ble_evt_handler_set)
    softdevice_enable                        0x0001e769   Thumb Code    34  softdevice_handler.o(i.softdevice_enable)
    softdevice_enable_get_default_config     0x0001e791   Thumb Code    46  softdevice_handler.o(i.softdevice_enable_get_default_config)
    softdevice_fault_handler                 0x0001e7bf   Thumb Code    20  softdevice_handler.o(i.softdevice_fault_handler)
    softdevice_handler_init                  0x0001e7d5   Thumb Code   142  softdevice_handler.o(i.softdevice_handler_init)
    softdevice_handler_is_enabled            0x0001e87d   Thumb Code     6  softdevice_handler.o(i.softdevice_handler_is_enabled)
    uart_event_handle                        0x0001ecc1   Thumb Code   140  main.o(i.uart_event_handle)
    Region$$Table$$Base                      0x0001f2fc   Number         0  anon$$obj.o(Region$$Table)
    Region$$Table$$Limit                     0x0001f31c   Number         0  anon$$obj.o(Region$$Table)
    Image$$RW_IRAM1$$Base                    0x20001fe8   Number         0  anon$$obj.o ABSOLUTE
    nrf_nvic_state                           0x2000208c   Data           8  app_util_platform.o(.data)
    __stdout                                 0x20002098   Data           4  retarget.o(.data)
    __stdin                                  0x2000209c   Data           4  retarget.o(.data)
    SystemCoreClock                          0x200020b8   Data           4  system_nrf51.o(.data)
    __initial_sp                             0x20002f00   Data           0  arm_startup_nrf51.o(STACK)



==============================================================================

Memory Map of the image

  Image Entry point : 0x0001b0c1

  Load Region LR_IROM1 (Base: 0x0001b000, Size: 0x000043f0, Max: 0x00025000, ABSOLUTE)

    Execution Region ER_IROM1 (Exec base: 0x0001b000, Load base: 0x0001b000, Size: 0x0000431c, Max: 0x00025000, ABSOLUTE)

    Exec Addr    Load Addr    Size         Type   Attr      Idx    E Section Name        Object

    0x0001b000   0x0001b000   0x000000c0   Data   RO         2981    RESET               arm_startup_nrf51.o
    0x0001b0c0   0x0001b0c0   0x00000000   Code   RO         3033  * .ARM.Collect$$$$00000000  mc_p.l(entry.o)
    0x0001b0c0   0x0001b0c0   0x00000004   Code   RO         3310    .ARM.Collect$$$$00000001  mc_p.l(entry2.o)
    0x0001b0c4   0x0001b0c4   0x00000004   Code   RO         3313    .ARM.Collect$$$$00000004  mc_p.l(entry5.o)
    0x0001b0c8   0x0001b0c8   0x00000000   Code   RO         3315    .ARM.Collect$$$$00000008  mc_p.l(entry7b.o)
    0x0001b0c8   0x0001b0c8   0x00000000   Code   RO         3317    .ARM.Collect$$$$0000000A  mc_p.l(entry8b.o)
    0x0001b0c8   0x0001b0c8   0x00000008   Code   RO         3318    .ARM.Collect$$$$0000000B  mc_p.l(entry9a.o)
    0x0001b0d0   0x0001b0d0   0x00000000   Code   RO         3320    .ARM.Collect$$$$0000000D  mc_p.l(entry10a.o)
    0x0001b0d0   0x0001b0d0   0x00000000   Code   RO         3322    .ARM.Collect$$$$0000000F  mc_p.l(entry11a.o)
    0x0001b0d0   0x0001b0d0   0x00000004   Code   RO         3311    .ARM.Collect$$$$00002712  mc_p.l(entry2.o)
    0x0001b0d4   0x0001b0d4   0x00000038   Code   RO         2982    .text               arm_startup_nrf51.o
    0x0001b10c   0x0001b10c   0x0000002c   Code   RO         3036    .text               mc_p.l(uidiv.o)
    0x0001b138   0x0001b138   0x00000028   Code   RO         3038    .text               mc_p.l(idiv.o)
    0x0001b160   0x0001b160   0x00000024   Code   RO         3040    .text               mc_p.l(memcpya.o)
    0x0001b184   0x0001b184   0x00000024   Code   RO         3042    .text               mc_p.l(memseta.o)
    0x0001b1a8   0x0001b1a8   0x00000024   Code   RO         3337    .text               mc_p.l(init.o)
    0x0001b1cc   0x0001b1cc   0x00000278   Code   RO         1428    i.GPIOTE_IRQHandler  nrf_drv_gpiote.o
    0x0001b444   0x0001b444   0x00000014   Code   RO         2119    i.NVIC_ClearPendingIRQ  app_timer.o
    0x0001b458   0x0001b458   0x00000014   Code   RO         2838    i.NVIC_DisableIRQ   softdevice_handler.o
    0x0001b46c   0x0001b46c   0x00000014   Code   RO         2120    i.NVIC_EnableIRQ    app_timer.o
    0x0001b480   0x0001b480   0x00000014   Code   RO         2839    i.NVIC_EnableIRQ    softdevice_handler.o
    0x0001b494   0x0001b494   0x00000014   Code   RO         2121    i.NVIC_SetPendingIRQ  app_timer.o
    0x0001b4a8   0x0001b4a8   0x00000078   Code   RO         1378    i.NVIC_SetPriority  nrf_drv_common.o
    0x0001b520   0x0001b520   0x00000078   Code   RO         2122    i.NVIC_SetPriority  app_timer.o
    0x0001b598   0x0001b598   0x00000054   Code   RO         1143    i.POWER_CLOCK_IRQHandler  nrf_drv_clock.o
    0x0001b5ec   0x0001b5ec   0x00000028   Code   RO         2123    i.RTC1_IRQHandler   app_timer.o
    0x0001b614   0x0001b614   0x00000008   Code   RO         2124    i.SWI0_IRQHandler   app_timer.o
    0x0001b61c   0x0001b61c   0x00000034   Code   RO         2840    i.SWI2_IRQHandler   softdevice_handler.o
    0x0001b650   0x0001b650   0x00000064   Code   RO         2989    i.SystemInit        system_nrf51.o
    0x0001b6b4   0x0001b6b4   0x00000014   Code   RO         1685    i.UART0_IRQHandler  nrf_drv_uart.o
    0x0001b6c8   0x0001b6c8   0x00000014   Code   RO         3051    i.__0printf$bare    mc_p.l(printfb.o)
    0x0001b6dc   0x0001b6dc   0x0000001c   Code   RO          509    i.__ARM_common_switch8  bsp.o
    0x0001b6f8   0x0001b6f8   0x0000000e   Code   RO         3351    i.__scatterload_copy  mc_p.l(handlers.o)
    0x0001b706   0x0001b706   0x00000002   Code   RO         3352    i.__scatterload_null  mc_p.l(handlers.o)
    0x0001b708   0x0001b708   0x0000000e   Code   RO         3353    i.__scatterload_zeroinit  mc_p.l(handlers.o)
    0x0001b716   0x0001b716   0x00000002   PAD
    0x0001b718   0x0001b718   0x00000024   Code   RO         2841    i.__sd_nvic_app_accessible_irq  softdevice_handler.o
    0x0001b73c   0x0001b73c   0x0000000c   Code   RO         2401    i.__sd_nvic_irq_disable  app_util_platform.o
    0x0001b748   0x0001b748   0x0000001e   Code   RO         3058    i._printf_core      mc_p.l(printfb.o)
    0x0001b766   0x0001b766   0x0000001a   Code   RO          772    i.addr_is_valid     ble_advertising.o
    0x0001b780   0x0001b780   0x0000018e   Code   RO          612    i.adv_data_encode   ble_advdata.o
    0x0001b90e   0x0001b90e   0x00000002   PAD
    0x0001b910   0x0001b910   0x0000006c   Code   RO          773    i.adv_mode_next_avail_get  ble_advertising.o
    0x0001b97c   0x0001b97c   0x00000010   Code   RO          774    i.adv_mode_next_get  ble_advertising.o
    0x0001b98c   0x0001b98c   0x00000014   Code   RO          613    i.advdata_check     ble_advdata.o
    0x0001b9a0   0x0001b9a0   0x0000005a   Code   RO          528    i.advertising_buttons_configure  bsp_btn_ble.o
    0x0001b9fa   0x0001b9fa   0x00000002   PAD
    0x0001b9fc   0x0001b9fc   0x00000074   Code   RO            3    i.advertising_init  main.o
    0x0001ba70   0x0001ba70   0x00000038   Code   RO         2014    i.app_error_fault_handler  app_error_weak.o
    0x0001baa8   0x0001baa8   0x00000020   Code   RO         1976    i.app_error_handler_bare  app_error.o
    0x0001bac8   0x0001bac8   0x00000020   Code   RO         2041    i.app_fifo_get      app_fifo.o
    0x0001bae8   0x0001bae8   0x0000002a   Code   RO         2042    i.app_fifo_init     app_fifo.o
    0x0001bb12   0x0001bb12   0x00000022   Code   RO         2044    i.app_fifo_put      app_fifo.o
    0x0001bb34   0x0001bb34   0x00000044   Code   RO         2127    i.app_timer_create  app_timer.o
    0x0001bb78   0x0001bb78   0x0000008c   Code   RO         2128    i.app_timer_init    app_timer.o
    0x0001bc04   0x0001bc04   0x00000054   Code   RO         2129    i.app_timer_start   app_timer.o
    0x0001bc58   0x0001bc58   0x00000038   Code   RO         2130    i.app_timer_stop    app_timer.o
    0x0001bc90   0x0001bc90   0x00000054   Code   RO         2336    i.app_uart_get      app_uart_fifo.o
    0x0001bce4   0x0001bce4   0x000000ec   Code   RO         2337    i.app_uart_init     app_uart_fifo.o
    0x0001bdd0   0x0001bdd0   0x00000044   Code   RO         2338    i.app_uart_put      app_uart_fifo.o
    0x0001be14   0x0001be14   0x00000054   Code   RO         2402    i.app_util_critical_region_enter  app_util_platform.o
    0x0001be68   0x0001be68   0x00000040   Code   RO         2403    i.app_util_critical_region_exit  app_util_platform.o
    0x0001bea8   0x0001bea8   0x00000054   Code   RO          614    i.appearance_encode  ble_advdata.o
    0x0001befc   0x0001befc   0x0000008c   Code   RO         1686    i.apply_config      nrf_drv_uart.o
    0x0001bf88   0x0001bf88   0x00000098   Code   RO          615    i.ble_advdata_set   ble_advdata.o
    0x0001c020   0x0001c020   0x000001b8   Code   RO          775    i.ble_advertising_init  ble_advertising.o
    0x0001c1d8   0x0001c1d8   0x00000032   Code   RO          776    i.ble_advertising_on_ble_evt  ble_advertising.o
    0x0001c20a   0x0001c20a   0x00000002   PAD
    0x0001c20c   0x0001c20c   0x00000174   Code   RO          780    i.ble_advertising_start  ble_advertising.o
    0x0001c380   0x0001c380   0x00000078   Code   RO          920    i.ble_conn_params_init  ble_conn_params.o
    0x0001c3f8   0x0001c3f8   0x0000003e   Code   RO          921    i.ble_conn_params_on_ble_evt  ble_conn_params.o
    0x0001c436   0x0001c436   0x00000070   Code   RO          616    i.ble_device_addr_encode  ble_advdata.o
    0x0001c4a6   0x0001c4a6   0x00000002   PAD
    0x0001c4a8   0x0001c4a8   0x0000002c   Code   RO            5    i.ble_evt_dispatch  main.o
    0x0001c4d4   0x0001c4d4   0x000000a0   Code   RO         1082    i.ble_nus_init      ble_nus.o
    0x0001c574   0x0001c574   0x00000046   Code   RO         1083    i.ble_nus_on_ble_evt  ble_nus.o
    0x0001c5ba   0x0001c5ba   0x00000002   PAD
    0x0001c5bc   0x0001c5bc   0x0000005c   Code   RO         1084    i.ble_nus_string_send  ble_nus.o
    0x0001c618   0x0001c618   0x00000012   Code   RO         1020    i.ble_srv_is_notification_enabled  ble_srv_common.o
    0x0001c62a   0x0001c62a   0x00000002   PAD
    0x0001c62c   0x0001c62c   0x00000098   Code   RO            6    i.ble_stack_init    main.o
    0x0001c6c4   0x0001c6c4   0x0000000c   Code   RO          304    i.bsp_board_button_idx_to_pin  boards.o
    0x0001c6d0   0x0001c6d0   0x0000003c   Code   RO          308    i.bsp_board_led_invert  boards.o
    0x0001c70c   0x0001c70c   0x00000014   Code   RO          309    i.bsp_board_led_off  boards.o
    0x0001c720   0x0001c720   0x00000014   Code   RO          310    i.bsp_board_led_on  boards.o
    0x0001c734   0x0001c734   0x00000034   Code   RO          311    i.bsp_board_led_state_get  boards.o
    0x0001c768   0x0001c768   0x00000014   Code   RO          313    i.bsp_board_leds_off  boards.o
    0x0001c77c   0x0001c77c   0x00000014   Code   RO          314    i.bsp_board_leds_on  boards.o
    0x0001c790   0x0001c790   0x00000024   Code   RO          315    i.bsp_board_pin_to_button_idx  boards.o
    0x0001c7b4   0x0001c7b4   0x00000084   Code   RO          530    i.bsp_btn_ble_on_ble_evt  bsp_btn_ble.o
    0x0001c838   0x0001c838   0x00000036   Code   RO          531    i.bsp_btn_ble_sleep_mode_prepare  bsp_btn_ble.o
    0x0001c86e   0x0001c86e   0x00000002   PAD
    0x0001c870   0x0001c870   0x000000cc   Code   RO          419    i.bsp_button_event_handler  bsp.o
    0x0001c93c   0x0001c93c   0x0000005c   Code   RO          423    i.bsp_event_to_button_action_assign  bsp.o
    0x0001c998   0x0001c998   0x00000024   Code   RO          424    i.bsp_indication_set  bsp.o
    0x0001c9bc   0x0001c9bc   0x00000334   Code   RO          426    i.bsp_led_indication  bsp.o
    0x0001ccf0   0x0001ccf0   0x00000016   Code   RO          428    i.bsp_wakeup_button_enable  bsp.o
    0x0001cd06   0x0001cd06   0x00000002   PAD
    0x0001cd08   0x0001cd08   0x00000010   Code   RO         1430    i.channel_handler_get  nrf_drv_gpiote.o
    0x0001cd18   0x0001cd18   0x0000000c   Code   RO         1432    i.channel_port_get  nrf_drv_gpiote.o
    0x0001cd24   0x0001cd24   0x00000034   Code   RO         1144    i.clock_clk_started_notify  nrf_drv_clock.o
    0x0001cd58   0x0001cd58   0x0000008c   Code   RO         2132    i.compare_reg_update  app_timer.o
    0x0001cde4   0x0001cde4   0x0000005c   Code   RO          617    i.conn_int_check    ble_advdata.o
    0x0001ce40   0x0001ce40   0x0000006a   Code   RO          618    i.conn_int_encode   ble_advdata.o
    0x0001ceaa   0x0001ceaa   0x00000010   Code   RO            9    i.conn_params_error_handler  main.o
    0x0001ceba   0x0001ceba   0x00000002   PAD
    0x0001cebc   0x0001cebc   0x00000058   Code   RO           10    i.conn_params_init  main.o
    0x0001cf14   0x0001cf14   0x00000094   Code   RO          923    i.conn_params_negotiation  ble_conn_params.o
    0x0001cfa8   0x0001cfa8   0x0000005a   Code   RO          532    i.connection_buttons_configure  bsp_btn_ble.o
    0x0001d002   0x0001d002   0x00000002   PAD
    0x0001d004   0x0001d004   0x00000064   Code   RO         2133    i.elapsed_ticks_acquire  app_timer.o
    0x0001d068   0x0001d068   0x0000005c   Code   RO         2134    i.expired_timers_handler  app_timer.o
    0x0001d0c4   0x0001d0c4   0x00000018   Code   RO         2047    i.fifo_get          app_fifo.o
    0x0001d0dc   0x0001d0dc   0x0000000a   Code   RO         2048    i.fifo_length       app_fifo.o
    0x0001d0e6   0x0001d0e6   0x0000000a   Code   RO         2339    i.fifo_length       app_uart_fifo.o
    0x0001d0f0   0x0001d0f0   0x00000012   Code   RO         2049    i.fifo_peek         app_fifo.o
    0x0001d102   0x0001d102   0x00000012   Code   RO         2050    i.fifo_put          app_fifo.o
    0x0001d114   0x0001d114   0x00000036   Code   RO          619    i.flags_encode      ble_advdata.o
    0x0001d14a   0x0001d14a   0x00000016   Code   RO          782    i.flash_access_in_progress  ble_advertising.o
    0x0001d160   0x0001d160   0x00000010   Code   RO         2615    i.fputc             retarget.o
    0x0001d170   0x0001d170   0x00000018   Code   RO         2461    i.fs_queued_op_count_get  fstorage.o
    0x0001d188   0x0001d188   0x00000080   Code   RO           11    i.gap_params_init   main.o
    0x0001d208   0x0001d208   0x000000cc   Code   RO         2842    i.intern_softdevice_events_execute  softdevice_handler.o
    0x0001d2d4   0x0001d2d4   0x00000024   Code   RO          924    i.is_conn_params_ok  ble_conn_params.o
    0x0001d2f8   0x0001d2f8   0x00000038   Code   RO         2990    i.is_disabled_in_debug_needed  system_nrf51.o
    0x0001d330   0x0001d330   0x0000006c   Code   RO         2991    i.is_manual_peripheral_setup_needed  system_nrf51.o
    0x0001d39c   0x0001d39c   0x00000054   Code   RO         2992    i.is_peripheral_domain_setup_needed  system_nrf51.o
    0x0001d3f0   0x0001d3f0   0x0000000e   Code   RO         1147    i.item_dequeue      nrf_drv_clock.o
    0x0001d3fe   0x0001d3fe   0x00000002   PAD
    0x0001d400   0x0001d400   0x0000007c   Code   RO         2135    i.list_deletions_handler  app_timer.o
    0x0001d47c   0x0001d47c   0x000000f8   Code   RO         2136    i.list_insertions_handler  app_timer.o
    0x0001d574   0x0001d574   0x0000007c   Code   RO           12    i.main              main.o
    0x0001d5f0   0x0001d5f0   0x00000078   Code   RO          620    i.manuf_specific_data_encode  ble_advdata.o
    0x0001d668   0x0001d668   0x000000c6   Code   RO          621    i.name_encode       ble_advdata.o
    0x0001d72e   0x0001d72e   0x00000016   Code   RO         1433    i.nrf_bitmask_bit_is_set  nrf_drv_gpiote.o
    0x0001d744   0x0001d744   0x00000016   Code   RO         1151    i.nrf_clock_event_check  nrf_drv_clock.o
    0x0001d75a   0x0001d75a   0x0000000c   Code   RO         1152    i.nrf_clock_event_clear  nrf_drv_clock.o
    0x0001d766   0x0001d766   0x00000002   PAD
    0x0001d768   0x0001d768   0x0000000c   Code   RO         1154    i.nrf_clock_int_disable  nrf_drv_clock.o
    0x0001d774   0x0001d774   0x00000040   Code   RO         2137    i.nrf_delay_us      app_timer.o
    0x0001d7b4   0x0001d7b4   0x00000070   Code   RO         1163    i.nrf_drv_clock_init  nrf_drv_clock.o
    0x0001d824   0x0001d824   0x00000034   Code   RO         1170    i.nrf_drv_clock_on_sd_enable  nrf_drv_clock.o
    0x0001d858   0x0001d858   0x0000000e   Code   RO         1171    i.nrf_drv_clock_on_soc_event  nrf_drv_clock.o
    0x0001d866   0x0001d866   0x00000002   PAD
    0x0001d868   0x0001d868   0x00000038   Code   RO         1380    i.nrf_drv_common_irq_enable  nrf_drv_common.o
    0x0001d8a0   0x0001d8a0   0x0000000a   Code   RO         1687    i.nrf_drv_get_IRQn  nrf_drv_uart.o
    0x0001d8aa   0x0001d8aa   0x00000002   PAD
    0x0001d8ac   0x0001d8ac   0x00000098   Code   RO         1689    i.nrf_drv_uart_init  nrf_drv_uart.o
    0x0001d944   0x0001d944   0x00000074   Code   RO         1690    i.nrf_drv_uart_rx   nrf_drv_uart.o
    0x0001d9b8   0x0001d9b8   0x00000030   Code   RO         1693    i.nrf_drv_uart_rx_enable  nrf_drv_uart.o
    0x0001d9e8   0x0001d9e8   0x000000d4   Code   RO         1694    i.nrf_drv_uart_rx_for_uart  nrf_drv_uart.o
    0x0001dabc   0x0001dabc   0x00000038   Code   RO         1695    i.nrf_drv_uart_tx   nrf_drv_uart.o
    0x0001daf4   0x0001daf4   0x00000098   Code   RO         1697    i.nrf_drv_uart_tx_for_uart  nrf_drv_uart.o
    0x0001db8c   0x0001db8c   0x00000020   Code   RO         1698    i.nrf_drv_uart_tx_in_progress  nrf_drv_uart.o
    0x0001dbac   0x0001dbac   0x0000002a   Code   RO         1700    i.nrf_gpio_cfg      nrf_drv_uart.o
    0x0001dbd6   0x0001dbd6   0x0000001a   Code   RO         1702    i.nrf_gpio_cfg_input  nrf_drv_uart.o
    0x0001dbf0   0x0001dbf0   0x00000018   Code   RO         1703    i.nrf_gpio_cfg_output  nrf_drv_uart.o
    0x0001dc08   0x0001dc08   0x00000040   Code   RO          431    i.nrf_gpio_cfg_sense_set  bsp.o
    0x0001dc48   0x0001dc48   0x00000040   Code   RO         1455    i.nrf_gpio_cfg_sense_set  nrf_drv_gpiote.o
    0x0001dc88   0x0001dc88   0x00000018   Code   RO         1704    i.nrf_gpio_pin_set  nrf_drv_uart.o
    0x0001dca0   0x0001dca0   0x00000040   Code   RO          318    i.nrf_gpio_pin_write  boards.o
    0x0001dce0   0x0001dce0   0x00000030   Code   RO         1459    i.nrf_gpio_ports_read  nrf_drv_gpiote.o
    0x0001dd10   0x0001dd10   0x0000000c   Code   RO         1460    i.nrf_gpiote_event_addr_get  nrf_drv_gpiote.o
    0x0001dd1c   0x0001dd1c   0x00000010   Code   RO         1461    i.nrf_gpiote_event_clear  nrf_drv_gpiote.o
    0x0001dd2c   0x0001dd2c   0x00000016   Code   RO         1462    i.nrf_gpiote_event_is_set  nrf_drv_gpiote.o
    0x0001dd42   0x0001dd42   0x00000014   Code   RO         1705    i.nrf_uart_errorsrc_get_and_clear  nrf_drv_uart.o
    0x0001dd56   0x0001dd56   0x00000010   Code   RO         1706    i.nrf_uart_event_check  nrf_drv_uart.o
    0x0001dd66   0x0001dd66   0x00000006   Code   RO         1707    i.nrf_uart_event_clear  nrf_drv_uart.o
    0x0001dd6c   0x0001dd6c   0x00000012   Code   RO         1708    i.nrf_uart_hwfc_pins_set  nrf_drv_uart.o
    0x0001dd7e   0x0001dd7e   0x0000000a   Code   RO         1709    i.nrf_uart_int_disable  nrf_drv_uart.o
    0x0001dd88   0x0001dd88   0x0000000a   Code   RO         1710    i.nrf_uart_int_enable  nrf_drv_uart.o
    0x0001dd92   0x0001dd92   0x00000018   Code   RO         1711    i.nrf_uart_int_enable_check  nrf_drv_uart.o
    0x0001ddaa   0x0001ddaa   0x00000006   Code   RO         1712    i.nrf_uart_task_trigger  nrf_drv_uart.o
    0x0001ddb0   0x0001ddb0   0x00000012   Code   RO         1713    i.nrf_uart_txrx_pins_set  nrf_drv_uart.o
    0x0001ddc2   0x0001ddc2   0x00000038   Code   RO           13    i.nus_data_handler  main.o
    0x0001ddfa   0x0001ddfa   0x00000036   Code   RO           14    i.on_adv_evt        main.o
    0x0001de30   0x0001de30   0x00000190   Code   RO           15    i.on_ble_evt        main.o
    0x0001dfc0   0x0001dfc0   0x00000030   Code   RO           16    i.on_conn_params_evt  main.o
    0x0001dff0   0x0001dff0   0x00000018   Code   RO          925    i.on_conn_params_update  ble_conn_params.o
    0x0001e008   0x0001e008   0x0000003c   Code   RO          926    i.on_connect        ble_conn_params.o
    0x0001e044   0x0001e044   0x00000006   Code   RO         1085    i.on_connect        ble_nus.o
    0x0001e04a   0x0001e04a   0x00000002   PAD
    0x0001e04c   0x0001e04c   0x00000014   Code   RO          783    i.on_connected      ble_advertising.o
    0x0001e060   0x0001e060   0x00000044   Code   RO          927    i.on_disconnect     ble_conn_params.o
    0x0001e0a4   0x0001e0a4   0x00000008   Code   RO         1086    i.on_disconnect     ble_nus.o
    0x0001e0ac   0x0001e0ac   0x00000040   Code   RO          784    i.on_disconnected   ble_advertising.o
    0x0001e0ec   0x0001e0ec   0x0000003c   Code   RO          785    i.on_timeout        ble_advertising.o
    0x0001e128   0x0001e128   0x00000054   Code   RO          928    i.on_write          ble_conn_params.o
    0x0001e17c   0x0001e17c   0x0000004a   Code   RO         1087    i.on_write          ble_nus.o
    0x0001e1c6   0x0001e1c6   0x0000001c   Code   RO           17    i.power_manage      main.o
    0x0001e1e2   0x0001e1e2   0x00000002   PAD
    0x0001e1e4   0x0001e1e4   0x0000000c   Code   RO         2138    i.rtc1_compare0_set  app_timer.o
    0x0001e1f0   0x0001e1f0   0x0000000c   Code   RO         2139    i.rtc1_counter_get  app_timer.o
    0x0001e1fc   0x0001e1fc   0x00000018   Code   RO         2140    i.rtc1_init         app_timer.o
    0x0001e214   0x0001e214   0x0000003c   Code   RO         2141    i.rtc1_start        app_timer.o
    0x0001e250   0x0001e250   0x00000058   Code   RO         2142    i.rtc1_stop         app_timer.o
    0x0001e2a8   0x0001e2a8   0x00000048   Code   RO         1715    i.rx_byte           nrf_drv_uart.o
    0x0001e2f0   0x0001e2f0   0x00000124   Code   RO         1088    i.rx_char_add       ble_nus.o
    0x0001e414   0x0001e414   0x0000001c   Code   RO         1716    i.rx_done_event     nrf_drv_uart.o
    0x0001e430   0x0001e430   0x00000022   Code   RO         1717    i.rx_enable         nrf_drv_uart.o
    0x0001e452   0x0001e452   0x00000002   PAD
    0x0001e454   0x0001e454   0x000000ac   Code   RO         2844    i.sd_nvic_EnableIRQ  softdevice_handler.o
    0x0001e500   0x0001e500   0x00000096   Code   RO          622    i.service_data_encode  ble_advdata.o
    0x0001e596   0x0001e596   0x00000002   PAD
    0x0001e598   0x0001e598   0x00000034   Code   RO           18    i.services_init     main.o
    0x0001e5cc   0x0001e5cc   0x00000020   Code   RO          786    i.set_adv_mode_directed  ble_advertising.o
    0x0001e5ec   0x0001e5ec   0x0000002c   Code   RO          787    i.set_adv_mode_directed_slow  ble_advertising.o
    0x0001e618   0x0001e618   0x00000070   Code   RO          788    i.set_adv_mode_fast  ble_advertising.o
    0x0001e688   0x0001e688   0x00000070   Code   RO          789    i.set_adv_mode_slow  ble_advertising.o
    0x0001e6f8   0x0001e6f8   0x00000052   Code   RO           19    i.sleep_mode_enter  main.o
    0x0001e74a   0x0001e74a   0x00000002   PAD
    0x0001e74c   0x0001e74c   0x0000001c   Code   RO         2845    i.softdevice_ble_evt_handler_set  softdevice_handler.o
    0x0001e768   0x0001e768   0x00000028   Code   RO         2846    i.softdevice_enable  softdevice_handler.o
    0x0001e790   0x0001e790   0x0000002e   Code   RO         2847    i.softdevice_enable_get_default_config  softdevice_handler.o
    0x0001e7be   0x0001e7be   0x00000014   Code   RO         2848    i.softdevice_fault_handler  softdevice_handler.o
    0x0001e7d2   0x0001e7d2   0x00000002   PAD
    0x0001e7d4   0x0001e7d4   0x000000a8   Code   RO         2849    i.softdevice_handler_init  softdevice_handler.o
    0x0001e87c   0x0001e87c   0x0000000c   Code   RO         2850    i.softdevice_handler_is_enabled  softdevice_handler.o
    0x0001e888   0x0001e888   0x00000010   Code   RO          623    i.srdata_check      ble_advdata.o
    0x0001e898   0x0001e898   0x0000000a   Code   RO         2143    i.ticks_diff_get    app_timer.o
    0x0001e8a2   0x0001e8a2   0x00000002   PAD
    0x0001e8a4   0x0001e8a4   0x0000003c   Code   RO         2144    i.timeout_handler_exec  app_timer.o
    0x0001e8e0   0x0001e8e0   0x00000058   Code   RO         2145    i.timer_list_handler  app_timer.o
    0x0001e938   0x0001e938   0x0000000a   Code   RO         2146    i.timer_list_handler_sched  app_timer.o
    0x0001e942   0x0001e942   0x00000002   PAD
    0x0001e944   0x0001e944   0x0000006c   Code   RO         2147    i.timer_list_insert  app_timer.o
    0x0001e9b0   0x0001e9b0   0x00000070   Code   RO         2148    i.timer_list_remove  app_timer.o
    0x0001ea20   0x0001ea20   0x0000005c   Code   RO         2149    i.timer_start_op_schedule  app_timer.o
    0x0001ea7c   0x0001ea7c   0x00000042   Code   RO         2150    i.timer_stop_op_schedule  app_timer.o
    0x0001eabe   0x0001eabe   0x00000002   PAD
    0x0001eac0   0x0001eac0   0x00000094   Code   RO         2151    i.timer_timeouts_check  app_timer.o
    0x0001eb54   0x0001eb54   0x0000000a   Code   RO         2152    i.timer_timeouts_check_sched  app_timer.o
    0x0001eb5e   0x0001eb5e   0x0000002a   Code   RO         1718    i.tx_byte           nrf_drv_uart.o
    0x0001eb88   0x0001eb88   0x000000de   Code   RO         1089    i.tx_char_add       ble_nus.o
    0x0001ec66   0x0001ec66   0x00000022   Code   RO         1719    i.tx_done_event     nrf_drv_uart.o
    0x0001ec88   0x0001ec88   0x00000036   Code   RO          624    i.tx_power_level_encode  ble_advdata.o
    0x0001ecbe   0x0001ecbe   0x00000002   PAD
    0x0001ecc0   0x0001ecc0   0x00000098   Code   RO           20    i.uart_event_handle  main.o
    0x0001ed58   0x0001ed58   0x000000dc   Code   RO         2340    i.uart_event_handler  app_uart_fifo.o
    0x0001ee34   0x0001ee34   0x0000005c   Code   RO           21    i.uart_init         main.o
    0x0001ee90   0x0001ee90   0x00000158   Code   RO         1720    i.uart_irq_handler  nrf_drv_uart.o
    0x0001efe8   0x0001efe8   0x0000000c   Code   RO         1025    i.uint16_decode     ble_srv_common.o
    0x0001eff4   0x0001eff4   0x00000012   Code   RO          625    i.uint16_encode     ble_advdata.o
    0x0001f006   0x0001f006   0x00000002   PAD
    0x0001f008   0x0001f008   0x0000009c   Code   RO          929    i.update_timeout_handler  ble_conn_params.o
    0x0001f0a4   0x0001f0a4   0x00000038   Code   RO         2153    i.user_op_alloc     app_timer.o
    0x0001f0dc   0x0001f0dc   0x0000000c   Code   RO         2154    i.user_op_enque     app_timer.o
    0x0001f0e8   0x0001f0e8   0x0000004c   Code   RO          626    i.uuid_list_encode  ble_advdata.o
    0x0001f134   0x0001f134   0x000000e0   Code   RO          627    i.uuid_list_sized_encode  ble_advdata.o
    0x0001f214   0x0001f214   0x0000001c   Code   RO          790    i.whitelist_has_entries  ble_advertising.o
    0x0001f230   0x0001f230   0x0000001c   Data   RO           23    .constdata          main.o
    0x0001f24c   0x0001f24c   0x00000008   Data   RO          319    .constdata          boards.o
    0x0001f254   0x0001f254   0x0000002c   Data   RO          433    .constdata          bsp.o
    0x0001f280   0x0001f280   0x00000004   Data   RO          931    .constdata          ble_conn_params.o
    0x0001f284   0x0001f284   0x00000010   Data   RO         1090    .constdata          ble_nus.o
    0x0001f294   0x0001f294   0x00000047   Data   RO         1470    .constdata          nrf_drv_gpiote.o
    0x0001f2db   0x0001f2db   0x00000001   PAD
    0x0001f2dc   0x0001f2dc   0x00000020   Data   RO         2342    .constdata          app_uart_fifo.o
    0x0001f2fc   0x0001f2fc   0x00000020   Data   RO         3349    Region$$Table       anon$$obj.o


    Execution Region RW_IRAM1 (Exec base: 0x20001fe8, Load base: 0x0001f31c, Size: 0x00000f18, Max: 0x00006018, ABSOLUTE)

    Exec Addr    Load Addr    Size         Type   Attr      Idx    E Section Name        Object

    0x20001fe8   0x0001f31c   0x00000007   Data   RW           24    .data               main.o
    0x20001fef   0x0001f323   0x00000001   PAD
    0x20001ff0   0x0001f324   0x00000015   Data   RW          434    .data               bsp.o
    0x20002005   0x0001f339   0x00000003   PAD
    0x20002008   0x0001f33c   0x00000008   Data   RW          534    .data               bsp_btn_ble.o
    0x20002010   0x0001f344   0x00000030   Data   RW          792    .data               ble_advertising.o
    0x20002040   0x0001f374   0x00000015   Data   RW          932    .data               ble_conn_params.o
    0x20002055   0x0001f389   0x00000003   PAD
    0x20002058   0x0001f38c   0x00000022   Data   RW         2155    .data               app_timer.o
    0x2000207a   0x0001f3ae   0x00000002   PAD
    0x2000207c   0x0001f3b0   0x0000000f   Data   RW         2343    .data               app_uart_fifo.o
    0x2000208b   0x0001f3bf   0x00000001   PAD
    0x2000208c   0x0001f3c0   0x0000000c   Data   RW         2406    .data               app_util_platform.o
    0x20002098   0x0001f3cc   0x00000008   Data   RW         2616    .data               retarget.o
    0x200020a0   0x0001f3d4   0x00000018   Data   RW         2856    .data               softdevice_handler.o
    0x200020b8   0x0001f3ec   0x00000004   Data   RW         2993    .data               system_nrf51.o
    0x200020bc        -       0x000002f0   Zero   RW           22    .bss                main.o
    0x200023ac        -       0x0000006c   Zero   RW          432    .bss                bsp.o
    0x20002418        -       0x000001ac   Zero   RW          791    .bss                ble_advertising.o
    0x200025c4        -       0x0000003c   Zero   RW          930    .bss                ble_conn_params.o
    0x20002600        -       0x00000014   Zero   RW         1173    .bss                nrf_drv_clock.o
    0x20002614        -       0x00000048   Zero   RW         1469    .bss                nrf_drv_gpiote.o
    0x2000265c        -       0x0000001c   Zero   RW         1721    .bss                nrf_drv_uart.o
    0x20002678        -       0x00000020   Zero   RW         2341    .bss                app_uart_fifo.o
    0x20002698        -       0x00000068   Zero   RW         2472    .bss                fstorage.o
    0x20002700        -       0x00000800   Zero   RW         2979    STACK               arm_startup_nrf51.o


==============================================================================

Image component sizes


      Code (inc. data)   RO Data    RW Data    ZI Data      Debug   Object Name

        32          6          0          0          0       2253   app_error.o
        56          8          0          0          0       7206   app_error_weak.o
       178          0          0          0          0       5934   app_fifo.o
      2312        274          0         34          0      49051   app_timer.o
       618         92         32         15         32      12854   app_uart_fifo.o
       160         22          0         12          0       6858   app_util_platform.o
        56         18        192          0       2048        724   arm_startup_nrf51.o
      1874          4          0          0          0      75148   ble_advdata.o
      1506        222          0         48        428      35036   ble_advertising.o
       758        128          4         21         60      10616   ble_conn_params.o
       924          8         16          0          0       8334   ble_nus.o
        30          0          0          0          0      17978   ble_srv_common.o
       304         26          8          0          0      10405   boards.o
      1266         82         44         21        108      10928   bsp.o
       366         10          0          8          0       4574   bsp_btn_ble.o
        24          4          0          0        104       3452   fstorage.o
      1632        118         28          7        752     103811   main.o
       374         34          0          0         20      19228   nrf_drv_clock.o
       176         18          0          0          0       7936   nrf_drv_common.o
       844         34         71          0         72      24049   nrf_drv_gpiote.o
      1736         46          0          0         28      34098   nrf_drv_uart.o
        16          0          0          8          0       2914   retarget.o
       818        110          0         24          0      22647   softdevice_handler.o
       348         38          0          4          0       2739   system_nrf51.o

    ----------------------------------------------------------------------
     16458       1302        428        212       3652     478773   Object Totals
         0          0         32          0          0          0   (incl. Generated)
        50          0          1         10          0          0   (incl. Padding)

    ----------------------------------------------------------------------

      Code (inc. data)   RO Data    RW Data    ZI Data      Debug   Library Member Name

         0          0          0          0          0          0   entry.o
         0          0          0          0          0          0   entry10a.o
         0          0          0          0          0          0   entry11a.o
         8          4          0          0          0          0   entry2.o
         4          0          0          0          0          0   entry5.o
         0          0          0          0          0          0   entry7b.o
         0          0          0          0          0          0   entry8b.o
         8          4          0          0          0          0   entry9a.o
        30          0          0          0          0          0   handlers.o
        40          0          0          0          0         72   idiv.o
        36          8          0          0          0         68   init.o
        36          0          0          0          0         60   memcpya.o
        36          0          0          0          0        100   memseta.o
        50          8          0          0          0        144   printfb.o
        44          0          0          0          0         72   uidiv.o

    ----------------------------------------------------------------------
       294         24          0          0          0        516   Library Totals
         2          0          0          0          0          0   (incl. Padding)

    ----------------------------------------------------------------------

      Code (inc. data)   RO Data    RW Data    ZI Data      Debug   Library Name

       292         24          0          0          0        516   mc_p.l

    ----------------------------------------------------------------------
       294         24          0          0          0        516   Library Totals

    ----------------------------------------------------------------------

==============================================================================


      Code (inc. data)   RO Data    RW Data    ZI Data      Debug   

     16752       1326        428        212       3652     470465   Grand Totals
     16752       1326        428        212       3652     470465   ELF Image Totals
     16752       1326        428        212          0          0   ROM Totals

==============================================================================

    Total RO  Size (Code + RO Data)                17180 (  16.78kB)
    Total RW  Size (RW Data + ZI Data)              3864 (   3.77kB)
    Total ROM Size (Code + RO Data + RW Data)      17392 (  16.98kB)

==============================================================================

