Component: ARM Compiler 5.06 update 6 (build 750) Tool: armlink [4d35ed]

==============================================================================

Section Cross References

    main.o(i.advertising_init) refers to memseta.o(.text) for __aeabi_memclr4
    main.o(i.advertising_init) refers to ble_advertising.o(i.ble_advertising_init) for ble_advertising_init
    main.o(i.advertising_init) refers to app_error.o(i.app_error_handler_bare) for app_error_handler_bare
    main.o(i.advertising_init) refers to main.o(.data) for m_adv_uuids
    main.o(i.advertising_init) refers to main.o(i.on_adv_evt) for on_adv_evt
    main.o(i.advertising_start) refers to ble_advertising.o(i.ble_advertising_start) for ble_advertising_start
    main.o(i.advertising_start) refers to app_error.o(i.app_error_handler_bare) for app_error_handler_bare
    main.o(i.assert_nrf_callback) refers to app_error.o(i.app_error_handler) for app_error_handler
    main.o(i.ble_evt_dispatch) refers to ble_conn_state.o(i.ble_conn_state_on_ble_evt) for ble_conn_state_on_ble_evt
    main.o(i.ble_evt_dispatch) refers to peer_manager.o(i.pm_on_ble_evt) for pm_on_ble_evt
    main.o(i.ble_evt_dispatch) refers to ble_conn_params.o(i.ble_conn_params_on_ble_evt) for ble_conn_params_on_ble_evt
    main.o(i.ble_evt_dispatch) refers to bsp_btn_ble.o(i.bsp_btn_ble_on_ble_evt) for bsp_btn_ble_on_ble_evt
    main.o(i.ble_evt_dispatch) refers to main.o(i.on_ble_evt) for on_ble_evt
    main.o(i.ble_evt_dispatch) refers to ble_advertising.o(i.ble_advertising_on_ble_evt) for ble_advertising_on_ble_evt
    main.o(i.ble_evt_dispatch) refers to ble_dfu.o(i.ble_dfu_on_ble_evt) for ble_dfu_on_ble_evt
    main.o(i.ble_evt_dispatch) refers to ble_nus.o(i.ble_nus_on_ble_evt) for ble_nus_on_ble_evt
    main.o(i.ble_evt_dispatch) refers to main.o(.bss) for m_dfus
    main.o(i.ble_stack_init) refers to softdevice_handler.o(i.softdevice_handler_init) for softdevice_handler_init
    main.o(i.ble_stack_init) refers to app_error.o(i.app_error_handler_bare) for app_error_handler_bare
    main.o(i.ble_stack_init) refers to softdevice_handler.o(i.softdevice_enable_get_default_config) for softdevice_enable_get_default_config
    main.o(i.ble_stack_init) refers to softdevice_handler.o(i.softdevice_enable) for softdevice_enable
    main.o(i.ble_stack_init) refers to softdevice_handler.o(i.softdevice_ble_evt_handler_set) for softdevice_ble_evt_handler_set
    main.o(i.ble_stack_init) refers to softdevice_handler.o(i.softdevice_sys_evt_handler_set) for softdevice_sys_evt_handler_set
    main.o(i.ble_stack_init) refers to main.o(.constdata) for .constdata
    main.o(i.ble_stack_init) refers to main.o(.bss) for BLE_EVT_BUFFER
    main.o(i.ble_stack_init) refers to main.o(i.ble_evt_dispatch) for ble_evt_dispatch
    main.o(i.ble_stack_init) refers to main.o(i.sys_evt_dispatch) for sys_evt_dispatch
    main.o(i.bsp_event_handler) refers to main.o(i.sleep_mode_enter) for sleep_mode_enter
    main.o(i.bsp_event_handler) refers to app_error.o(i.app_error_handler_bare) for app_error_handler_bare
    main.o(i.bsp_event_handler) refers to ble_advertising.o(i.ble_advertising_restart_without_whitelist) for ble_advertising_restart_without_whitelist
    main.o(i.bsp_event_handler) refers to main.o(.data) for m_conn_handle
    main.o(i.buttons_leds_init) refers to bsp.o(i.bsp_init) for bsp_init
    main.o(i.buttons_leds_init) refers to app_error.o(i.app_error_handler_bare) for app_error_handler_bare
    main.o(i.buttons_leds_init) refers to bsp_btn_ble.o(i.bsp_btn_ble_init) for bsp_btn_ble_init
    main.o(i.buttons_leds_init) refers to main.o(i.bsp_event_handler) for bsp_event_handler
    main.o(i.conn_params_error_handler) refers to app_error.o(i.app_error_handler_bare) for app_error_handler_bare
    main.o(i.conn_params_init) refers to memseta.o(.text) for __aeabi_memclr4
    main.o(i.conn_params_init) refers to ble_conn_params.o(i.ble_conn_params_init) for ble_conn_params_init
    main.o(i.conn_params_init) refers to app_error.o(i.app_error_handler_bare) for app_error_handler_bare
    main.o(i.conn_params_init) refers to main.o(i.on_conn_params_evt) for on_conn_params_evt
    main.o(i.conn_params_init) refers to main.o(i.conn_params_error_handler) for conn_params_error_handler
    main.o(i.gap_params_init) refers to app_error.o(i.app_error_handler_bare) for app_error_handler_bare
    main.o(i.main) refers to app_error.o(i.app_error_handler_bare) for app_error_handler_bare
    main.o(i.main) refers to main.o(i.uart_init) for uart_init
    main.o(i.main) refers to main.o(i.timers_init) for timers_init
    main.o(i.main) refers to main.o(i.ble_stack_init) for ble_stack_init
    main.o(i.main) refers to main.o(i.peer_manager_init) for peer_manager_init
    main.o(i.main) refers to main.o(i.gap_params_init) for gap_params_init
    main.o(i.main) refers to main.o(i.services_init) for services_init
    main.o(i.main) refers to main.o(i.advertising_init) for advertising_init
[...]
    bsp_board_pin_to_button_idx              0x0001cde9   Thumb Code    32  boards.o(i.bsp_board_pin_to_button_idx)
    bsp_btn_ble_on_ble_evt                   0x0001ce0d   Thumb Code   122  bsp_btn_ble.o(i.bsp_btn_ble_on_ble_evt)
    bsp_btn_ble_sleep_mode_prepare           0x0001ce91   Thumb Code    54  bsp_btn_ble.o(i.bsp_btn_ble_sleep_mode_prepare)
    bsp_event_to_button_action_assign        0x0001cf95   Thumb Code    88  bsp.o(i.bsp_event_to_button_action_assign)
    bsp_indication_set                       0x0001cff1   Thumb Code    30  bsp.o(i.bsp_indication_set)
    bsp_wakeup_button_enable                 0x0001d349   Thumb Code    22  bsp.o(i.bsp_wakeup_button_enable)
    chunk_queue_next                         0x0001d419   Thumb Code    26  fds.o(i.chunk_queue_next)
    crc32_compute                            0x0001d7ed   Thumb Code    74  crc32.o(i.crc32_compute)
    fds_file_delete                          0x0001dd59   Thumb Code    70  fds.o(i.fds_file_delete)
    fds_gc                                   0x0001dda5   Thumb Code    66  fds.o(i.fds_gc)
    fds_init                                 0x0001dded   Thumb Code   178  fds.o(i.fds_init)
    fds_record_close                         0x0001dea1   Thumb Code    90  fds.o(i.fds_record_close)
    fds_record_find                          0x0001df01   Thumb Code    22  fds.o(i.fds_record_find)
    fds_record_find_by_key                   0x0001df17   Thumb Code    20  fds.o(i.fds_record_find_by_key)
    fds_record_find_in_file                  0x0001df2b   Thumb Code    20  fds.o(i.fds_record_find_in_file)
    fds_record_id_from_desc                  0x0001df3f   Thumb Code    22  fds.o(i.fds_record_id_from_desc)
    fds_record_open                          0x0001df55   Thumb Code    80  fds.o(i.fds_record_open)
    fds_record_update                        0x0001dfa9   Thumb Code    28  fds.o(i.fds_record_update)
    fds_record_write                         0x0001dfc5   Thumb Code    20  fds.o(i.fds_record_write)
    fds_record_write_reserved                0x0001dfd9   Thumb Code    30  fds.o(i.fds_record_write_reserved)
    fds_register                             0x0001dff9   Thumb Code    38  fds.o(i.fds_register)
    fds_reserve                              0x0001e029   Thumb Code    54  fds.o(i.fds_reserve)
    fds_reserve_cancel                       0x0001e061   Thumb Code    78  fds.o(i.fds_reserve_cancel)
    flash_callback                           0x0001e2a9   Thumb Code    30  ble_dfu.o(i.flash_callback)
    fs_erase                                 0x0001e2cd   Thumb Code   136  fstorage.o(i.fs_erase)
    fs_init                                  0x0001e3c9   Thumb Code   182  fstorage.o(i.fs_init)
    fs_queue_is_full                         0x0001e48d   Thumb Code    16  fstorage.o(i.fs_queue_is_full)
    fs_queued_op_count_get                   0x0001e4a1   Thumb Code    20  fstorage.o(i.fs_queued_op_count_get)
    fs_store                                 0x0001e4b9   Thumb Code   150  fstorage.o(i.fs_store)
    fs_sys_event_handler                     0x0001e555   Thumb Code   104  fstorage.o(i.fs_sys_event_handler)
    gcm_ble_evt_handler                      0x0001e935   Thumb Code   112  gatt_cache_manager.o(i.gcm_ble_evt_handler)
    gcm_gscm_evt_handler                     0x0001e9a9   Thumb Code   112  gatt_cache_manager.o(i.gcm_gscm_evt_handler)
    gcm_im_evt_handler                       0x0001ea21   Thumb Code    46  gatt_cache_manager.o(i.gcm_im_evt_handler)
    gcm_init                                 0x0001ea55   Thumb Code    84  gatt_cache_manager.o(i.gcm_init)
    gcm_local_database_has_changed           0x0001eabd   Thumb Code    68  gatt_cache_manager.o(i.gcm_local_database_has_changed)
    gcm_smd_evt_handler                      0x0001eb09   Thumb Code    24  gatt_cache_manager.o(i.gcm_smd_evt_handler)
    get_connection_by_conn_handle            0x0001eb21   Thumb Code    50  id_manager.o(i.get_connection_by_conn_handle)
    get_free_connection                      0x0001eb5d   Thumb Code    42  id_manager.o(i.get_free_connection)
    gscm_db_change_notification_done         0x0001eb91   Thumb Code    24  gatts_cache_manager.o(i.gscm_db_change_notification_done)
    gscm_init                                0x0001ebad   Thumb Code    16  gatts_cache_manager.o(i.gscm_init)
    gscm_local_database_has_changed          0x0001ebc1   Thumb Code    18  gatts_cache_manager.o(i.gscm_local_database_has_changed)
    gscm_local_db_cache_apply                0x0001ebdd   Thumb Code   150  gatts_cache_manager.o(i.gscm_local_db_cache_apply)
    gscm_local_db_cache_update               0x0001ec79   Thumb Code   152  gatts_cache_manager.o(i.gscm_local_db_cache_update)
    gscm_pdb_evt_handler                     0x0001ed19   Thumb Code    74  gatts_cache_manager.o(i.gscm_pdb_evt_handler)
    gscm_service_changed_ind_needed          0x0001ed6d   Thumb Code    38  gatts_cache_manager.o(i.gscm_service_changed_ind_needed)
    gscm_service_changed_ind_send            0x0001ed95   Thumb Code    46  gatts_cache_manager.o(i.gscm_service_changed_ind_send)
    im_address_resolve                       0x0001eded   Thumb Code    68  id_manager.o(i.im_address_resolve)
    im_ble_addr_get                          0x0001ee31   Thumb Code    44  id_manager.o(i.im_ble_addr_get)
    im_ble_evt_handler                       0x0001ee61   Thumb Code   198  id_manager.o(i.im_ble_evt_handler)
    im_conn_handle_get                       0x0001ef2d   Thumb Code    38  id_manager.o(i.im_conn_handle_get)
    im_init                                  0x0001ef5d   Thumb Code    50  id_manager.o(i.im_init)
    im_is_duplicate_bonding_data             0x0001ef9d   Thumb Code    70  id_manager.o(i.im_is_duplicate_bonding_data)
    im_master_id_is_valid                    0x0001efe3   Thumb Code    38  id_manager.o(i.im_master_id_is_valid)
    im_master_ids_compare                    0x0001f009   Thumb Code    52  id_manager.o(i.im_master_ids_compare)
    im_new_peer_id                           0x0001f03d   Thumb Code    16  id_manager.o(i.im_new_peer_id)
    im_pdb_evt_handler                       0x0001f04d   Thumb Code   122  id_manager.o(i.im_pdb_evt_handler)
    im_peer_free                             0x0001f0c9   Thumb Code    42  id_manager.o(i.im_peer_free)
    im_peer_id_get_by_conn_handle            0x0001f0f9   Thumb Code    30  id_manager.o(i.im_peer_id_get_by_conn_handle)
    im_peer_id_get_by_master_id              0x0001f121   Thumb Code    66  id_manager.o(i.im_peer_id_get_by_master_id)
    intern_softdevice_events_execute         0x0001f275   Thumb Code   180  softdevice_handler.o(i.intern_softdevice_events_execute)
    is_valid_irk                             0x0001f505   Thumb Code    26  id_manager.o(i.is_valid_irk)
    main                                     0x0001fc13   Thumb Code    96  main.o(i.main)
    new_connection                           0x0001fdb1   Thumb Code    94  id_manager.o(i.new_connection)
    next_id_get                              0x0001fe1d   Thumb Code    50  peer_id.o(i.next_id_get)
    nrf_dfu_flash_erase                      0x0001fef1   Thumb Code   100  nrf_dfu_flash_buttonless.o(i.nrf_dfu_flash_erase)
    nrf_dfu_flash_init                       0x0001ff5d   Thumb Code    12  nrf_dfu_flash_buttonless.o(i.nrf_dfu_flash_init)
    nrf_dfu_flash_store                      0x0001ff6d   Thumb Code    96  nrf_dfu_flash_buttonless.o(i.nrf_dfu_flash_store)
    nrf_dfu_settings_calculate_crc           0x0001ffd5   Thumb Code    14  nrf_dfu_settings.o(i.nrf_dfu_settings_calculate_crc)
    nrf_dfu_settings_init                    0x0001ffe9   Thumb Code    92  nrf_dfu_settings.o(i.nrf_dfu_settings_init)
    nrf_dfu_settings_write                   0x00020051   Thumb Code   116  nrf_dfu_settings.o(i.nrf_dfu_settings_write)
    nrf_drv_clock_init                       0x000200dd   Thumb Code   100  nrf_drv_clock.o(i.nrf_drv_clock_init)
    nrf_drv_clock_on_sd_enable               0x0002014d   Thumb Code    48  nrf_drv_clock.o(i.nrf_drv_clock_on_sd_enable)
    nrf_drv_clock_on_soc_event               0x00020181   Thumb Code    14  nrf_drv_clock.o(i.nrf_drv_clock_on_soc_event)
    nrf_drv_common_irq_enable                0x00020191   Thumb Code    48  nrf_drv_common.o(i.nrf_drv_common_irq_enable)
    nrf_drv_uart_init                        0x000201d5   Thumb Code   144  nrf_drv_uart.o(i.nrf_drv_uart_init)
    nrf_drv_uart_rx                          0x0002026d   Thumb Code   112  nrf_drv_uart.o(i.nrf_drv_uart_rx)
    nrf_drv_uart_rx_enable                   0x000202e1   Thumb Code    42  nrf_drv_uart.o(i.nrf_drv_uart_rx_enable)
    nrf_drv_uart_tx                          0x000203e5   Thumb Code    52  nrf_drv_uart.o(i.nrf_drv_uart_tx)
    nrf_drv_uart_tx_in_progress              0x000204b5   Thumb Code    26  nrf_drv_uart.o(i.nrf_drv_uart_tx_in_progress)
    pdb_init                                 0x000210b1   Thumb Code    54  peer_database.o(i.pdb_init)
    pdb_next_deleted_peer_id_get             0x000210f9   Thumb Code    12  peer_database.o(i.pdb_next_deleted_peer_id_get)
    pdb_next_peer_id_get                     0x00021105   Thumb Code    12  peer_database.o(i.pdb_next_peer_id_get)
    pdb_pds_evt_handler                      0x00021111   Thumb Code   434  peer_database.o(i.pdb_pds_evt_handler)
    pdb_peer_allocate                        0x000212cd   Thumb Code     8  peer_database.o(i.pdb_peer_allocate)
    pdb_peer_data_load                       0x000212d5   Thumb Code    28  peer_database.o(i.pdb_peer_data_load)
    pdb_peer_data_ptr_get                    0x000212f1   Thumb Code    22  peer_database.o(i.pdb_peer_data_ptr_get)
    pdb_peer_free                            0x00021307   Thumb Code    94  peer_database.o(i.pdb_peer_free)
    pdb_raw_store                            0x00021365   Thumb Code    22  peer_database.o(i.pdb_raw_store)
    pdb_write_buf_get                        0x0002137d   Thumb Code   324  peer_database.o(i.pdb_write_buf_get)
    pdb_write_buf_release                    0x000214c5   Thumb Code    56  peer_database.o(i.pdb_write_buf_release)
    pdb_write_buf_store                      0x000214fd   Thumb Code   262  peer_database.o(i.pdb_write_buf_store)
    pdb_write_buf_store_prepare              0x0002160d   Thumb Code   120  peer_database.o(i.pdb_write_buf_store_prepare)
    pds_init                                 0x000216a9   Thumb Code    50  peer_data_storage.o(i.pds_init)
    pds_next_deleted_peer_id_get             0x000216e5   Thumb Code    12  peer_data_storage.o(i.pds_next_deleted_peer_id_get)
    pds_next_peer_id_get                     0x000216f1   Thumb Code    12  peer_data_storage.o(i.pds_next_peer_id_get)
    pds_peer_data_iterate                    0x000216fd   Thumb Code    88  peer_data_storage.o(i.pds_peer_data_iterate)
    pds_peer_data_iterate_prepare            0x00021759   Thumb Code    10  peer_data_storage.o(i.pds_peer_data_iterate_prepare)
    pds_peer_data_read                       0x00021769   Thumb Code   140  peer_data_storage.o(i.pds_peer_data_read)
    pds_peer_data_store                      0x000217f5   Thumb Code   202  peer_data_storage.o(i.pds_peer_data_store)
    pds_peer_id_allocate                     0x000218c1   Thumb Code    10  peer_data_storage.o(i.pds_peer_id_allocate)
    pds_peer_id_free                         0x000218d1   Thumb Code    30  peer_data_storage.o(i.pds_peer_id_free)
    pds_peer_id_is_allocated                 0x000218ef   Thumb Code    12  peer_data_storage.o(i.pds_peer_id_is_allocated)
    pds_space_reserve                        0x000218fb   Thumb Code    64  peer_data_storage.o(i.pds_space_reserve)
    pds_space_reserve_cancel                 0x0002193b   Thumb Code    22  peer_data_storage.o(i.pds_space_reserve_cancel)
    peer_id_allocate                         0x00021a8d   Thumb Code    14  peer_id.o(i.peer_id_allocate)
    peer_id_delete                           0x00021aa1   Thumb Code    36  peer_id.o(i.peer_id_delete)
    peer_id_free                             0x00021acd   Thumb Code    24  peer_id.o(i.peer_id_free)
    peer_id_get_next_deleted                 0x00021ae9   Thumb Code    14  peer_id.o(i.peer_id_get_next_deleted)
    peer_id_get_next_used                    0x00021afd   Thumb Code    50  peer_id.o(i.peer_id_get_next_used)
    peer_id_init                             0x00021b39   Thumb Code    32  peer_id.o(i.peer_id_init)
    peer_id_is_allocated                     0x00021b5d   Thumb Code    22  peer_id.o(i.peer_id_is_allocated)
    peer_id_is_deleted                       0x00021b79   Thumb Code    22  peer_id.o(i.peer_id_is_deleted)
    pm_buffer_block_acquire                  0x00021d0d   Thumb Code   104  pm_buffer.o(i.pm_buffer_block_acquire)
    pm_buffer_init                           0x00021d75   Thumb Code    82  pm_buffer.o(i.pm_buffer_init)
    pm_buffer_ptr_get                        0x00021dc7   Thumb Code    56  pm_buffer.o(i.pm_buffer_ptr_get)
    pm_buffer_release                        0x00021dff   Thumb Code    48  pm_buffer.o(i.pm_buffer_release)
    pm_conn_sec_config_reply                 0x00021e2f   Thumb Code    16  peer_manager.o(i.pm_conn_sec_config_reply)
    pm_gcm_evt_handler                       0x00021f49   Thumb Code   178  peer_manager.o(i.pm_gcm_evt_handler)
    pm_im_evt_handler                        0x00021ffd   Thumb Code    82  peer_manager.o(i.pm_im_evt_handler)
    pm_init                                  0x00022055   Thumb Code   160  peer_manager.o(i.pm_init)
    pm_local_database_has_changed            0x00022105   Thumb Code    24  peer_manager.o(i.pm_local_database_has_changed)
    pm_mutex_init                            0x00022121   Thumb Code    22  pm_mutex.o(i.pm_mutex_init)
    pm_mutex_lock                            0x00022137   Thumb Code    34  pm_mutex.o(i.pm_mutex_lock)
    pm_mutex_lock_first_available            0x00022159   Thumb Code    52  pm_mutex.o(i.pm_mutex_lock_first_available)
    pm_mutex_lock_status_get                 0x0002218d   Thumb Code    38  pm_mutex.o(i.pm_mutex_lock_status_get)
    pm_mutex_unlock                          0x000221b3   Thumb Code    60  pm_mutex.o(i.pm_mutex_unlock)
    pm_on_ble_evt                            0x000221f1   Thumb Code    40  peer_manager.o(i.pm_on_ble_evt)
    pm_pdb_evt_handler                       0x0002221d   Thumb Code   430  peer_manager.o(i.pm_pdb_evt_handler)
    pm_peer_delete                           0x000223e1   Thumb Code    28  peer_manager.o(i.pm_peer_delete)
    pm_peer_rank_highest                     0x00022401   Thumb Code   184  peer_manager.o(i.pm_peer_rank_highest)
    pm_peer_ranks_get                        0x000224d1   Thumb Code   200  peer_manager.o(i.pm_peer_ranks_get)
    pm_peers_delete                          0x000225a5   Thumb Code    70  peer_manager.o(i.pm_peers_delete)
    pm_register                              0x000225f9   Thumb Code    54  peer_manager.o(i.pm_register)
    pm_sec_params_set                        0x0002263d   Thumb Code    32  peer_manager.o(i.pm_sec_params_set)
    pm_sm_evt_handler                        0x00022661   Thumb Code   422  peer_manager.o(i.pm_sm_evt_handler)
    sdk_mapped_flags_bulk_update_by_key      0x0002333d   Thumb Code    98  sdk_mapped_flags.o(i.sdk_mapped_flags_bulk_update_by_key)
    sdk_mapped_flags_first_key_index_get     0x000233a1   Thumb Code    36  sdk_mapped_flags.o(i.sdk_mapped_flags_first_key_index_get)
    sdk_mapped_flags_get_by_key              0x000233dd   Thumb Code    44  sdk_mapped_flags.o(i.sdk_mapped_flags_get_by_key)
    sdk_mapped_flags_key_list_get            0x00023409   Thumb Code    70  sdk_mapped_flags.o(i.sdk_mapped_flags_key_list_get)
    sdk_mapped_flags_update_by_key           0x0002344f   Thumb Code    26  sdk_mapped_flags.o(i.sdk_mapped_flags_update_by_key)
    sm_ble_evt_handler                       0x00023b89   Thumb Code    20  security_manager.o(i.sm_ble_evt_handler)
    sm_conn_sec_config_reply                 0x00023ba1   Thumb Code    32  security_manager.o(i.sm_conn_sec_config_reply)
    sm_init                                  0x00023bc5   Thumb Code    66  security_manager.o(i.sm_init)
    sm_pdb_evt_handler                       0x00023c29   Thumb Code    80  security_manager.o(i.sm_pdb_evt_handler)
    sm_sec_params_set                        0x00023c89   Thumb Code    48  security_manager.o(i.sm_sec_params_set)
    sm_smd_evt_handler                       0x00023cc1   Thumb Code   160  security_manager.o(i.sm_smd_evt_handler)
    smd_ble_evt_handler                      0x00023d69   Thumb Code    88  security_dispatcher.o(i.smd_ble_evt_handler)
    smd_init                                 0x00023dc1   Thumb Code    58  security_dispatcher.o(i.smd_init)
    smd_link_secure                          0x00023e0d   Thumb Code    50  security_dispatcher.o(i.smd_link_secure)
    smd_params_reply                         0x00023e45   Thumb Code   290  security_dispatcher.o(i.smd_params_reply)
    smd_pdb_evt_handler                      0x00024009   Thumb Code    48  security_dispatcher.o(i.smd_pdb_evt_handler)
    softdevice_ble_evt_handler_set           0x0002403d   Thumb Code    22  softdevice_handler.o(i.softdevice_ble_evt_handler_set)
    softdevice_enable                        0x00024059   Thumb Code    34  softdevice_handler.o(i.softdevice_enable)
    softdevice_enable_get_default_config     0x00024081   Thumb Code    46  softdevice_handler.o(i.softdevice_enable_get_default_config)
    softdevice_fault_handler                 0x000240af   Thumb Code    20  softdevice_handler.o(i.softdevice_fault_handler)
    softdevice_handler_init                  0x000240c5   Thumb Code   142  softdevice_handler.o(i.softdevice_handler_init)
    softdevice_handler_is_enabled            0x0002416d   Thumb Code     6  softdevice_handler.o(i.softdevice_handler_is_enabled)
    softdevice_sys_evt_handler_set           0x00024179   Thumb Code    22  softdevice_handler.o(i.softdevice_sys_evt_handler_set)
    uart_event_handle                        0x00024641   Thumb Code   140  main.o(i.uart_event_handle)
    Region$$Table$$Base                      0x00025168   Number         0  anon$$obj.o(Region$$Table)
    Region$$Table$$Limit                     0x00025188   Number         0  anon$$obj.o(Region$$Table)
    m_dfu_settings_buffer                    0x0003fc00   Data        1024  nrf_dfu_settings.o(.ARM.__AT_0x0003FC00)
    Image$$RW_IRAM1$$Base                    0x20002008   Number         0  anon$$obj.o ABSOLUTE
    p_m_dfu                                  0x2000207c   Data           4  ble_dfu.o(.data)
    nrf_nvic_state                           0x20002120   Data           8  app_util_platform.o(.data)
    SystemCoreClock                          0x20002170   Data           4  system_nrf51.o(.data)
    fs_data$$Base                            0x20002174   Number         0  nrf_dfu_flash_buttonless.o(fs_data)
    fs_data$$Limit                           0x20002194   Number         0  fds.o(fs_data)
    s_dfu_settings                           0x20002b50   Data         348  nrf_dfu_settings.o(.bss)
    __initial_sp                             0x20003828   Data           0  arm_startup_nrf51.o(STACK)



==============================================================================

Memory Map of the image

  Image Entry point : 0x0001b0c1

  Load Region LR_IROM1 (Base: 0x0001b000, Size: 0x0000a314, Max: 0x00025000, ABSOLUTE, COMPRESSED[0x0000a1c4])

    Execution Region ER_IROM1 (Exec base: 0x0001b000, Load base: 0x0001b000, Size: 0x0000a188, Max: 0x00025000, ABSOLUTE)

    Exec Addr    Load Addr    Size         Type   Attr      Idx    E Section Name        Object

    0x0001b000   0x0001b000   0x000000c0   Data   RO         5375    RESET               arm_startup_nrf51.o
    0x0001b0c0   0x0001b0c0   0x00000000   Code   RO         5427  * .ARM.Collect$$$$00000000  mc_p.l(entry.o)
    0x0001b0c0   0x0001b0c0   0x00000004   Code   RO         5446    .ARM.Collect$$$$00000001  mc_p.l(entry2.o)
    0x0001b0c4   0x0001b0c4   0x00000004   Code   RO         5449    .ARM.Collect$$$$00000004  mc_p.l(entry5.o)
    0x0001b0c8   0x0001b0c8   0x00000000   Code   RO         5451    .ARM.Collect$$$$00000008  mc_p.l(entry7b.o)
    0x0001b0c8   0x0001b0c8   0x00000000   Code   RO         5453    .ARM.Collect$$$$0000000A  mc_p.l(entry8b.o)
    0x0001b0c8   0x0001b0c8   0x00000008   Code   RO         5454    .ARM.Collect$$$$0000000B  mc_p.l(entry9a.o)
    0x0001b0d0   0x0001b0d0   0x00000000   Code   RO         5456    .ARM.Collect$$$$0000000D  mc_p.l(entry10a.o)
    0x0001b0d0   0x0001b0d0   0x00000000   Code   RO         5458    .ARM.Collect$$$$0000000F  mc_p.l(entry11a.o)
    0x0001b0d0   0x0001b0d0   0x00000004   Code   RO         5447    .ARM.Collect$$$$00002712  mc_p.l(entry2.o)
    0x0001b0d4   0x0001b0d4   0x00000038   Code   RO         5376    .text               arm_startup_nrf51.o
    0x0001b10c   0x0001b10c   0x0000002c   Code   RO         5430    .text               mc_p.l(uidiv.o)
    0x0001b138   0x0001b138   0x00000028   Code   RO         5432    .text               mc_p.l(idiv.o)
    0x0001b160   0x0001b160   0x00000024   Code   RO         5434    .text               mc_p.l(memcpya.o)
    0x0001b184   0x0001b184   0x00000024   Code   RO         5436    .text               mc_p.l(memseta.o)
    0x0001b1a8   0x0001b1a8   0x0000001a   Code   RO         5440    .text               mc_p.l(memcmp.o)
    0x0001b1c2   0x0001b1c2   0x00000002   PAD
    0x0001b1c4   0x0001b1c4   0x00000024   Code   RO         5460    .text               mc_p.l(init.o)
    0x0001b1e8   0x0001b1e8   0x00000056   Code   RO         5470    .text               mc_p.l(__dczerorl2.o)
    0x0001b23e   0x0001b23e   0x00000002   PAD
    0x0001b240   0x0001b240   0x00000278   Code   RO         3223    i.GPIOTE_IRQHandler  nrf_drv_gpiote.o
    0x0001b4b8   0x0001b4b8   0x00000014   Code   RO         3945    i.NVIC_ClearPendingIRQ  app_timer.o
    0x0001b4cc   0x0001b4cc   0x00000014   Code   RO         5232    i.NVIC_DisableIRQ   softdevice_handler.o
    0x0001b4e0   0x0001b4e0   0x00000014   Code   RO         3946    i.NVIC_EnableIRQ    app_timer.o
    0x0001b4f4   0x0001b4f4   0x00000014   Code   RO         5233    i.NVIC_EnableIRQ    softdevice_handler.o
    0x0001b508   0x0001b508   0x00000014   Code   RO         3947    i.NVIC_SetPendingIRQ  app_timer.o
    0x0001b51c   0x0001b51c   0x00000078   Code   RO         3186    i.NVIC_SetPriority  nrf_drv_common.o
    0x0001b594   0x0001b594   0x00000078   Code   RO         3948    i.NVIC_SetPriority  app_timer.o
    0x0001b60c   0x0001b60c   0x00000054   Code   RO         2988    i.POWER_CLOCK_IRQHandler  nrf_drv_clock.o
    0x0001b660   0x0001b660   0x00000028   Code   RO         3949    i.RTC1_IRQHandler   app_timer.o
    0x0001b688   0x0001b688   0x00000008   Code   RO         3950    i.SWI0_IRQHandler   app_timer.o
    0x0001b690   0x0001b690   0x00000034   Code   RO         5234    i.SWI2_IRQHandler   softdevice_handler.o
    0x0001b6c4   0x0001b6c4   0x00000064   Code   RO         5383    i.SystemInit        system_nrf51.o
    0x0001b728   0x0001b728   0x00000014   Code   RO         3480    i.UART0_IRQHandler  nrf_drv_uart.o
    0x0001b73c   0x0001b73c   0x0000001c   Code   RO          150    i.__ARM_common_switch8  main.o
    0x0001b758   0x0001b758   0x0000000e   Code   RO         5464    i.__scatterload_copy  mc_p.l(handlers.o)
    0x0001b766   0x0001b766   0x00000002   Code   RO         5465    i.__scatterload_null  mc_p.l(handlers.o)
    0x0001b768   0x0001b768   0x0000000e   Code   RO         5466    i.__scatterload_zeroinit  mc_p.l(handlers.o)
    0x0001b776   0x0001b776   0x00000002   PAD
    0x0001b778   0x0001b778   0x00000024   Code   RO         5235    i.__sd_nvic_app_accessible_irq  softdevice_handler.o
    0x0001b79c   0x0001b79c   0x0000000c   Code   RO         4156    i.__sd_nvic_irq_disable  app_util_platform.o
    0x0001b7a8   0x0001b7a8   0x00000034   Code   RO         1614    i.addr_compare      id_manager.o
    0x0001b7dc   0x0001b7dc   0x0000001a   Code   RO          889    i.addr_is_valid     ble_advertising.o
    0x0001b7f6   0x0001b7f6   0x00000002   PAD
    0x0001b7f8   0x0001b7f8   0x00000030   Code   RO         4251    i.address_is_valid  fds.o
    0x0001b828   0x0001b828   0x0000018e   Code   RO          783    i.adv_data_encode   ble_advdata.o
    0x0001b9b6   0x0001b9b6   0x00000002   PAD
    0x0001b9b8   0x0001b9b8   0x0000006c   Code   RO          890    i.adv_mode_next_avail_get  ble_advertising.o
    0x0001ba24   0x0001ba24   0x00000010   Code   RO          891    i.adv_mode_next_get  ble_advertising.o
    0x0001ba34   0x0001ba34   0x00000014   Code   RO          784    i.advdata_check     ble_advdata.o
    0x0001ba48   0x0001ba48   0x0000005a   Code   RO          699    i.advertising_buttons_configure  bsp_btn_ble.o
    0x0001baa2   0x0001baa2   0x00000002   PAD
    0x0001baa4   0x0001baa4   0x00000080   Code   RO            3    i.advertising_init  main.o
    0x0001bb24   0x0001bb24   0x00000020   Code   RO            4    i.advertising_start  main.o
    0x0001bb44   0x0001bb44   0x00000056   Code   RO         1616    i.ah                id_manager.o
    0x0001bb9a   0x0001bb9a   0x00000002   PAD
    0x0001bb9c   0x0001bb9c   0x00000038   Code   RO         3876    i.app_error_fault_handler  app_error_weak.o
    0x0001bbd4   0x0001bbd4   0x00000020   Code   RO         3841    i.app_error_handler_bare  app_error.o
    0x0001bbf4   0x0001bbf4   0x00000020   Code   RO         3704    i.app_fifo_get      app_fifo.o
    0x0001bc14   0x0001bc14   0x0000002a   Code   RO         3705    i.app_fifo_init     app_fifo.o
    0x0001bc3e   0x0001bc3e   0x00000022   Code   RO         3707    i.app_fifo_put      app_fifo.o
    0x0001bc60   0x0001bc60   0x00000070   Code   RO         3897    i.app_sched_execute  app_scheduler.o
    0x0001bcd0   0x0001bcd0   0x00000044   Code   RO         3953    i.app_timer_create  app_timer.o
    0x0001bd14   0x0001bd14   0x0000008c   Code   RO         3954    i.app_timer_init    app_timer.o
    0x0001bda0   0x0001bda0   0x00000054   Code   RO         3955    i.app_timer_start   app_timer.o
    0x0001bdf4   0x0001bdf4   0x00000038   Code   RO         3956    i.app_timer_stop    app_timer.o
    0x0001be2c   0x0001be2c   0x00000054   Code   RO         4985    i.app_uart_get      app_uart_fifo.o
    0x0001be80   0x0001be80   0x000000ec   Code   RO         4986    i.app_uart_init     app_uart_fifo.o
    0x0001bf6c   0x0001bf6c   0x00000044   Code   RO         4987    i.app_uart_put      app_uart_fifo.o
    0x0001bfb0   0x0001bfb0   0x00000054   Code   RO         4157    i.app_util_critical_region_enter  app_util_platform.o
    0x0001c004   0x0001c004   0x00000040   Code   RO         4158    i.app_util_critical_region_exit  app_util_platform.o
    0x0001c044   0x0001c044   0x00000054   Code   RO          785    i.appearance_encode  ble_advdata.o
    0x0001c098   0x0001c098   0x00000002   Code   RO            5    i.application_timers_start  main.o
    0x0001c09a   0x0001c09a   0x0000008c   Code   RO         3481    i.apply_config      nrf_drv_uart.o
    0x0001c126   0x0001c126   0x00000002   PAD
    0x0001c128   0x0001c128   0x0000005c   Code   RO         1399    i.apply_pending_flags_check  gatt_cache_manager.o
    0x0001c184   0x0001c184   0x00000014   Code   RO         2635    i.auth_status_failure_process  security_dispatcher.o
    0x0001c198   0x0001c198   0x0000001e   Code   RO         2636    i.auth_status_process  security_dispatcher.o
    0x0001c1b6   0x0001c1b6   0x00000002   PAD
    0x0001c1b8   0x0001c1b8   0x000000b8   Code   RO         2637    i.auth_status_success_process  security_dispatcher.o
    0x0001c270   0x0001c270   0x00000098   Code   RO          786    i.ble_advdata_set   ble_advdata.o
    0x0001c308   0x0001c308   0x000001b8   Code   RO          892    i.ble_advertising_init  ble_advertising.o
    0x0001c4c0   0x0001c4c0   0x00000032   Code   RO          893    i.ble_advertising_on_ble_evt  ble_advertising.o
    0x0001c4f2   0x0001c4f2   0x00000002   PAD
    0x0001c4f4   0x0001c4f4   0x00000050   Code   RO          894    i.ble_advertising_on_sys_evt  ble_advertising.o
    0x0001c544   0x0001c544   0x00000174   Code   RO          897    i.ble_advertising_start  ble_advertising.o
    0x0001c6b8   0x0001c6b8   0x00000078   Code   RO         1009    i.ble_conn_params_init  ble_conn_params.o
    0x0001c730   0x0001c730   0x0000003e   Code   RO         1010    i.ble_conn_params_on_ble_evt  ble_conn_params.o
    0x0001c76e   0x0001c76e   0x00000002   PAD
    0x0001c770   0x0001c770   0x00000018   Code   RO         1094    i.ble_conn_state_conn_handles  ble_conn_state.o
    0x0001c788   0x0001c788   0x00000018   Code   RO         1095    i.ble_conn_state_encrypted  ble_conn_state.o
    0x0001c7a0   0x0001c7a0   0x00000018   Code   RO         1097    i.ble_conn_state_mitm_protected  ble_conn_state.o
    0x0001c7b8   0x0001c7b8   0x0000009c   Code   RO         1101    i.ble_conn_state_on_ble_evt  ble_conn_state.o
    0x0001c854   0x0001c854   0x0000003c   Code   RO         1103    i.ble_conn_state_role  ble_conn_state.o
    0x0001c890   0x0001c890   0x00000026   Code   RO         1105    i.ble_conn_state_user_flag_acquire  ble_conn_state.o
    0x0001c8b6   0x0001c8b6   0x00000002   PAD
    0x0001c8b8   0x0001c8b8   0x0000001c   Code   RO         1106    i.ble_conn_state_user_flag_collection  ble_conn_state.o
    0x0001c8d4   0x0001c8d4   0x00000028   Code   RO         1107    i.ble_conn_state_user_flag_get  ble_conn_state.o
    0x0001c8fc   0x0001c8fc   0x00000028   Code   RO         1108    i.ble_conn_state_user_flag_set  ble_conn_state.o
    0x0001c924   0x0001c924   0x00000070   Code   RO          787    i.ble_device_addr_encode  ble_advdata.o
    0x0001c994   0x0001c994   0x0000001a   Code   RO            7    i.ble_dfu_evt_handler  main.o
    0x0001c9ae   0x0001c9ae   0x00000002   PAD
    0x0001c9b0   0x0001c9b0   0x000000ac   Code   RO         1246    i.ble_dfu_init      ble_dfu.o
    0x0001ca5c   0x0001ca5c   0x0000005e   Code   RO         1247    i.ble_dfu_on_ble_evt  ble_dfu.o
    0x0001caba   0x0001caba   0x00000002   PAD
    0x0001cabc   0x0001cabc   0x00000048   Code   RO            8    i.ble_evt_dispatch  main.o
    0x0001cb04   0x0001cb04   0x000000a0   Code   RO         4925    i.ble_nus_init      ble_nus.o
    0x0001cba4   0x0001cba4   0x00000046   Code   RO         4926    i.ble_nus_on_ble_evt  ble_nus.o
    0x0001cbea   0x0001cbea   0x00000002   PAD
    0x0001cbec   0x0001cbec   0x0000005c   Code   RO         4927    i.ble_nus_string_send  ble_nus.o
    0x0001cc48   0x0001cc48   0x00000012   Code   RO         1337    i.ble_srv_is_notification_enabled  ble_srv_common.o
    0x0001cc5a   0x0001cc5a   0x00000002   PAD
    0x0001cc5c   0x0001cc5c   0x000000c0   Code   RO            9    i.ble_stack_init    main.o
    0x0001cd1c   0x0001cd1c   0x0000000c   Code   RO          477    i.bsp_board_button_idx_to_pin  boards.o
    0x0001cd28   0x0001cd28   0x0000003c   Code   RO          481    i.bsp_board_led_invert  boards.o
    0x0001cd64   0x0001cd64   0x00000014   Code   RO          482    i.bsp_board_led_off  boards.o
    0x0001cd78   0x0001cd78   0x00000014   Code   RO          483    i.bsp_board_led_on  boards.o
    0x0001cd8c   0x0001cd8c   0x00000034   Code   RO          484    i.bsp_board_led_state_get  boards.o
    0x0001cdc0   0x0001cdc0   0x00000014   Code   RO          486    i.bsp_board_leds_off  boards.o
    0x0001cdd4   0x0001cdd4   0x00000014   Code   RO          487    i.bsp_board_leds_on  boards.o
    0x0001cde8   0x0001cde8   0x00000024   Code   RO          488    i.bsp_board_pin_to_button_idx  boards.o
    0x0001ce0c   0x0001ce0c   0x00000084   Code   RO          701    i.bsp_btn_ble_on_ble_evt  bsp_btn_ble.o
    0x0001ce90   0x0001ce90   0x00000036   Code   RO          702    i.bsp_btn_ble_sleep_mode_prepare  bsp_btn_ble.o
    0x0001cec6   0x0001cec6   0x00000002   PAD
    0x0001cec8   0x0001cec8   0x000000cc   Code   RO          592    i.bsp_button_event_handler  bsp.o
    0x0001cf94   0x0001cf94   0x0000005c   Code   RO          596    i.bsp_event_to_button_action_assign  bsp.o
    0x0001cff0   0x0001cff0   0x00000024   Code   RO          597    i.bsp_indication_set  bsp.o
    0x0001d014   0x0001d014   0x00000334   Code   RO          599    i.bsp_led_indication  bsp.o
    0x0001d348   0x0001d348   0x00000016   Code   RO          601    i.bsp_wakeup_button_enable  bsp.o
    0x0001d35e   0x0001d35e   0x00000002   PAD
    0x0001d360   0x0001d360   0x00000024   Code   RO         1400    i.cccd_written      gatt_cache_manager.o
    0x0001d384   0x0001d384   0x00000010   Code   RO         3225    i.channel_handler_get  nrf_drv_gpiote.o
    0x0001d394   0x0001d394   0x0000000c   Code   RO         3227    i.channel_port_get  nrf_drv_gpiote.o
    0x0001d3a0   0x0001d3a0   0x00000024   Code   RO         4673    i.check_config      fstorage.o
    0x0001d3c4   0x0001d3c4   0x00000022   Code   RO         4252    i.chunk_is_aligned  fds.o
    0x0001d3e6   0x0001d3e6   0x00000002   PAD
    0x0001d3e8   0x0001d3e8   0x00000030   Code   RO         4253    i.chunk_queue_get_and_advance  fds.o
    0x0001d418   0x0001d418   0x00000020   Code   RO         4254    i.chunk_queue_next  fds.o
    0x0001d438   0x0001d438   0x0000002c   Code   RO         4255    i.chunk_queue_skip  fds.o
    0x0001d464   0x0001d464   0x0000004c   Code   RO         2184    i.claim             peer_id.o
    0x0001d4b0   0x0001d4b0   0x00000034   Code   RO         2989    i.clock_clk_started_notify  nrf_drv_clock.o
    0x0001d4e4   0x0001d4e4   0x0000008c   Code   RO         3958    i.compare_reg_update  app_timer.o
    0x0001d570   0x0001d570   0x0000005c   Code   RO          788    i.conn_int_check    ble_advdata.o
    0x0001d5cc   0x0001d5cc   0x0000006a   Code   RO          789    i.conn_int_encode   ble_advdata.o
    0x0001d636   0x0001d636   0x00000010   Code   RO           12    i.conn_params_error_handler  main.o
    0x0001d646   0x0001d646   0x00000002   PAD
    0x0001d648   0x0001d648   0x00000058   Code   RO           13    i.conn_params_init  main.o
    0x0001d6a0   0x0001d6a0   0x00000094   Code   RO         1012    i.conn_params_negotiation  ble_conn_params.o
    0x0001d734   0x0001d734   0x0000005c   Code   RO         2638    i.conn_sec_update_process  security_dispatcher.o
    0x0001d790   0x0001d790   0x0000005a   Code   RO          703    i.connection_buttons_configure  bsp_btn_ble.o
    0x0001d7ea   0x0001d7ea   0x00000002   PAD
    0x0001d7ec   0x0001d7ec   0x00000050   Code   RO         4231    i.crc32_compute     crc32.o
    0x0001d83c   0x0001d83c   0x00000050   Code   RO         2913    i.delay_operation   nrf_dfu_settings.o
    0x0001d88c   0x0001d88c   0x00000050   Code   RO         4256    i.delete_execute    fds.o
    0x0001d8dc   0x0001d8dc   0x0000002c   Code   RO         2914    i.dfu_settings_write_callback  nrf_dfu_settings.o
    0x0001d908   0x0001d908   0x00000024   Code   RO         2639    i.disconnect_process  security_dispatcher.o
    0x0001d92c   0x0001d92c   0x00000064   Code   RO         3959    i.elapsed_ticks_acquire  app_timer.o
    0x0001d990   0x0001d990   0x00000034   Code   RO         2640    i.encryption_failure  security_dispatcher.o
    0x0001d9c4   0x0001d9c4   0x00000030   Code   RO         1248    i.enter_bootloader  ble_dfu.o
    0x0001d9f4   0x0001d9f4   0x0000000a   Code   RO         4674    i.erase_execute     fstorage.o
    0x0001d9fe   0x0001d9fe   0x00000078   Code   RO         4258    i.event_prepare     fds.o
    0x0001da76   0x0001da76   0x00000002   PAD
    0x0001da78   0x0001da78   0x00000028   Code   RO         4259    i.event_send        fds.o
    0x0001daa0   0x0001daa0   0x00000044   Code   RO         2781    i.events_send_from_err_code  security_manager.o
    0x0001dae4   0x0001dae4   0x00000020   Code   RO         1401    i.evt_send          gatt_cache_manager.o
    0x0001db04   0x0001db04   0x00000020   Code   RO         1528    i.evt_send          gatts_cache_manager.o
    0x0001db24   0x0001db24   0x00000020   Code   RO         1617    i.evt_send          id_manager.o
    0x0001db44   0x0001db44   0x00000028   Code   RO         2275    i.evt_send          peer_manager.o
    0x0001db6c   0x0001db6c   0x00000020   Code   RO         2641    i.evt_send          security_dispatcher.o
    0x0001db8c   0x0001db8c   0x00000020   Code   RO         2782    i.evt_send          security_manager.o
    0x0001dbac   0x0001dbac   0x0000005c   Code   RO         3960    i.expired_timers_handler  app_timer.o
    0x0001dc08   0x0001dc08   0x00000150   Code   RO         1845    i.fds_evt_handler   peer_data_storage.o
    0x0001dd58   0x0001dd58   0x0000004c   Code   RO         4261    i.fds_file_delete   fds.o
    0x0001dda4   0x0001dda4   0x00000048   Code   RO         4262    i.fds_gc            fds.o
    0x0001ddec   0x0001ddec   0x000000b2   Code   RO         4263    i.fds_init          fds.o
    0x0001de9e   0x0001de9e   0x00000002   PAD
    0x0001dea0   0x0001dea0   0x00000060   Code   RO         4264    i.fds_record_close  fds.o
    0x0001df00   0x0001df00   0x00000016   Code   RO         4266    i.fds_record_find   fds.o
    0x0001df16   0x0001df16   0x00000014   Code   RO         4267    i.fds_record_find_by_key  fds.o
    0x0001df2a   0x0001df2a   0x00000014   Code   RO         4268    i.fds_record_find_in_file  fds.o
    0x0001df3e   0x0001df3e   0x00000016   Code   RO         4269    i.fds_record_id_from_desc  fds.o
    0x0001df54   0x0001df54   0x00000054   Code   RO         4271    i.fds_record_open   fds.o
    0x0001dfa8   0x0001dfa8   0x0000001c   Code   RO         4272    i.fds_record_update  fds.o
    0x0001dfc4   0x0001dfc4   0x00000014   Code   RO         4273    i.fds_record_write  fds.o
    0x0001dfd8   0x0001dfd8   0x0000001e   Code   RO         4274    i.fds_record_write_reserved  fds.o
    0x0001dff6   0x0001dff6   0x00000002   PAD
    0x0001dff8   0x0001dff8   0x00000030   Code   RO         4275    i.fds_register      fds.o
    0x0001e028   0x0001e028   0x00000036   Code   RO         4276    i.fds_reserve       fds.o
    0x0001e05e   0x0001e05e   0x00000002   PAD
    0x0001e060   0x0001e060   0x00000054   Code   RO         4277    i.fds_reserve_cancel  fds.o
    0x0001e0b4   0x0001e0b4   0x00000018   Code   RO         3710    i.fifo_get          app_fifo.o
    0x0001e0cc   0x0001e0cc   0x0000000a   Code   RO         3711    i.fifo_length       app_fifo.o
    0x0001e0d6   0x0001e0d6   0x0000000a   Code   RO         4988    i.fifo_length       app_uart_fifo.o
    0x0001e0e0   0x0001e0e0   0x00000012   Code   RO         3712    i.fifo_peek         app_fifo.o
    0x0001e0f2   0x0001e0f2   0x00000012   Code   RO         3713    i.fifo_put          app_fifo.o
    0x0001e104   0x0001e104   0x00000034   Code   RO         4279    i.file_find_and_delete  fds.o
    0x0001e138   0x0001e138   0x0000000c   Code   RO         1846    i.file_id_to_peer_id  peer_data_storage.o
    0x0001e144   0x0001e144   0x0000001c   Code   RO         1847    i.file_id_within_pm_range  peer_data_storage.o
    0x0001e160   0x0001e160   0x00000010   Code   RO         4280    i.flag_clear        fds.o
    0x0001e170   0x0001e170   0x00000012   Code   RO         2642    i.flag_id_init      security_dispatcher.o
    0x0001e182   0x0001e182   0x00000012   Code   RO         2783    i.flag_id_init      security_manager.o
    0x0001e194   0x0001e194   0x00000018   Code   RO         4281    i.flag_is_set       fds.o
    0x0001e1ac   0x0001e1ac   0x00000010   Code   RO         4282    i.flag_set          fds.o
    0x0001e1bc   0x0001e1bc   0x00000036   Code   RO          790    i.flags_encode      ble_advdata.o
    0x0001e1f2   0x0001e1f2   0x00000002   PAD
    0x0001e1f4   0x0001e1f4   0x0000009c   Code   RO         2784    i.flags_set_from_err_code  security_manager.o
    0x0001e290   0x0001e290   0x00000016   Code   RO          899    i.flash_access_in_progress  ble_advertising.o
    0x0001e2a6   0x0001e2a6   0x00000002   PAD
    0x0001e2a8   0x0001e2a8   0x00000024   Code   RO         1249    i.flash_callback    ble_dfu.o
    0x0001e2cc   0x0001e2cc   0x0000008c   Code   RO         4675    i.fs_erase          fstorage.o
    0x0001e358   0x0001e358   0x0000000e   Code   RO         4283    i.fs_event_handler  fds.o
    0x0001e366   0x0001e366   0x00000002   PAD
    0x0001e368   0x0001e368   0x00000044   Code   RO          400    i.fs_evt_handler    nrf_dfu_flash_buttonless.o
    0x0001e3ac   0x0001e3ac   0x0000001c   Code   RO         4677    i.fs_flash_page_end_addr  fstorage.o
    0x0001e3c8   0x0001e3c8   0x000000c4   Code   RO         4678    i.fs_init           fstorage.o
    0x0001e48c   0x0001e48c   0x00000014   Code   RO         4680    i.fs_queue_is_full  fstorage.o
    0x0001e4a0   0x0001e4a0   0x00000018   Code   RO         4681    i.fs_queued_op_count_get  fstorage.o
    0x0001e4b8   0x0001e4b8   0x0000009c   Code   RO         4682    i.fs_store          fstorage.o
    0x0001e554   0x0001e554   0x00000070   Code   RO         4683    i.fs_sys_event_handler  fstorage.o
    0x0001e5c4   0x0001e5c4   0x00000080   Code   RO           14    i.gap_params_init   main.o
    0x0001e644   0x0001e644   0x00000074   Code   RO         4284    i.gc_execute        fds.o
    0x0001e6b8   0x0001e6b8   0x0000003c   Code   RO         4285    i.gc_init           fds.o
    0x0001e6f4   0x0001e6f4   0x00000028   Code   RO         4286    i.gc_next_page      fds.o
    0x0001e71c   0x0001e71c   0x00000044   Code   RO         4287    i.gc_page_erase     fds.o
    0x0001e760   0x0001e760   0x0000004c   Code   RO         4288    i.gc_page_next      fds.o
    0x0001e7ac   0x0001e7ac   0x00000040   Code   RO         4289    i.gc_record_copy    fds.o
    0x0001e7ec   0x0001e7ec   0x00000028   Code   RO         4290    i.gc_record_find_next  fds.o
    0x0001e814   0x0001e814   0x00000058   Code   RO         4291    i.gc_state_advance  fds.o
    0x0001e86c   0x0001e86c   0x0000002c   Code   RO         4292    i.gc_swap_erase     fds.o
    0x0001e898   0x0001e898   0x00000044   Code   RO         4293    i.gc_swap_pages     fds.o
    0x0001e8dc   0x0001e8dc   0x00000020   Code   RO         4294    i.gc_swap_promote   fds.o
    0x0001e8fc   0x0001e8fc   0x00000018   Code   RO         4295    i.gc_tag_new_swap   fds.o
    0x0001e914   0x0001e914   0x00000020   Code   RO         4296    i.gc_update_swap_offset  fds.o
    0x0001e934   0x0001e934   0x00000074   Code   RO         1402    i.gcm_ble_evt_handler  gatt_cache_manager.o
    0x0001e9a8   0x0001e9a8   0x00000078   Code   RO         1403    i.gcm_gscm_evt_handler  gatt_cache_manager.o
    0x0001ea20   0x0001ea20   0x00000034   Code   RO         1404    i.gcm_im_evt_handler  gatt_cache_manager.o
    0x0001ea54   0x0001ea54   0x00000068   Code   RO         1405    i.gcm_init          gatt_cache_manager.o
    0x0001eabc   0x0001eabc   0x0000004c   Code   RO         1406    i.gcm_local_database_has_changed  gatt_cache_manager.o
    0x0001eb08   0x0001eb08   0x00000018   Code   RO         1409    i.gcm_smd_evt_handler  gatt_cache_manager.o
    0x0001eb20   0x0001eb20   0x0000003c   Code   RO         1618    i.get_connection_by_conn_handle  id_manager.o
    0x0001eb5c   0x0001eb5c   0x00000034   Code   RO         1619    i.get_free_connection  id_manager.o
    0x0001eb90   0x0001eb90   0x0000001c   Code   RO         1529    i.gscm_db_change_notification_done  gatts_cache_manager.o
    0x0001ebac   0x0001ebac   0x00000014   Code   RO         1530    i.gscm_init         gatts_cache_manager.o
    0x0001ebc0   0x0001ebc0   0x0000001c   Code   RO         1531    i.gscm_local_database_has_changed  gatts_cache_manager.o
    0x0001ebdc   0x0001ebdc   0x0000009c   Code   RO         1532    i.gscm_local_db_cache_apply  gatts_cache_manager.o
    0x0001ec78   0x0001ec78   0x000000a0   Code   RO         1534    i.gscm_local_db_cache_update  gatts_cache_manager.o
    0x0001ed18   0x0001ed18   0x00000054   Code   RO         1535    i.gscm_pdb_evt_handler  gatts_cache_manager.o
    0x0001ed6c   0x0001ed6c   0x00000026   Code   RO         1536    i.gscm_service_changed_ind_needed  gatts_cache_manager.o
    0x0001ed92   0x0001ed92   0x00000002   PAD
    0x0001ed94   0x0001ed94   0x0000003c   Code   RO         1537    i.gscm_service_changed_ind_send  gatts_cache_manager.o
    0x0001edd0   0x0001edd0   0x0000001c   Code   RO         4297    i.header_is_valid   fds.o
    0x0001edec   0x0001edec   0x00000044   Code   RO         1620    i.im_address_resolve  id_manager.o
    0x0001ee30   0x0001ee30   0x00000030   Code   RO         1621    i.im_ble_addr_get   id_manager.o
    0x0001ee60   0x0001ee60   0x000000cc   Code   RO         1622    i.im_ble_evt_handler  id_manager.o
    0x0001ef2c   0x0001ef2c   0x00000030   Code   RO         1623    i.im_conn_handle_get  id_manager.o
    0x0001ef5c   0x0001ef5c   0x00000040   Code   RO         1627    i.im_init           id_manager.o
    0x0001ef9c   0x0001ef9c   0x00000046   Code   RO         1628    i.im_is_duplicate_bonding_data  id_manager.o
    0x0001efe2   0x0001efe2   0x00000026   Code   RO         1629    i.im_master_id_is_valid  id_manager.o
    0x0001f008   0x0001f008   0x00000034   Code   RO         1630    i.im_master_ids_compare  id_manager.o
    0x0001f03c   0x0001f03c   0x00000010   Code   RO         1631    i.im_new_peer_id    id_manager.o
    0x0001f04c   0x0001f04c   0x0000007a   Code   RO         1632    i.im_pdb_evt_handler  id_manager.o
    0x0001f0c6   0x0001f0c6   0x00000002   PAD
    0x0001f0c8   0x0001f0c8   0x00000030   Code   RO         1633    i.im_peer_free      id_manager.o
    0x0001f0f8   0x0001f0f8   0x00000028   Code   RO         1634    i.im_peer_id_get_by_conn_handle  id_manager.o
    0x0001f120   0x0001f120   0x00000048   Code   RO         1635    i.im_peer_id_get_by_master_id  id_manager.o
    0x0001f168   0x0001f168   0x0000010c   Code   RO         4298    i.init_execute      fds.o
    0x0001f274   0x0001f274   0x000000cc   Code   RO         5236    i.intern_softdevice_events_execute  softdevice_handler.o
    0x0001f340   0x0001f340   0x0000000c   Code   RO         1410    i.internal_state_reset  gatt_cache_manager.o
    0x0001f34c   0x0001f34c   0x00000018   Code   RO         1538    i.internal_state_reset  gatts_cache_manager.o
    0x0001f364   0x0001f364   0x00000028   Code   RO         1640    i.internal_state_reset  id_manager.o
    0x0001f38c   0x0001f38c   0x00000020   Code   RO         2009    i.internal_state_reset  peer_database.o
    0x0001f3ac   0x0001f3ac   0x0000000e   Code   RO         2185    i.internal_state_reset  peer_id.o
    0x0001f3ba   0x0001f3ba   0x00000002   PAD
    0x0001f3bc   0x0001f3bc   0x0000002c   Code   RO         2276    i.internal_state_reset  peer_manager.o
    0x0001f3e8   0x0001f3e8   0x00000024   Code   RO         1013    i.is_conn_params_ok  ble_conn_params.o
    0x0001f40c   0x0001f40c   0x00000038   Code   RO         5384    i.is_disabled_in_debug_needed  system_nrf51.o
    0x0001f444   0x0001f444   0x0000006c   Code   RO         5385    i.is_manual_peripheral_setup_needed  system_nrf51.o
    0x0001f4b0   0x0001f4b0   0x00000054   Code   RO         5386    i.is_peripheral_domain_setup_needed  system_nrf51.o
    0x0001f504   0x0001f504   0x0000001a   Code   RO         1641    i.is_valid_irk      id_manager.o
    0x0001f51e   0x0001f51e   0x00000012   Code   RO         4299    i.is_word_aligned   fds.o
    0x0001f530   0x0001f530   0x0000000e   Code   RO         2992    i.item_dequeue      nrf_drv_clock.o
    0x0001f53e   0x0001f53e   0x00000002   PAD
    0x0001f540   0x0001f540   0x000000d0   Code   RO         2785    i.link_secure       security_manager.o
    0x0001f610   0x0001f610   0x00000098   Code   RO         2643    i.link_secure_central  security_dispatcher.o
    0x0001f6a8   0x0001f6a8   0x000000f8   Code   RO         2644    i.link_secure_central_existing_peer  security_dispatcher.o
    0x0001f7a0   0x0001f7a0   0x00000084   Code   RO         2645    i.link_secure_central_new_peer  security_dispatcher.o
    0x0001f824   0x0001f824   0x0000005c   Code   RO         2646    i.link_secure_failure  security_dispatcher.o
    0x0001f880   0x0001f880   0x00000080   Code   RO         2786    i.link_secure_pending_process  security_manager.o
    0x0001f900   0x0001f900   0x00000012   Code   RO         2647    i.link_secure_peripheral  security_dispatcher.o
    0x0001f912   0x0001f912   0x00000002   PAD
    0x0001f914   0x0001f914   0x0000007c   Code   RO         3961    i.list_deletions_handler  app_timer.o
    0x0001f990   0x0001f990   0x000000f8   Code   RO         3962    i.list_insertions_handler  app_timer.o
    0x0001fa88   0x0001fa88   0x000000a0   Code   RO         1411    i.local_db_apply_in_evt  gatt_cache_manager.o
    0x0001fb28   0x0001fb28   0x000000b4   Code   RO         1412    i.local_db_update_in_evt  gatt_cache_manager.o
    0x0001fbdc   0x0001fbdc   0x00000036   Code   RO         2586    i.lock_by_mask      pm_mutex.o
    0x0001fc12   0x0001fc12   0x00000060   Code   RO           15    i.main              main.o
    0x0001fc72   0x0001fc72   0x00000078   Code   RO          791    i.manuf_specific_data_encode  ble_advdata.o
    0x0001fcea   0x0001fcea   0x000000c6   Code   RO          792    i.name_encode       ble_advdata.o
    0x0001fdb0   0x0001fdb0   0x0000006c   Code   RO         1642    i.new_connection    id_manager.o
    0x0001fe1c   0x0001fe1c   0x00000038   Code   RO         2186    i.next_id_get       peer_id.o
    0x0001fe54   0x0001fe54   0x00000018   Code   RO         3900    i.next_index        app_scheduler.o
    0x0001fe6c   0x0001fe6c   0x00000016   Code   RO         3228    i.nrf_bitmask_bit_is_set  nrf_drv_gpiote.o
    0x0001fe82   0x0001fe82   0x00000016   Code   RO         2996    i.nrf_clock_event_check  nrf_drv_clock.o
    0x0001fe98   0x0001fe98   0x0000000c   Code   RO         2997    i.nrf_clock_event_clear  nrf_drv_clock.o
    0x0001fea4   0x0001fea4   0x0000000c   Code   RO         2999    i.nrf_clock_int_disable  nrf_drv_clock.o
    0x0001feb0   0x0001feb0   0x00000040   Code   RO         3963    i.nrf_delay_us      app_timer.o
    0x0001fef0   0x0001fef0   0x0000006c   Code   RO          401    i.nrf_dfu_flash_erase  nrf_dfu_flash_buttonless.o
    0x0001ff5c   0x0001ff5c   0x00000010   Code   RO          403    i.nrf_dfu_flash_init  nrf_dfu_flash_buttonless.o
    0x0001ff6c   0x0001ff6c   0x00000068   Code   RO          404    i.nrf_dfu_flash_store  nrf_dfu_flash_buttonless.o
    0x0001ffd4   0x0001ffd4   0x00000014   Code   RO         2915    i.nrf_dfu_settings_calculate_crc  nrf_dfu_settings.o
    0x0001ffe8   0x0001ffe8   0x00000068   Code   RO         2916    i.nrf_dfu_settings_init  nrf_dfu_settings.o
    0x00020050   0x00020050   0x0000008c   Code   RO         2917    i.nrf_dfu_settings_write  nrf_dfu_settings.o
    0x000200dc   0x000200dc   0x00000070   Code   RO         3008    i.nrf_drv_clock_init  nrf_drv_clock.o
    0x0002014c   0x0002014c   0x00000034   Code   RO         3015    i.nrf_drv_clock_on_sd_enable  nrf_drv_clock.o
    0x00020180   0x00020180   0x0000000e   Code   RO         3016    i.nrf_drv_clock_on_soc_event  nrf_drv_clock.o
    0x0002018e   0x0002018e   0x00000002   PAD
    0x00020190   0x00020190   0x00000038   Code   RO         3188    i.nrf_drv_common_irq_enable  nrf_drv_common.o
    0x000201c8   0x000201c8   0x0000000a   Code   RO         3482    i.nrf_drv_get_IRQn  nrf_drv_uart.o
    0x000201d2   0x000201d2   0x00000002   PAD
    0x000201d4   0x000201d4   0x00000098   Code   RO         3484    i.nrf_drv_uart_init  nrf_drv_uart.o
    0x0002026c   0x0002026c   0x00000074   Code   RO         3485    i.nrf_drv_uart_rx   nrf_drv_uart.o
    0x000202e0   0x000202e0   0x00000030   Code   RO         3488    i.nrf_drv_uart_rx_enable  nrf_drv_uart.o
    0x00020310   0x00020310   0x000000d4   Code   RO         3489    i.nrf_drv_uart_rx_for_uart  nrf_drv_uart.o
    0x000203e4   0x000203e4   0x00000038   Code   RO         3490    i.nrf_drv_uart_tx   nrf_drv_uart.o
    0x0002041c   0x0002041c   0x00000098   Code   RO         3492    i.nrf_drv_uart_tx_for_uart  nrf_drv_uart.o
    0x000204b4   0x000204b4   0x00000020   Code   RO         3493    i.nrf_drv_uart_tx_in_progress  nrf_drv_uart.o
    0x000204d4   0x000204d4   0x0000002a   Code   RO         3495    i.nrf_gpio_cfg      nrf_drv_uart.o
    0x000204fe   0x000204fe   0x0000001a   Code   RO         3497    i.nrf_gpio_cfg_input  nrf_drv_uart.o
    0x00020518   0x00020518   0x00000018   Code   RO         3498    i.nrf_gpio_cfg_output  nrf_drv_uart.o
    0x00020530   0x00020530   0x00000040   Code   RO          604    i.nrf_gpio_cfg_sense_set  bsp.o
    0x00020570   0x00020570   0x00000040   Code   RO         3250    i.nrf_gpio_cfg_sense_set  nrf_drv_gpiote.o
    0x000205b0   0x000205b0   0x00000018   Code   RO         3499    i.nrf_gpio_pin_set  nrf_drv_uart.o
    0x000205c8   0x000205c8   0x00000040   Code   RO          491    i.nrf_gpio_pin_write  boards.o
    0x00020608   0x00020608   0x00000030   Code   RO         3254    i.nrf_gpio_ports_read  nrf_drv_gpiote.o
    0x00020638   0x00020638   0x0000000c   Code   RO         3255    i.nrf_gpiote_event_addr_get  nrf_drv_gpiote.o
    0x00020644   0x00020644   0x00000010   Code   RO         3256    i.nrf_gpiote_event_clear  nrf_drv_gpiote.o
    0x00020654   0x00020654   0x00000016   Code   RO         3257    i.nrf_gpiote_event_is_set  nrf_drv_gpiote.o
    0x0002066a   0x0002066a   0x00000014   Code   RO         3500    i.nrf_uart_errorsrc_get_and_clear  nrf_drv_uart.o
    0x0002067e   0x0002067e   0x00000010   Code   RO         3501    i.nrf_uart_event_check  nrf_drv_uart.o
    0x0002068e   0x0002068e   0x00000006   Code   RO         3502    i.nrf_uart_event_clear  nrf_drv_uart.o
    0x00020694   0x00020694   0x00000012   Code   RO         3503    i.nrf_uart_hwfc_pins_set  nrf_drv_uart.o
    0x000206a6   0x000206a6   0x0000000a   Code   RO         3504    i.nrf_uart_int_disable  nrf_drv_uart.o
    0x000206b0   0x000206b0   0x0000000a   Code   RO         3505    i.nrf_uart_int_enable  nrf_drv_uart.o
    0x000206ba   0x000206ba   0x00000018   Code   RO         3506    i.nrf_uart_int_enable_check  nrf_drv_uart.o
    0x000206d2   0x000206d2   0x00000006   Code   RO         3507    i.nrf_uart_task_trigger  nrf_drv_uart.o
    0x000206d8   0x000206d8   0x00000012   Code   RO         3508    i.nrf_uart_txrx_pins_set  nrf_drv_uart.o
    0x000206ea   0x000206ea   0x00000038   Code   RO           16    i.nus_data_handler  main.o
    0x00020722   0x00020722   0x00000036   Code   RO           17    i.on_adv_evt        main.o
    0x00020758   0x00020758   0x00000134   Code   RO           18    i.on_ble_evt        main.o
    0x0002088c   0x0002088c   0x00000030   Code   RO           19    i.on_conn_params_evt  main.o
    0x000208bc   0x000208bc   0x00000018   Code   RO         1014    i.on_conn_params_update  ble_conn_params.o
    0x000208d4   0x000208d4   0x0000003c   Code   RO         1015    i.on_connect        ble_conn_params.o
    0x00020910   0x00020910   0x00000006   Code   RO         1250    i.on_connect        ble_dfu.o
    0x00020916   0x00020916   0x00000006   Code   RO         4928    i.on_connect        ble_nus.o
    0x0002091c   0x0002091c   0x00000014   Code   RO          900    i.on_connected      ble_advertising.o
    0x00020930   0x00020930   0x0000007e   Code   RO         1251    i.on_ctrlpt_write   ble_dfu.o
    0x000209ae   0x000209ae   0x00000002   PAD
    0x000209b0   0x000209b0   0x00000044   Code   RO         1016    i.on_disconnect     ble_conn_params.o
    0x000209f4   0x000209f4   0x00000054   Code   RO         1252    i.on_disconnect     ble_dfu.o
    0x00020a48   0x00020a48   0x00000008   Code   RO         4929    i.on_disconnect     ble_nus.o
    0x00020a50   0x00020a50   0x00000040   Code   RO          901    i.on_disconnected   ble_advertising.o
    0x00020a90   0x00020a90   0x0000002c   Code   RO         4684    i.on_operation_failure  fstorage.o
    0x00020abc   0x00020abc   0x00000078   Code   RO         4685    i.on_operation_success  fstorage.o
    0x00020b34   0x00020b34   0x0000003e   Code   RO         1253    i.on_rw_authorize_req  ble_dfu.o
    0x00020b72   0x00020b72   0x00000002   PAD
    0x00020b74   0x00020b74   0x0000003c   Code   RO          902    i.on_timeout        ble_advertising.o
    0x00020bb0   0x00020bb0   0x00000054   Code   RO         1017    i.on_write          ble_conn_params.o
    0x00020c04   0x00020c04   0x00000046   Code   RO         1254    i.on_write          ble_dfu.o
    0x00020c4a   0x00020c4a   0x0000004a   Code   RO         4930    i.on_write          ble_nus.o
    0x00020c94   0x00020c94   0x00000098   Code   RO         4300    i.op_enqueue        fds.o
    0x00020d2c   0x00020d2c   0x00000040   Code   RO         4301    i.page_from_record  fds.o
    0x00020d6c   0x00020d6c   0x00000028   Code   RO         4302    i.page_has_space    fds.o
    0x00020d94   0x00020d94   0x00000030   Code   RO         4303    i.page_identify     fds.o
    0x00020dc4   0x00020dc4   0x0000001e   Code   RO         4304    i.page_is_erased    fds.o
    0x00020de2   0x00020de2   0x00000012   Code   RO         4305    i.page_offsets_update  fds.o
    0x00020df4   0x00020df4   0x00000070   Code   RO         4306    i.page_scan         fds.o
    0x00020e64   0x00020e64   0x00000020   Code   RO         4307    i.page_tag_write_data  fds.o
    0x00020e84   0x00020e84   0x00000024   Code   RO         4308    i.page_tag_write_swap  fds.o
    0x00020ea8   0x00020ea8   0x0000011c   Code   RO         4309    i.pages_init        fds.o
    0x00020fc4   0x00020fc4   0x00000080   Code   RO         2648    i.pairing_failure   security_dispatcher.o
    0x00021044   0x00021044   0x0000004c   Code   RO         2787    i.params_reply_pending_process  security_manager.o
    0x00021090   0x00021090   0x00000020   Code   RO         2011    i.pdb_evt_send      peer_database.o
    0x000210b0   0x000210b0   0x00000048   Code   RO         2012    i.pdb_init          peer_database.o
    0x000210f8   0x000210f8   0x0000000c   Code   RO         2014    i.pdb_next_deleted_peer_id_get  peer_database.o
    0x00021104   0x00021104   0x0000000c   Code   RO         2015    i.pdb_next_peer_id_get  peer_database.o
    0x00021110   0x00021110   0x000001bc   Code   RO         2016    i.pdb_pds_evt_handler  peer_database.o
    0x000212cc   0x000212cc   0x00000008   Code   RO         2017    i.pdb_peer_allocate  peer_database.o
    0x000212d4   0x000212d4   0x0000001c   Code   RO         2018    i.pdb_peer_data_load  peer_database.o
    0x000212f0   0x000212f0   0x00000016   Code   RO         2019    i.pdb_peer_data_ptr_get  peer_database.o
    0x00021306   0x00021306   0x0000005e   Code   RO         2020    i.pdb_peer_free     peer_database.o
    0x00021364   0x00021364   0x00000016   Code   RO         2021    i.pdb_raw_store     peer_database.o
    0x0002137a   0x0002137a   0x00000002   PAD
    0x0002137c   0x0002137c   0x00000148   Code   RO         2022    i.pdb_write_buf_get  peer_database.o
    0x000214c4   0x000214c4   0x00000038   Code   RO         2023    i.pdb_write_buf_release  peer_database.o
    0x000214fc   0x000214fc   0x00000110   Code   RO         2024    i.pdb_write_buf_store  peer_database.o
    0x0002160c   0x0002160c   0x0000007c   Code   RO         2025    i.pdb_write_buf_store_prepare  peer_database.o
    0x00021688   0x00021688   0x00000020   Code   RO         1848    i.pds_evt_send      peer_data_storage.o
    0x000216a8   0x000216a8   0x0000003c   Code   RO         1849    i.pds_init          peer_data_storage.o
    0x000216e4   0x000216e4   0x0000000c   Code   RO         1850    i.pds_next_deleted_peer_id_get  peer_data_storage.o
    0x000216f0   0x000216f0   0x0000000c   Code   RO         1851    i.pds_next_peer_id_get  peer_data_storage.o
    0x000216fc   0x000216fc   0x0000005c   Code   RO         1854    i.pds_peer_data_iterate  peer_data_storage.o
    0x00021758   0x00021758   0x00000010   Code   RO         1855    i.pds_peer_data_iterate_prepare  peer_data_storage.o
    0x00021768   0x00021768   0x0000008c   Code   RO         1856    i.pds_peer_data_read  peer_data_storage.o
    0x000217f4   0x000217f4   0x000000ca   Code   RO         1857    i.pds_peer_data_store  peer_data_storage.o
    0x000218be   0x000218be   0x00000002   PAD
    0x000218c0   0x000218c0   0x00000010   Code   RO         1858    i.pds_peer_id_allocate  peer_data_storage.o
    0x000218d0   0x000218d0   0x0000001e   Code   RO         1859    i.pds_peer_id_free  peer_data_storage.o
    0x000218ee   0x000218ee   0x0000000c   Code   RO         1860    i.pds_peer_id_is_allocated  peer_data_storage.o
    0x000218fa   0x000218fa   0x00000040   Code   RO         1861    i.pds_space_reserve  peer_data_storage.o
    0x0002193a   0x0002193a   0x00000016   Code   RO         1862    i.pds_space_reserve_cancel  peer_data_storage.o
    0x00021950   0x00021950   0x00000018   Code   RO         2026    i.peer_data_const_point_to_buffer  peer_database.o
    0x00021968   0x00021968   0x000000a0   Code   RO         1863    i.peer_data_delete  peer_data_storage.o
    0x00021a08   0x00021a08   0x00000042   Code   RO         1864    i.peer_data_find    peer_data_storage.o
    0x00021a4a   0x00021a4a   0x00000022   Code   RO         1865    i.peer_data_id_is_valid  peer_data_storage.o
    0x00021a6c   0x00021a6c   0x0000000c   Code   RO         1866    i.peer_data_id_to_record_key  peer_data_storage.o
    0x00021a78   0x00021a78   0x00000014   Code   RO         2027    i.peer_data_point_to_buffer  peer_database.o
    0x00021a8c   0x00021a8c   0x00000014   Code   RO         2187    i.peer_id_allocate  peer_id.o
    0x00021aa0   0x00021aa0   0x0000002c   Code   RO         2188    i.peer_id_delete    peer_id.o
    0x00021acc   0x00021acc   0x0000001c   Code   RO         2189    i.peer_id_free      peer_id.o
    0x00021ae8   0x00021ae8   0x00000014   Code   RO         2190    i.peer_id_get_next_deleted  peer_id.o
    0x00021afc   0x00021afc   0x0000003c   Code   RO         2191    i.peer_id_get_next_used  peer_id.o
    0x00021b38   0x00021b38   0x00000024   Code   RO         2192    i.peer_id_init      peer_id.o
    0x00021b5c   0x00021b5c   0x0000001c   Code   RO         2193    i.peer_id_is_allocated  peer_id.o
    0x00021b78   0x00021b78   0x0000001c   Code   RO         2194    i.peer_id_is_deleted  peer_id.o
    0x00021b94   0x00021b94   0x00000020   Code   RO         1643    i.peer_id_set       id_manager.o
    0x00021bb4   0x00021bb4   0x0000000c   Code   RO         1867    i.peer_id_to_file_id  peer_data_storage.o
    0x00021bc0   0x00021bc0   0x00000046   Code   RO         1868    i.peer_ids_load     peer_data_storage.o
    0x00021c06   0x00021c06   0x00000002   PAD
    0x00021c08   0x00021c08   0x00000104   Code   RO           20    i.peer_manager_init  main.o
    0x00021d0c   0x00021d0c   0x00000068   Code   RO         2548    i.pm_buffer_block_acquire  pm_buffer.o
    0x00021d74   0x00021d74   0x00000052   Code   RO         2549    i.pm_buffer_init    pm_buffer.o
    0x00021dc6   0x00021dc6   0x00000038   Code   RO         2550    i.pm_buffer_ptr_get  pm_buffer.o
    0x00021dfe   0x00021dfe   0x00000030   Code   RO         2551    i.pm_buffer_release  pm_buffer.o
    0x00021e2e   0x00021e2e   0x00000010   Code   RO         2278    i.pm_conn_sec_config_reply  peer_manager.o
    0x00021e3e   0x00021e3e   0x0000010a   Code   RO           21    i.pm_evt_handler    main.o
    0x00021f48   0x00021f48   0x000000b2   Code   RO         2282    i.pm_gcm_evt_handler  peer_manager.o
    0x00021ffa   0x00021ffa   0x00000002   PAD
    0x00021ffc   0x00021ffc   0x00000058   Code   RO         2285    i.pm_im_evt_handler  peer_manager.o
    0x00022054   0x00022054   0x000000b0   Code   RO         2286    i.pm_init           peer_manager.o
    0x00022104   0x00022104   0x0000001c   Code   RO         2288    i.pm_local_database_has_changed  peer_manager.o
    0x00022120   0x00022120   0x00000016   Code   RO         2587    i.pm_mutex_init     pm_mutex.o
    0x00022136   0x00022136   0x00000022   Code   RO         2588    i.pm_mutex_lock     pm_mutex.o
    0x00022158   0x00022158   0x00000034   Code   RO         2589    i.pm_mutex_lock_first_available  pm_mutex.o
    0x0002218c   0x0002218c   0x00000026   Code   RO         2590    i.pm_mutex_lock_status_get  pm_mutex.o
    0x000221b2   0x000221b2   0x0000003c   Code   RO         2591    i.pm_mutex_unlock   pm_mutex.o
    0x000221ee   0x000221ee   0x00000002   PAD
    0x000221f0   0x000221f0   0x0000002c   Code   RO         2290    i.pm_on_ble_evt     peer_manager.o
    0x0002221c   0x0002221c   0x000001c4   Code   RO         2291    i.pm_pdb_evt_handler  peer_manager.o
    0x000223e0   0x000223e0   0x00000020   Code   RO         2302    i.pm_peer_delete    peer_manager.o
    0x00022400   0x00022400   0x000000d0   Code   RO         2305    i.pm_peer_rank_highest  peer_manager.o
    0x000224d0   0x000224d0   0x000000d4   Code   RO         2306    i.pm_peer_ranks_get  peer_manager.o
    0x000225a4   0x000225a4   0x00000054   Code   RO         2307    i.pm_peers_delete   peer_manager.o
    0x000225f8   0x000225f8   0x00000044   Code   RO         2310    i.pm_register       peer_manager.o
    0x0002263c   0x0002263c   0x00000024   Code   RO         2312    i.pm_sec_params_set  peer_manager.o
    0x00022660   0x00022660   0x000001b4   Code   RO         2313    i.pm_sm_evt_handler  peer_manager.o
    0x00022814   0x00022814   0x0000001c   Code   RO           22    i.power_manage      main.o
    0x00022830   0x00022830   0x00000048   Code   RO         4310    i.queue_advance     fds.o
    0x00022878   0x00022878   0x00000038   Code   RO         4686    i.queue_advance     fstorage.o
    0x000228b0   0x000228b0   0x00000064   Code   RO         4687    i.queue_get_next_free  fstorage.o
    0x00022914   0x00022914   0x000000a8   Code   RO         4311    i.queue_process     fds.o
    0x000229bc   0x000229bc   0x00000070   Code   RO         4688    i.queue_process     fstorage.o
    0x00022a2c   0x00022a2c   0x0000001a   Code   RO         4312    i.queue_start       fds.o
    0x00022a46   0x00022a46   0x00000002   PAD
    0x00022a48   0x00022a48   0x00000030   Code   RO         4689    i.queue_start       fstorage.o
    0x00022a78   0x00022a78   0x0000002c   Code   RO         2316    i.rank_init         peer_manager.o
    0x00022aa4   0x00022aa4   0x0000004c   Code   RO         1110    i.record_activate   ble_conn_state.o
    0x00022af0   0x00022af0   0x00000090   Code   RO         4313    i.record_find       fds.o
    0x00022b80   0x00022b80   0x0000003c   Code   RO         4314    i.record_find_and_delete  fds.o
    0x00022bbc   0x00022bbc   0x00000080   Code   RO         4315    i.record_find_by_desc  fds.o
    0x00022c3c   0x00022c3c   0x00000064   Code   RO         4316    i.record_find_next  fds.o
    0x00022ca0   0x00022ca0   0x0000003c   Code   RO         4317    i.record_header_flag_dirty  fds.o
    0x00022cdc   0x00022cdc   0x0000002c   Code   RO         4318    i.record_header_write_begin  fds.o
    0x00022d08   0x00022d08   0x00000038   Code   RO         4319    i.record_header_write_finalize  fds.o
    0x00022d40   0x00022d40   0x0000003c   Code   RO         4320    i.record_header_write_id  fds.o
    0x00022d7c   0x00022d7c   0x00000014   Code   RO         4321    i.record_id_new     fds.o
    0x00022d90   0x00022d90   0x0000001c   Code   RO         1111    i.record_invalidate  ble_conn_state.o
    0x00022dac   0x00022dac   0x0000000c   Code   RO         1869    i.record_key_to_peer_data_id  peer_data_storage.o
    0x00022db8   0x00022db8   0x0000001c   Code   RO         1870    i.record_key_within_pm_range  peer_data_storage.o
    0x00022dd4   0x00022dd4   0x00000044   Code   RO         1112    i.record_purge_disconnected  ble_conn_state.o
    0x00022e18   0x00022e18   0x00000018   Code   RO         1113    i.record_set_disconnected  ble_conn_state.o
    0x00022e30   0x00022e30   0x00000054   Code   RO         4322    i.record_write_chunk  fds.o
    0x00022e84   0x00022e84   0x00000014   Code   RO         2196    i.release           peer_id.o
    0x00022e98   0x00022e98   0x00000040   Code   RO         1255    i.resp_send         ble_dfu.o
    0x00022ed8   0x00022ed8   0x0000000c   Code   RO         3964    i.rtc1_compare0_set  app_timer.o
    0x00022ee4   0x00022ee4   0x0000000c   Code   RO         3965    i.rtc1_counter_get  app_timer.o
    0x00022ef0   0x00022ef0   0x00000018   Code   RO         3966    i.rtc1_init         app_timer.o
    0x00022f08   0x00022f08   0x0000003c   Code   RO         3967    i.rtc1_start        app_timer.o
    0x00022f44   0x00022f44   0x00000058   Code   RO         3968    i.rtc1_stop         app_timer.o
    0x00022f9c   0x00022f9c   0x00000048   Code   RO         3510    i.rx_byte           nrf_drv_uart.o
    0x00022fe4   0x00022fe4   0x0000012c   Code   RO         1256    i.rx_char_add       ble_dfu.o
    0x00023110   0x00023110   0x00000124   Code   RO         4931    i.rx_char_add       ble_nus.o
    0x00023234   0x00023234   0x0000001c   Code   RO         3511    i.rx_done_event     nrf_drv_uart.o
    0x00023250   0x00023250   0x00000022   Code   RO         3512    i.rx_enable         nrf_drv_uart.o
    0x00023272   0x00023272   0x00000002   PAD
    0x00023274   0x00023274   0x000000ac   Code   RO         5238    i.sd_nvic_EnableIRQ  softdevice_handler.o
    0x00023320   0x00023320   0x0000000e   Code   RO         1413    i.sdk_mapped_flags_any_set  gatt_cache_manager.o
    0x0002332e   0x0002332e   0x0000000e   Code   RO         2788    i.sdk_mapped_flags_any_set  security_manager.o
    0x0002333c   0x0002333c   0x00000062   Code   RO         4840    i.sdk_mapped_flags_bulk_update_by_key  sdk_mapped_flags.o
    0x0002339e   0x0002339e   0x00000002   PAD
    0x000233a0   0x000233a0   0x00000028   Code   RO         4841    i.sdk_mapped_flags_first_key_index_get  sdk_mapped_flags.o
    0x000233c8   0x000233c8   0x00000014   Code   RO         4842    i.sdk_mapped_flags_get_by_index  sdk_mapped_flags.o
    0x000233dc   0x000233dc   0x0000002c   Code   RO         4843    i.sdk_mapped_flags_get_by_key  sdk_mapped_flags.o
    0x00023408   0x00023408   0x00000046   Code   RO         4844    i.sdk_mapped_flags_key_list_get  sdk_mapped_flags.o
    0x0002344e   0x0002344e   0x0000001a   Code   RO         4846    i.sdk_mapped_flags_update_by_key  sdk_mapped_flags.o
    0x00023468   0x00023468   0x000000dc   Code   RO         2649    i.sec_info_request_process  security_dispatcher.o
    0x00023544   0x00023544   0x0000001a   Code   RO         2650    i.sec_params_request_process  security_dispatcher.o
    0x0002355e   0x0002355e   0x00000108   Code   RO         2789    i.sec_params_verify  security_manager.o
    0x00023666   0x00023666   0x00000002   PAD
    0x00023668   0x00023668   0x00000060   Code   RO         2651    i.sec_proc_start    security_dispatcher.o
    0x000236c8   0x000236c8   0x00000030   Code   RO         2652    i.sec_request_process  security_dispatcher.o
    0x000236f8   0x000236f8   0x00000020   Code   RO         2653    i.sec_start_send    security_dispatcher.o
    0x00023718   0x00023718   0x0000001a   Code   RO         2790    i.send_config_req   security_manager.o
    0x00023732   0x00023732   0x0000005a   Code   RO         4690    i.send_event        fstorage.o
    0x0002378c   0x0002378c   0x00000070   Code   RO         1414    i.service_changed_pending_flags_check  gatt_cache_manager.o
    0x000237fc   0x000237fc   0x00000050   Code   RO         1539    i.service_changed_pending_set  gatts_cache_manager.o
    0x0002384c   0x0002384c   0x000000c0   Code   RO         1415    i.service_changed_send_in_evt  gatt_cache_manager.o
    0x0002390c   0x0002390c   0x00000096   Code   RO          793    i.service_data_encode  ble_advdata.o
    0x000239a2   0x000239a2   0x00000002   PAD
    0x000239a4   0x000239a4   0x00000064   Code   RO           23    i.services_init     main.o
    0x00023a08   0x00023a08   0x00000020   Code   RO          903    i.set_adv_mode_directed  ble_advertising.o
    0x00023a28   0x00023a28   0x0000002c   Code   RO          904    i.set_adv_mode_directed_slow  ble_advertising.o
    0x00023a54   0x00023a54   0x00000070   Code   RO          905    i.set_adv_mode_fast  ble_advertising.o
    0x00023ac4   0x00023ac4   0x00000070   Code   RO          906    i.set_adv_mode_slow  ble_advertising.o
    0x00023b34   0x00023b34   0x00000052   Code   RO           24    i.sleep_mode_enter  main.o
    0x00023b86   0x00023b86   0x00000002   PAD
    0x00023b88   0x00023b88   0x00000018   Code   RO         2791    i.sm_ble_evt_handler  security_manager.o
    0x00023ba0   0x00023ba0   0x00000024   Code   RO         2792    i.sm_conn_sec_config_reply  security_manager.o
    0x00023bc4   0x00023bc4   0x00000064   Code   RO         2793    i.sm_init           security_manager.o
    0x00023c28   0x00023c28   0x00000060   Code   RO         2796    i.sm_pdb_evt_handler  security_manager.o
    0x00023c88   0x00023c88   0x00000038   Code   RO         2798    i.sm_sec_params_set  security_manager.o
    0x00023cc0   0x00023cc0   0x000000a8   Code   RO         2799    i.sm_smd_evt_handler  security_manager.o
    0x00023d68   0x00023d68   0x00000058   Code   RO         2654    i.smd_ble_evt_handler  security_dispatcher.o
    0x00023dc0   0x00023dc0   0x0000004c   Code   RO         2655    i.smd_init          security_dispatcher.o
    0x00023e0c   0x00023e0c   0x00000038   Code   RO         2656    i.smd_link_secure   security_dispatcher.o
    0x00023e44   0x00023e44   0x00000130   Code   RO         2657    i.smd_params_reply  security_dispatcher.o
    0x00023f74   0x00023f74   0x00000094   Code   RO         2800    i.smd_params_reply_perform  security_manager.o
    0x00024008   0x00024008   0x00000034   Code   RO         2658    i.smd_pdb_evt_handler  security_dispatcher.o
    0x0002403c   0x0002403c   0x0000001c   Code   RO         5239    i.softdevice_ble_evt_handler_set  softdevice_handler.o
    0x00024058   0x00024058   0x00000028   Code   RO         5240    i.softdevice_enable  softdevice_handler.o
    0x00024080   0x00024080   0x0000002e   Code   RO         5241    i.softdevice_enable_get_default_config  softdevice_handler.o
    0x000240ae   0x000240ae   0x00000014   Code   RO         5242    i.softdevice_fault_handler  softdevice_handler.o
    0x000240c2   0x000240c2   0x00000002   PAD
    0x000240c4   0x000240c4   0x000000a8   Code   RO         5243    i.softdevice_handler_init  softdevice_handler.o
    0x0002416c   0x0002416c   0x0000000c   Code   RO         5244    i.softdevice_handler_is_enabled  softdevice_handler.o
    0x00024178   0x00024178   0x0000001c   Code   RO         5249    i.softdevice_sys_evt_handler_set  softdevice_handler.o
    0x00024194   0x00024194   0x00000010   Code   RO          794    i.srdata_check      ble_advdata.o
    0x000241a4   0x000241a4   0x00000032   Code   RO         4691    i.store_execute     fstorage.o
    0x000241d6   0x000241d6   0x00000012   Code   RO           25    i.sys_evt_dispatch  main.o
    0x000241e8   0x000241e8   0x0000000a   Code   RO         3969    i.ticks_diff_get    app_timer.o
    0x000241f2   0x000241f2   0x00000002   PAD
    0x000241f4   0x000241f4   0x0000003c   Code   RO         3970    i.timeout_handler_exec  app_timer.o
    0x00024230   0x00024230   0x00000058   Code   RO         3971    i.timer_list_handler  app_timer.o
    0x00024288   0x00024288   0x0000000a   Code   RO         3972    i.timer_list_handler_sched  app_timer.o
    0x00024292   0x00024292   0x00000002   PAD
    0x00024294   0x00024294   0x0000006c   Code   RO         3973    i.timer_list_insert  app_timer.o
    0x00024300   0x00024300   0x00000070   Code   RO         3974    i.timer_list_remove  app_timer.o
    0x00024370   0x00024370   0x0000005c   Code   RO         3975    i.timer_start_op_schedule  app_timer.o
    0x000243cc   0x000243cc   0x00000042   Code   RO         3976    i.timer_stop_op_schedule  app_timer.o
    0x0002440e   0x0002440e   0x00000002   PAD
    0x00024410   0x00024410   0x00000094   Code   RO         3977    i.timer_timeouts_check  app_timer.o
    0x000244a4   0x000244a4   0x0000000a   Code   RO         3978    i.timer_timeouts_check_sched  app_timer.o
    0x000244ae   0x000244ae   0x00000002   PAD
    0x000244b0   0x000244b0   0x00000030   Code   RO           26    i.timers_init       main.o
    0x000244e0   0x000244e0   0x0000002a   Code   RO         3513    i.tx_byte           nrf_drv_uart.o
    0x0002450a   0x0002450a   0x000000de   Code   RO         4932    i.tx_char_add       ble_nus.o
    0x000245e8   0x000245e8   0x00000022   Code   RO         3514    i.tx_done_event     nrf_drv_uart.o
    0x0002460a   0x0002460a   0x00000036   Code   RO          795    i.tx_power_level_encode  ble_advdata.o
    0x00024640   0x00024640   0x00000098   Code   RO           27    i.uart_event_handle  main.o
    0x000246d8   0x000246d8   0x000000dc   Code   RO         4989    i.uart_event_handler  app_uart_fifo.o
    0x000247b4   0x000247b4   0x0000005c   Code   RO           28    i.uart_init         main.o
    0x00024810   0x00024810   0x00000158   Code   RO         3515    i.uart_irq_handler  nrf_drv_uart.o
    0x00024968   0x00024968   0x0000000c   Code   RO         1342    i.uint16_decode     ble_srv_common.o
    0x00024974   0x00024974   0x00000012   Code   RO          796    i.uint16_encode     ble_advdata.o
    0x00024986   0x00024986   0x00000002   PAD
    0x00024988   0x00024988   0x0000005c   Code   RO         1416    i.update_pending_flags_check  gatt_cache_manager.o
    0x000249e4   0x000249e4   0x0000009c   Code   RO         1018    i.update_timeout_handler  ble_conn_params.o
    0x00024a80   0x00024a80   0x00000014   Code   RO         1114    i.user_flag_acquire  ble_conn_state.o
    0x00024a94   0x00024a94   0x0000001c   Code   RO         1115    i.user_flag_is_acquired  ble_conn_state.o
    0x00024ab0   0x00024ab0   0x00000038   Code   RO         3979    i.user_op_alloc     app_timer.o
    0x00024ae8   0x00024ae8   0x0000000c   Code   RO         3980    i.user_op_enque     app_timer.o
    0x00024af4   0x00024af4   0x0000004c   Code   RO          797    i.uuid_list_encode  ble_advdata.o
    0x00024b40   0x00024b40   0x000000e0   Code   RO          798    i.uuid_list_sized_encode  ble_advdata.o
    0x00024c20   0x00024c20   0x00000018   Code   RO         2918    i.wait_for_pending  nrf_dfu_settings.o
    0x00024c38   0x00024c38   0x00000012   Code   RO         2919    i.wait_for_queue    nrf_dfu_settings.o
    0x00024c4a   0x00024c4a   0x00000002   PAD
    0x00024c4c   0x00024c4c   0x0000001c   Code   RO          907    i.whitelist_has_entries  ble_advertising.o
    0x00024c68   0x00024c68   0x00000038   Code   RO         2028    i.write_buf_length_words_set  peer_database.o
    0x00024ca0   0x00024ca0   0x00000034   Code   RO         2029    i.write_buffer_record_find  peer_database.o
    0x00024cd4   0x00024cd4   0x0000002c   Code   RO         2030    i.write_buffer_record_find_next  peer_database.o
    0x00024d00   0x00024d00   0x00000010   Code   RO         2031    i.write_buffer_record_find_unused  peer_database.o
    0x00024d10   0x00024d10   0x00000028   Code   RO         2032    i.write_buffer_record_get  peer_database.o
    0x00024d38   0x00024d38   0x0000002e   Code   RO         2033    i.write_buffer_record_invalidate  peer_database.o
    0x00024d66   0x00024d66   0x00000002   PAD
    0x00024d68   0x00024d68   0x00000028   Code   RO         2034    i.write_buffer_record_release  peer_database.o
    0x00024d90   0x00024d90   0x00000110   Code   RO         4323    i.write_enqueue     fds.o
    0x00024ea0   0x00024ea0   0x000000c4   Code   RO         4324    i.write_execute     fds.o
    0x00024f64   0x00024f64   0x0000001c   Code   RO         4325    i.write_space_free  fds.o
    0x00024f80   0x00024f80   0x00000068   Code   RO         4326    i.write_space_reserve  fds.o
    0x00024fe8   0x00024fe8   0x0000001c   Data   RO           30    .constdata          main.o
    0x00025004   0x00025004   0x00000008   Data   RO          492    .constdata          boards.o
    0x0002500c   0x0002500c   0x0000002c   Data   RO          606    .constdata          bsp.o
    0x00025038   0x00025038   0x00000004   Data   RO         1020    .constdata          ble_conn_params.o
    0x0002503c   0x0002503c   0x00000010   Data   RO         1257    .constdata          ble_dfu.o
    0x0002504c   0x0002504c   0x00000018   Data   RO         1540    .constdata          gatts_cache_manager.o
    0x00025064   0x00025064   0x00000008   Data   RO         1646    .constdata          id_manager.o
    0x0002506c   0x0002506c   0x00000004   Data   RO         1871    .constdata          peer_data_storage.o
    0x00025070   0x00025070   0x00000014   Data   RO         2036    .constdata          peer_database.o
    0x00025084   0x00025084   0x00000010   Data   RO         2318    .constdata          peer_manager.o
    0x00025094   0x00025094   0x00000044   Data   RO         2660    .constdata          security_dispatcher.o
    0x000250d8   0x000250d8   0x00000004   Data   RO         2801    .constdata          security_manager.o
    0x000250dc   0x000250dc   0x00000047   Data   RO         3265    .constdata          nrf_drv_gpiote.o
    0x00025123   0x00025123   0x00000001   PAD
    0x00025124   0x00025124   0x00000014   Data   RO         4328    .constdata          fds.o
    0x00025138   0x00025138   0x00000010   Data   RO         4933    .constdata          ble_nus.o
    0x00025148   0x00025148   0x00000020   Data   RO         4991    .constdata          app_uart_fifo.o
    0x00025168   0x00025168   0x00000020   Data   RO         5462    Region$$Table       anon$$obj.o


    Execution Region RW_IRAM1 (Exec base: 0x20002008, Load base: 0x00025188, Size: 0x00001820, Max: 0x00006058, ABSOLUTE, COMPRESSED[0x0000003c])

    Exec Addr    Load Addr    Size         Type   Attr      Idx    E Section Name        Object

    0x20002008   COMPRESSED   0x00000007   Data   RW           31    .data               main.o
    0x2000200f   COMPRESSED   0x00000001   PAD
    0x20002010   COMPRESSED   0x00000004   Data   RW          406    .data               nrf_dfu_flash_buttonless.o
    0x20002014   COMPRESSED   0x00000015   Data   RW          607    .data               bsp.o
    0x20002029   COMPRESSED   0x00000003   PAD
    0x2000202c   COMPRESSED   0x00000008   Data   RW          705    .data               bsp_btn_ble.o
    0x20002034   COMPRESSED   0x00000030   Data   RW          909    .data               ble_advertising.o
    0x20002064   COMPRESSED   0x00000015   Data   RW         1021    .data               ble_conn_params.o
    0x20002079   COMPRESSED   0x00000003   PAD
    0x2000207c   COMPRESSED   0x00000004   Data   RW         1258    .data               ble_dfu.o
    0x20002080   COMPRESSED   0x00000009   Data   RW         1417    .data               gatt_cache_manager.o
    0x20002089   COMPRESSED   0x00000003   PAD
    0x2000208c   COMPRESSED   0x0000000a   Data   RW         1541    .data               gatts_cache_manager.o
    0x20002096   COMPRESSED   0x0000000a   Data   RW         1647    .data               id_manager.o
    0x200020a0   COMPRESSED   0x0000000c   Data   RW         1872    .data               peer_data_storage.o
    0x200020ac   COMPRESSED   0x00000009   Data   RW         2037    .data               peer_database.o
    0x200020b5   COMPRESSED   0x00000003   PAD
    0x200020b8   COMPRESSED   0x00000011   Data   RW         2319    .data               peer_manager.o
    0x200020c9   COMPRESSED   0x00000004   Data   RW         2661    .data               security_dispatcher.o
    0x200020cd   COMPRESSED   0x00000003   PAD
    0x200020d0   COMPRESSED   0x00000013   Data   RW         2802    .data               security_manager.o
    0x200020e3   COMPRESSED   0x00000001   PAD
    0x200020e4   COMPRESSED   0x00000008   Data   RW         2922    .data               nrf_dfu_settings.o
    0x200020ec   COMPRESSED   0x0000000e   Data   RW         3901    .data               app_scheduler.o
    0x200020fa   COMPRESSED   0x00000002   PAD
    0x200020fc   COMPRESSED   0x00000022   Data   RW         3981    .data               app_timer.o
    0x2000211e   COMPRESSED   0x00000002   PAD
    0x20002120   COMPRESSED   0x0000000c   Data   RW         4161    .data               app_util_platform.o
    0x2000212c   COMPRESSED   0x0000001a   Data   RW         4329    .data               fds.o
    0x20002146   COMPRESSED   0x00000002   Data   RW         4693    .data               fstorage.o
    0x20002148   COMPRESSED   0x0000000f   Data   RW         4992    .data               app_uart_fifo.o
    0x20002157   COMPRESSED   0x00000001   PAD
    0x20002158   COMPRESSED   0x00000018   Data   RW         5250    .data               softdevice_handler.o
    0x20002170   COMPRESSED   0x00000004   Data   RW         5387    .data               system_nrf51.o
    0x20002174   COMPRESSED   0x00000010   Data   RW          407    fs_data             nrf_dfu_flash_buttonless.o
    0x20002184   COMPRESSED   0x00000010   Data   RW         4330    fs_data             fds.o
    0x20002194        -       0x00000308   Zero   RW           29    .bss                main.o
    0x2000249c        -       0x0000006c   Zero   RW          605    .bss                bsp.o
    0x20002508        -       0x000001ac   Zero   RW          908    .bss                ble_advertising.o
    0x200026b4        -       0x0000003c   Zero   RW         1019    .bss                ble_conn_params.o
    0x200026f0        -       0x00000034   Zero   RW         1116    .bss                ble_conn_state.o
    0x20002724        -       0x00000070   Zero   RW         1645    .bss                id_manager.o
    0x20002794        -       0x00000330   Zero   RW         2035    .bss                peer_database.o
    0x20002ac4        -       0x00000040   Zero   RW         2197    .bss                peer_id.o
    0x20002b04        -       0x0000000c   Zero   RW         2317    .bss                peer_manager.o
    0x20002b10        -       0x00000040   Zero   RW         2659    .bss                security_dispatcher.o
    0x20002b50        -       0x000002b8   Zero   RW         2921    .bss                nrf_dfu_settings.o
    0x20002e08        -       0x00000014   Zero   RW         3018    .bss                nrf_drv_clock.o
    0x20002e1c        -       0x00000048   Zero   RW         3264    .bss                nrf_drv_gpiote.o
    0x20002e64        -       0x0000001c   Zero   RW         3516    .bss                nrf_drv_uart.o
    0x20002e80        -       0x0000011c   Zero   RW         4327    .bss                fds.o
    0x20002f9c        -       0x00000068   Zero   RW         4692    .bss                fstorage.o
    0x20003004        -       0x00000020   Zero   RW         4990    .bss                app_uart_fifo.o
    0x20003024   COMPRESSED   0x00000004   PAD
    0x20003028        -       0x00000800   Zero   RW         5373    STACK               arm_startup_nrf51.o



  Load Region LR$$.ARM.__AT_0x0003FC00 (Base: 0x0003fc00, Size: 0x00000000, Max: 0x00000400, ABSOLUTE)

    Execution Region ER$$.ARM.__AT_0x0003FC00 (Exec base: 0x0003fc00, Load base: 0x0003fc00, Size: 0x00000400, Max: 0x00000400, ABSOLUTE, UNINIT)

    Exec Addr    Load Addr    Size         Type   Attr      Idx    E Section Name        Object

    0x0003fc00        -       0x00000400   Zero   RW         2920    .ARM.__AT_0x0003FC00  nrf_dfu_settings.o


==============================================================================

Image component sizes


      Code (inc. data)   RO Data    RW Data    ZI Data      Debug   Object Name

        32          6          0          0          0       2277   app_error.o
        56          8          0          0          0        826   app_error_weak.o
       178          0          0          0          0       6094   app_fifo.o
       136         24          0         14          0      19276   app_scheduler.o
      2312        274          0         34          0      33543   app_timer.o
       618         92         32         15         32      11234   app_uart_fifo.o
       160         22          0         12          0       6978   app_util_platform.o
        56         18        192          0       2048        696   arm_startup_nrf51.o
      1874          4          0          0          0      34360   ble_advdata.o
      1586        234          0         48        428      14445   ble_advertising.o
       758        128          4         21         60       8008   ble_conn_params.o
       678         76          0          0         52      12274   ble_conn_state.o
      1062         34         16          4          0      16687   ble_dfu.o
       924          8         16          0          0       7506   ble_nus.o
        30          0          0          0          0      18098   ble_srv_common.o
       304         26          8          0          0      10817   boards.o
      1238         82         44         21        108      11324   bsp.o
       366         10          0          8          0       4770   bsp_btn_ble.o
        80          6          0          0          0       1536   crc32.o
      4926        486         20         42        284      56406   fds.o
      1342         94          0          2        104      15602   fstorage.o
      1414        120          0          9          0      19960   gatt_cache_manager.o
       710         84         24         10          0      10435   gatts_cache_manager.o
      1378        108          8         10        112      20875   id_manager.o
      2320        140         28          7        776     138863   main.o
       296         24          0         20          0       6705   nrf_dfu_flash_buttonless.o
       430         64          0          8       1720       8357   nrf_dfu_settings.o
       374         34          0          0         20      13724   nrf_drv_clock.o
       176         18          0          0          0       7940   nrf_drv_common.o
       844         34         71          0         72      24513   nrf_drv_gpiote.o
      1736         46          0          0         28      34794   nrf_drv_uart.o
      1480         70          4         12          0      20300   peer_data_storage.o
      1896         82         20          9        816      26148   peer_database.o
       430         62          0          0         64       9595   peer_id.o
      2186        218         16         17         12      19123   peer_manager.o
       290          0          0          0          0       4483   pm_buffer.o
       260          0          0          0          0       5501   pm_mutex.o
       298          4          0          0          0       6360   sdk_mapped_flags.o
      2232        148         68          4         64      23920   security_dispatcher.o
      1618        172          4         19          0      18272   security_manager.o
       846        116          0         24          0      23736   softdevice_handler.o
       348         38          0          4          0       2591   system_nrf51.o

    ----------------------------------------------------------------------
     40384       3214        608        396       6804     738952   Object Totals
         0          0         32          0          0          0   (incl. Generated)
       106          0          1         22          4          0   (incl. Padding)

    ----------------------------------------------------------------------

      Code (inc. data)   RO Data    RW Data    ZI Data      Debug   Library Member Name

        86          0          0          0          0          0   __dczerorl2.o
         0          0          0          0          0          0   entry.o
         0          0          0          0          0          0   entry10a.o
         0          0          0          0          0          0   entry11a.o
         8          4          0          0          0          0   entry2.o
         4          0          0          0          0          0   entry5.o
         0          0          0          0          0          0   entry7b.o
         0          0          0          0          0          0   entry8b.o
         8          4          0          0          0          0   entry9a.o
        30          0          0          0          0          0   handlers.o
        40          0          0          0          0         72   idiv.o
        36          8          0          0          0         68   init.o
        26          0          0          0          0         72   memcmp.o
        36          0          0          0          0         60   memcpya.o
        36          0          0          0          0        100   memseta.o
        44          0          0          0          0         72   uidiv.o

    ----------------------------------------------------------------------
       360         16          0          0          0        444   Library Totals
         6          0          0          0          0          0   (incl. Padding)

    ----------------------------------------------------------------------

      Code (inc. data)   RO Data    RW Data    ZI Data      Debug   Library Name

       354         16          0          0          0        444   mc_p.l

    ----------------------------------------------------------------------
       360         16          0          0          0        444   Library Totals

    ----------------------------------------------------------------------

==============================================================================


      Code (inc. data)   RO Data    RW Data    ZI Data      Debug   

     40744       3230        608        396       6804     716696   Grand Totals
     40744       3230        608         60       6804     716696   ELF Image Totals (compressed)
     40744       3230        608         60          0          0   ROM Totals

==============================================================================

    Total RO  Size (Code + RO Data)                41352 (  40.38kB)
    Total RW  Size (RW Data + ZI Data)              7200 (   7.03kB)
    Total ROM Size (Code + RO Data + RW Data)      41412 (  40.44kB)

==============================================================================

